Archive member included to satisfy reference by file (symbol)

../../../src/cli/libopenthread-cli-mtd.a(libopenthread_cli_mtd_a-cli_uart.o)
                              ot_cli_mtd-main.o (otCliUartInit)
../../../src/cli/libopenthread-cli-mtd.a(libopenthread_cli_mtd_a-cli.o)
                              ../../../src/cli/libopenthread-cli-mtd.a(libopenthread_cli_mtd_a-cli_uart.o) (ot::Cli::Interpreter::Interpreter(otInstance*))
../../../src/cli/libopenthread-cli-mtd.a(libopenthread_cli_mtd_a-cli_dataset.o)
                              ../../../src/cli/libopenthread-cli-mtd.a(libopenthread_cli_mtd_a-cli.o) (ot::Cli::Dataset::Process(otInstance*, int, char**, ot::Cli::Server&))
../../../src/core/libopenthread-mtd.a(libopenthread_mtd_a-dataset_api.o)
                              ../../../src/cli/libopenthread-cli-mtd.a(libopenthread_cli_mtd_a-cli_dataset.o) (otDatasetGetActive)
../../../src/core/libopenthread-mtd.a(libopenthread_mtd_a-icmp6_api.o)
                              ../../../src/cli/libopenthread-cli-mtd.a(libopenthread_cli_mtd_a-cli.o) (otIcmp6RegisterHandler)
../../../src/core/libopenthread-mtd.a(libopenthread_mtd_a-instance_api.o)
                              ot_cli_mtd-main.o (otInstanceInitSingle)
../../../src/core/libopenthread-mtd.a(libopenthread_mtd_a-ip6_api.o)
                              ../../../src/cli/libopenthread-cli-mtd.a(libopenthread_cli_mtd_a-cli.o) (otIp6SetEnabled)
../../../src/core/libopenthread-mtd.a(libopenthread_mtd_a-link_api.o)
                              ../../../src/cli/libopenthread-cli-mtd.a(libopenthread_cli_mtd_a-cli.o) (otLinkGetChannel)
../../../src/core/libopenthread-mtd.a(libopenthread_mtd_a-link_raw_api.o)
                              ../../../src/core/libopenthread-mtd.a(libopenthread_mtd_a-instance_api.o) (ot::LinkRaw::LinkRaw(otInstance&))
../../../src/core/libopenthread-mtd.a(libopenthread_mtd_a-message_api.o)
                              ../../../src/cli/libopenthread-cli-mtd.a(libopenthread_cli_mtd_a-cli.o) (otMessageFree)
../../../src/core/libopenthread-mtd.a(libopenthread_mtd_a-tasklet_api.o)
                              ot_cli_mtd-main.o (otTaskletsProcess)
../../../src/core/libopenthread-mtd.a(libopenthread_mtd_a-thread_api.o)
                              ../../../src/cli/libopenthread-cli-mtd.a(libopenthread_cli_mtd_a-cli.o) (otThreadGetChildTimeout)
../../../src/core/libopenthread-mtd.a(libopenthread_mtd_a-logging.o)
                              ../../../src/cli/libopenthread-cli-mtd.a(libopenthread_cli_mtd_a-cli.o) (otThreadErrorToString)
../../../src/core/libopenthread-mtd.a(libopenthread_mtd_a-message.o)
                              ../../../src/core/libopenthread-mtd.a(libopenthread_mtd_a-message_api.o) (ot::Message::Free())
../../../src/core/libopenthread-mtd.a(libopenthread_mtd_a-tasklet.o)
                              ../../../src/core/libopenthread-mtd.a(libopenthread_mtd_a-instance_api.o) (ot::TaskletScheduler::TaskletScheduler())
../../../src/core/libopenthread-mtd.a(libopenthread_mtd_a-timer.o)
                              ../../../src/cli/libopenthread-cli-mtd.a(libopenthread_cli_mtd_a-cli.o) (ot::TimerMilli::Stop())
../../../src/core/libopenthread-mtd.a(libopenthread_mtd_a-heap.o)
                              ../../../src/core/libopenthread-mtd.a(libopenthread_mtd_a-instance_api.o) (ot::Crypto::Heap::Heap())
../../../src/core/libopenthread-mtd.a(libopenthread_mtd_a-mbedtls.o)
                              ../../../src/core/libopenthread-mtd.a(libopenthread_mtd_a-instance_api.o) (ot::Crypto::MbedTls::MbedTls())
../../../src/core/libopenthread-mtd.a(libopenthread_mtd_a-mac.o)
                              ../../../src/core/libopenthread-mtd.a(libopenthread_mtd_a-link_api.o) (ot::Mac::Mac::IsActiveScanInProgress())
../../../src/core/libopenthread-mtd.a(libopenthread_mtd_a-mac_frame.o)
                              ../../../src/core/libopenthread-mtd.a(libopenthread_mtd_a-mac.o) (ot::Mac::Frame::ValidatePsdu())
../../../src/core/libopenthread-mtd.a(libopenthread_mtd_a-dataset_local.o)
                              ../../../src/core/libopenthread-mtd.a(libopenthread_mtd_a-dataset_api.o) (ot::MeshCoP::DatasetLocal::Get(otOperationalDataset&) const)
../../../src/core/libopenthread-mtd.a(libopenthread_mtd_a-dataset_manager.o)
                              ../../../src/core/libopenthread-mtd.a(libopenthread_mtd_a-link_api.o) (ot::MeshCoP::ActiveDatasetBase::Clear())
../../../src/core/libopenthread-mtd.a(libopenthread_mtd_a-timestamp.o)
                              ../../../src/core/libopenthread-mtd.a(libopenthread_mtd_a-dataset_local.o) (ot::MeshCoP::Timestamp::Compare(ot::MeshCoP::Timestamp const&) const)
../../../src/core/libopenthread-mtd.a(libopenthread_mtd_a-icmp6.o)
                              ../../../src/core/libopenthread-mtd.a(libopenthread_mtd_a-icmp6_api.o) (ot::Ip6::Icmp::RegisterHandler(ot::Ip6::IcmpHandler&))
../../../src/core/libopenthread-mtd.a(libopenthread_mtd_a-ip6.o)
[...]
Memory Configuration

Name             Origin             Length             Attributes
SFR              0x0000000000000000 0x0000000000000010
RAM              0x0000000000001100 0x0000000000002000
RAM_MIRROR       0x0000000000000200 0x0000000000000800
INFOMEM          0x0000000000001000 0x0000000000000100
INFOA            0x00000000000010c0 0x0000000000000040
INFOB            0x0000000000001080 0x0000000000000040
INFOC            0x0000000000001040 0x0000000000000040
INFOD            0x0000000000001000 0x0000000000000040
ROM              0x0000000000003100 0x000000000000cebe xr
HIROM            0x0000000000010000 0x0000000000009fff xr
BSLSIGNATURE     0x000000000000ffbe 0x0000000000000002
VECT1            0x000000000000ffc0 0x0000000000000002
VECT2            0x000000000000ffc2 0x0000000000000002
VECT3            0x000000000000ffc4 0x0000000000000002
VECT4            0x000000000000ffc6 0x0000000000000002
VECT5            0x000000000000ffc8 0x0000000000000002
VECT6            0x000000000000ffca 0x0000000000000002
VECT7            0x000000000000ffcc 0x0000000000000002
VECT8            0x000000000000ffce 0x0000000000000002
VECT9            0x000000000000ffd0 0x0000000000000002
VECT10           0x000000000000ffd2 0x0000000000000002
VECT11           0x000000000000ffd4 0x0000000000000002
VECT12           0x000000000000ffd6 0x0000000000000002
VECT13           0x000000000000ffd8 0x0000000000000002
VECT14           0x000000000000ffda 0x0000000000000002
VECT15           0x000000000000ffdc 0x0000000000000002
VECT16           0x000000000000ffde 0x0000000000000002
VECT17           0x000000000000ffe0 0x0000000000000002
VECT18           0x000000000000ffe2 0x0000000000000002
VECT19           0x000000000000ffe4 0x0000000000000002
VECT20           0x000000000000ffe6 0x0000000000000002
VECT21           0x000000000000ffe8 0x0000000000000002
VECT22           0x000000000000ffea 0x0000000000000002
VECT23           0x000000000000ffec 0x0000000000000002
VECT24           0x000000000000ffee 0x0000000000000002
VECT25           0x000000000000fff0 0x0000000000000002
VECT26           0x000000000000fff2 0x0000000000000002
VECT27           0x000000000000fff4 0x0000000000000002
VECT28           0x000000000000fff6 0x0000000000000002
VECT29           0x000000000000fff8 0x0000000000000002
VECT30           0x000000000000fffa 0x0000000000000002
VECT31           0x000000000000fffc 0x0000000000000002
RESETVEC         0x000000000000fffe 0x0000000000000002
*default*        0x0000000000000000 0xffffffffffffffff

Linker script and memory map

LOAD ot_cli_mtd-main.o
LOAD ../../../src/cli/libopenthread-cli-mtd.a
LOAD ../../../src/core/libopenthread-mtd.a
LOAD ../../../third_party/mbedtls/libmbedcrypto.a
LOAD ../../../examples/platforms/z1/libopenthread-z1.a
LOAD /usr/local/lib/gcc/msp430-elf/6.2.1/large/libgcc.a
START GROUP
LOAD /usr/local/lib/gcc/msp430-elf/6.2.1/large/libmul_16.a
LOAD /usr/msp430-elf/lib/large/libc.a
LOAD /usr/local/lib/gcc/msp430-elf/6.2.1/large/libgcc.a
LOAD /usr/msp430-elf/lib/large/libcrt.a
LOAD /usr/msp430-elf/lib/large/libnosys.a
END GROUP
LOAD /usr/local/lib/gcc/msp430-elf/6.2.1/large/libgcc.a

.bslsignature

__interrupt_vector_1
 *(__interrupt_vector_1)
 *(__interrupt_vector_reserved0)

__interrupt_vector_2
 *(__interrupt_vector_2)
 *(__interrupt_vector_reserved1)

__interrupt_vector_3
 *(__interrupt_vector_3)
 *(__interrupt_vector_reserved2)

__interrupt_vector_4
 *(__interrupt_vector_4)
 *(__interrupt_vector_reserved3)

__interrupt_vector_5
 *(__interrupt_vector_5)
 *(__interrupt_vector_reserved4)

__interrupt_vector_6
 *(__interrupt_vector_6)
 *(__interrupt_vector_reserved5)

__interrupt_vector_7
 *(__interrupt_vector_7)
 *(__interrupt_vector_reserved6)

__interrupt_vector_8
 *(__interrupt_vector_8)
 *(__interrupt_vector_reserved7)

__interrupt_vector_9
 *(__interrupt_vector_9)
 *(__interrupt_vector_reserved8)

__interrupt_vector_10
 *(__interrupt_vector_10)
 *(__interrupt_vector_reserved9)

__interrupt_vector_11
 *(__interrupt_vector_11)
 *(__interrupt_vector_reserved10)

__interrupt_vector_12
 *(__interrupt_vector_12)
 *(__interrupt_vector_reserved11)

__interrupt_vector_13
 *(__interrupt_vector_13)
 *(__interrupt_vector_reserved12)

__interrupt_vector_14
 *(__interrupt_vector_14)
 *(__interrupt_vector_reserved13)

__interrupt_vector_15
 *(__interrupt_vector_15)
 *(__interrupt_vector_dac12)

__interrupt_vector_16
 *(__interrupt_vector_16)
 *(__interrupt_vector_dma)

__interrupt_vector_17
 *(__interrupt_vector_17)
 *(__interrupt_vector_usciab1tx)

__interrupt_vector_18
 *(__interrupt_vector_18)
 *(__interrupt_vector_usciab1rx)

__interrupt_vector_19
 *(__interrupt_vector_19)
 *(__interrupt_vector_port1)

__interrupt_vector_20
 *(__interrupt_vector_20)
 *(__interrupt_vector_port2)

__interrupt_vector_21
 *(__interrupt_vector_21)
 *(__interrupt_vector_reserved20)

__interrupt_vector_22
 *(__interrupt_vector_22)
 *(__interrupt_vector_adc12)

__interrupt_vector_23
                0x000000000000ffec        0x2
 *(__interrupt_vector_23)
 __interrupt_vector_23
                0x000000000000ffec        0x2 ../../../examples/platforms/z1/libopenthread-z1.a(libopenthread_z1_a-uart.o)
 *(__interrupt_vector_usciab0tx)

__interrupt_vector_24
                0x000000000000ffee        0x2
 *(__interrupt_vector_24)
 __interrupt_vector_24
                0x000000000000ffee        0x2 ../../../examples/platforms/z1/libopenthread-z1.a(libopenthread_z1_a-uart.o)
 *(__interrupt_vector_usciab0rx)

__interrupt_vector_25
 *(__interrupt_vector_25)
 *(__interrupt_vector_timera1)

__interrupt_vector_26
 *(__interrupt_vector_26)
 *(__interrupt_vector_timera0)

__interrupt_vector_27
 *(__interrupt_vector_27)
 *(__interrupt_vector_wdt)

__interrupt_vector_28
 *(__interrupt_vector_28)
 *(__interrupt_vector_comparatora)

__interrupt_vector_29
 *(__interrupt_vector_29)
 *(__interrupt_vector_timerb1)

__interrupt_vector_30
 *(__interrupt_vector_30)
 *(__interrupt_vector_timerb0)

__interrupt_vector_31
 *(__interrupt_vector_31)
 *(__interrupt_vector_nmi)

__reset_vector
 *(__interrupt_vector_32)
 *(__interrupt_vector_reset)
 *(.resetvec)

.rodata         0x0000000000003100      0xede
                0x0000000000003100                . = ALIGN (0x2)
 *(.plt)
                0x0000000000003100                . = ALIGN (0x2)
 *(.lower.rodata.* .lower.rodata)
                0x0000000000003100                . = ALIGN (0x2)
 *(.rodata .rodata.* .gnu.linkonce.r.* .const .const:*)
 .rodata._ZTVN2ot3Cli4UartE
                0x0000000000003100       0x10 ../../../src/cli/libopenthread-cli-mtd.a(libopenthread_cli_mtd_a-cli_uart.o)
                0x0000000000003100                vtable for ot::Cli::Uart
 .rodata._ZN2ot3CliL4CRNLE
                0x0000000000003110        0x2 ../../../src/cli/libopenthread-cli-mtd.a(libopenthread_cli_mtd_a-cli_uart.o)
 .rodata._ZN2ot3CliL12sEraseStringE
                0x0000000000003112        0x3 ../../../src/cli/libopenthread-cli-mtd.a(libopenthread_cli_mtd_a-cli_uart.o)
 .rodata._ZN2ot3CliL14sCommandPromptE
                0x0000000000003115        0x2 ../../../src/cli/libopenthread-cli-mtd.a(libopenthread_cli_mtd_a-cli_uart.o)
 .rodata        0x0000000000003117      0x7b8 ../../../src/cli/libopenthread-cli-mtd.a(libopenthread_cli_mtd_a-cli.o)
 *fill*         0x00000000000038cf        0x1 
 .rodata._ZN2ot3Cli11Interpreter9sCommandsE
                0x00000000000038d0      0x198 ../../../src/cli/libopenthread-cli-mtd.a(libopenthread_cli_mtd_a-cli.o)
                0x00000000000038d0                ot::Cli::Interpreter::sCommands
 .rodata        0x0000000000003a68      0x110 ../../../src/cli/libopenthread-cli-mtd.a(libopenthread_cli_mtd_a-cli_dataset.o)
 .rodata._ZN2ot3Cli7Dataset9sCommandsE
                0x0000000000003b78       0x18 ../../../src/cli/libopenthread-cli-mtd.a(libopenthread_cli_mtd_a-cli_dataset.o)
                0x0000000000003b78                ot::Cli::Dataset::sCommands
 .rodata._ZZ18otGetVersionStringE8sVersion
                0x0000000000003b90       0x35 ../../../src/core/libopenthread-mtd.a(libopenthread_mtd_a-thread_api.o)
 .rodata        0x0000000000003bc5       0xae ../../../src/core/libopenthread-mtd.a(libopenthread_mtd_a-logging.o)
 *fill*         0x0000000000003c73        0x1 
 .rodata._ZN2ot19TimerMilliScheduler14sAlarmMilliApiE
                0x0000000000003c74        0xc ../../../src/core/libopenthread-mtd.a(libopenthread_mtd_a-timer.o)
                0x0000000000003c74                ot::TimerMilliScheduler::sAlarmMilliApi
 .rodata._ZN2ot3MacL16sNetworkNameInitE
                0x0000000000003c80        0xb ../../../src/core/libopenthread-mtd.a(libopenthread_mtd_a-mac.o)
 .rodata._ZN2ot3MacL18sExtendedPanidInitE
                0x0000000000003c8b        0x8 ../../../src/core/libopenthread-mtd.a(libopenthread_mtd_a-mac.o)
 .rodata._ZN2ot3MacL16sMode2ExtAddressE
                0x0000000000003c93        0x8 ../../../src/core/libopenthread-mtd.a(libopenthread_mtd_a-mac.o)
 .rodata._ZN2ot3MacL9sMode2KeyE
                0x0000000000003c9b       0x10 ../../../src/core/libopenthread-mtd.a(libopenthread_mtd_a-mac.o)
 .rodata        0x0000000000003cab       0x14 ../../../src/core/libopenthread-mtd.a(libopenthread_mtd_a-dataset_manager.o)
 *fill*         0x0000000000003cbf        0x1 
 .rodata._ZTVN2ot3Ip65NetifE
                0x0000000000003cc0       0x14 ../../../src/core/libopenthread-mtd.a(libopenthread_mtd_a-netif.o)
                0x0000000000003cc0                vtable for ot::Ip6::Netif
 .rodata._ZN2otL13kThreadStringE
                0x0000000000003cd4        0x6 ../../../src/core/libopenthread-mtd.a(libopenthread_mtd_a-key_manager.o)
 .rodata.CSWTCH.24
                0x0000000000003cda        0x3 ../../../src/core/libopenthread-mtd.a(libopenthread_mtd_a-link_quality.o)
 .rodata.CSWTCH.23
                0x0000000000003cdd        0x3 ../../../src/core/libopenthread-mtd.a(libopenthread_mtd_a-link_quality.o)
 .rodata._ZZN2ot3Mle3Mle16HandleLeaderDataERKNS_7MessageERKNS_3Ip611MessageInfoEE4tlvs
                0x0000000000003ce0        0x1 ../../../src/core/libopenthread-mtd.a(libopenthread_mtd_a-mle.o)
 *fill*         0x0000000000003ce1        0x1 
 .rodata._ZTVN2ot11ThreadNetifE
                0x0000000000003ce2       0x14 ../../../src/core/libopenthread-mtd.a(libopenthread_mtd_a-thread_netif.o)
                0x0000000000003ce2                vtable for ot::ThreadNetif
 .rodata._ZN2otL16kThreadMasterKeyE
                0x0000000000003cf6       0x10 ../../../src/core/libopenthread-mtd.a(libopenthread_mtd_a-thread_netif.o)
 .rodata._ZTVN2ot4Coap4CoapE
                0x0000000000003d06       0x10 ../../../src/core/libopenthread-mtd.a(libopenthread_mtd_a-coap.o)
                0x0000000000003d06                vtable for ot::Coap::Coap
 .rodata        0x0000000000003d16        0x5 ../../../src/core/libopenthread-mtd.a(libopenthread_mtd_a-announce_begin_server.o)
 .rodata        0x0000000000003d1b        0xa ../../../src/core/libopenthread-mtd.a(libopenthread_mtd_a-energy_scan_server.o)
 .rodata        0x0000000000003d25        0xa ../../../src/core/libopenthread-mtd.a(libopenthread_mtd_a-panid_query_server.o)
 .rodata        0x0000000000003d2f        0xe ../../../third_party/mbedtls/libmbedcrypto.a(libmbedcrypto_a-md_wrap.o)
 *fill*         0x0000000000003d3d        0x1 
 .rodata.mbedtls_sha256_info
                0x0000000000003d3e       0x2a ../../../third_party/mbedtls/libmbedcrypto.a(libmbedcrypto_a-md_wrap.o)
                0x0000000000003d3e                mbedtls_sha256_info
 .rodata.mbedtls_sha224_info
                0x0000000000003d68       0x2a ../../../third_party/mbedtls/libmbedcrypto.a(libmbedcrypto_a-md_wrap.o)
                0x0000000000003d68                mbedtls_sha224_info
 .rodata.sha256_padding
                0x0000000000003d92       0x40 ../../../third_party/mbedtls/libmbedcrypto.a(libmbedcrypto_a-sha256.o)
 .rodata.K      0x0000000000003dd2      0x100 ../../../third_party/mbedtls/libmbedcrypto.a(libmbedcrypto_a-sha256.o)
 .rodata        0x0000000000003ed2        0xb /usr/msp430-elf/lib/large/libc.a(lib_a-locale.o)
 .rodata._ctype_
                0x0000000000003edd      0x101 /usr/msp430-elf/lib/large/libc.a(lib_a-ctype_.o)
                0x0000000000003edd                _ctype_
 *(.rodata1)
 *(.gcc_except_table)
 *(.gcc_except_table.*)
                [!provide]                        PROVIDE (__preinit_array_start, .)
 *(.preinit_array)
                [!provide]                        PROVIDE (__preinit_array_end, .)
                [!provide]                        PROVIDE (__init_array_start, .)
 *(SORT(.init_array.*))
 *(.init_array)
                [!provide]                        PROVIDE (__init_array_end, .)
                [!provide]                        PROVIDE (__fini_array_start, .)
 *(.fini_array)
 *(SORT(.fini_array.*))
                [!provide]                        PROVIDE (__fini_array_end, .)

.rodata2        0x0000000000003fe0       0x48
                0x0000000000003fe0                . = ALIGN (0x2)
 *(.eh_frame_hdr)
 *(.eh_frame)
 .eh_frame      0x0000000000003fe0       0x48 /usr/local/lib/gcc/msp430-elf/6.2.1/large/libgcc.a(_udivdi3.o)
 *crtbegin*.o(.ctors)
 *(EXCLUDE_FILE(*crtend*.o) .ctors)
 *(SORT(.ctors.*))
 *(.ctors)
 *crtbegin*.o(.dtors)
 *(EXCLUDE_FILE(*crtend*.o) .dtors)
 *(SORT(.dtors.*))
 *(.dtors)

.upper.rodata
 *(.upper.rodata.* .upper.rodata)

.data           0x0000000000001100      0x1cc load address 0x0000000000004028
                0x0000000000001100                . = ALIGN (0x2)
                0x0000000000001100                PROVIDE (__datastart, .)
 *(.lower.data.* .lower.data)
                0x0000000000001100                . = ALIGN (0x2)
 *(.either.data.* .either.data)
                0x0000000000001100                . = ALIGN (0x2)
 *(.jcr)
 *(.data.rel.ro.local)
 *(.data.rel.ro*)
 *(.dynamic)
                0x0000000000001100                . = ALIGN (0x2)
 *(.data .data.* .gnu.linkonce.d.*)
 .data          0x0000000000001100        0x4 ../../../src/core/libopenthread-mtd.a(libopenthread_mtd_a-mac.o)
 .data          0x0000000000001104        0x3 ../../../src/core/libopenthread-mtd.a(libopenthread_mtd_a-mle.o)
 *fill*         0x0000000000001107        0x1 
 .data.mbedtls_free
                0x0000000000001108        0x4 ../../../third_party/mbedtls/libmbedcrypto.a(libmbedcrypto_a-platform.o)
                0x0000000000001108                mbedtls_free
 .data.mbedtls_calloc
                0x000000000000110c        0x4 ../../../third_party/mbedtls/libmbedcrypto.a(libmbedcrypto_a-platform.o)
                0x000000000000110c                mbedtls_calloc
 .data._impure_ptr
                0x0000000000001110        0x4 /usr/msp430-elf/lib/large/libc.a(lib_a-impure.o)
                0x0000000000001110                _impure_ptr
 .data.impure_data
                0x0000000000001114       0x52 /usr/msp430-elf/lib/large/libc.a(lib_a-impure.o)
 .data.__global_locale
                0x0000000000001166      0x166 /usr/msp430-elf/lib/large/libc.a(lib_a-locale.o)
                0x0000000000001166                __global_locale
 *(.gnu.linkonce.d.*personality*)
 *(.data1)
 *(.got.plt)
 *(.got)
                0x00000000000012cc                . = ALIGN (0x2)
 *(.sdata .sdata.* .gnu.linkonce.s.* D_2 D_1)
                0x00000000000012cc                . = ALIGN (0x2)
                0x00000000000012cc                _edata = .
                [!provide]                        PROVIDE (edata, .)
                [!provide]                        PROVIDE (__dataend, .)
                0x0000000000004028                PROVIDE (__romdatastart, LOADADDR (.data))
                0x00000000000001cc                PROVIDE (__romdatacopysize, SIZEOF (.data))

.bss            0x00000000000012cc     0x17dc load address 0x00000000000041f4
                0x00000000000012cc                . = ALIGN (0x2)
                0x00000000000012cc                PROVIDE (__bssstart, .)
 *(.lower.bss.* .lower.bss)
                0x00000000000012cc                . = ALIGN (0x2)
 *(.either.bss.* .either.bss)
 *(.dynbss)
 *(.sbss .sbss.*)
 *(.bss .bss.* .gnu.linkonce.b.*)
 .bss._ZN2ot3CliL11sCliUartRawE
                0x00000000000012cc      0x6b8 ../../../src/cli/libopenthread-cli-mtd.a(libopenthread_cli_mtd_a-cli_uart.o)
 .bss._ZN2ot3Cli4Uart11sUartServerE
                0x0000000000001984        0x4 ../../../src/cli/libopenthread-cli-mtd.a(libopenthread_cli_mtd_a-cli_uart.o)
                0x0000000000001984                ot::Cli::Uart::sUartServer
 .bss._ZN2ot3Cli7Dataset8sDatasetE
                0x0000000000001988       0x64 ../../../src/cli/libopenthread-cli-mtd.a(libopenthread_cli_mtd_a-cli_dataset.o)
                0x0000000000001988                ot::Cli::Dataset::sDataset
 .bss._ZN2ot3Cli7Dataset7sServerE
                0x00000000000019ec        0x4 ../../../src/cli/libopenthread-cli-mtd.a(libopenthread_cli_mtd_a-cli_dataset.o)
                0x00000000000019ec                ot::Cli::Dataset::sServer
 .bss.sInstance
                0x00000000000019f0        0x4 ../../../src/core/libopenthread-mtd.a(libopenthread_mtd_a-instance_api.o)
                0x00000000000019f0                sInstance
 .bss._ZL12sInstanceRaw
                0x00000000000019f4     0x1010 ../../../src/core/libopenthread-mtd.a(libopenthread_mtd_a-instance_api.o)
 .bss.rxBuffer  0x0000000000002a04       0x84 ../../../examples/platforms/z1/libopenthread-z1.a(libopenthread_z1_a-uart.o)
 .bss.txDone    0x0000000000002a88        0x1 ../../../examples/platforms/z1/libopenthread-z1.a(libopenthread_z1_a-uart.o)
 *fill*         0x0000000000002a89        0x1 
 .bss.txBufferLength
                0x0000000000002a8a        0x2 ../../../examples/platforms/z1/libopenthread-z1.a(libopenthread_z1_a-uart.o)
 .bss.txBuffer  0x0000000000002a8c        0x4 ../../../examples/platforms/z1/libopenthread-z1.a(libopenthread_z1_a-uart.o)
 .bss._ZL17sSettingsUsedSize
                0x0000000000002a90        0x4 ../../../examples/platforms/z1/libopenthread-z1.a(libopenthread_platform_utils_a-settings.o)
 .bss._ZL20sSettingsBaseAddress
                0x0000000000002a94        0x4 ../../../examples/platforms/z1/libopenthread-z1.a(libopenthread_platform_utils_a-settings.o)
                0x0000000000002a98                . = ALIGN (0x2)
 *(COMMON)
 COMMON         0x0000000000002a98       0x10 ../../../examples/platforms/z1/libopenthread-z1.a(libopenthread_z1_a-radio.o)
                0x0000000000002a98                otRadioTXBuff
                [!provide]                        PROVIDE (__bssend, .)
                0x00000000000017dc                PROVIDE (__bsssize, SIZEOF (.bss))

.noinit         0x0000000000002aa8        0x0 load address 0x00000000000041f4
                0x0000000000002aa8                . = ALIGN (0x2)
                [!provide]                        PROVIDE (__noinit_start, .)
 *(.noinit)
                0x0000000000002aa8                . = ALIGN (0x2)
                [!provide]                        PROVIDE (__noinit_end, .)

.heap           0x0000000000002aa8        0x4 load address 0x00000000000041f4
                0x0000000000002aa8                . = ALIGN (0x2)
                0x0000000000002aa8                __heap_start__ = .
                0x0000000000002aa8                _end = __heap_start__
                [!provide]                        PROVIDE (end, .)
 *(.heap)
                0x0000000000002aa8                _end = .
                [!provide]                        PROVIDE (end, .)
                0x0000000000002aa8        0x4 LONG 0x0
                0x0000000000002aac                __heap_end__ = .
                0x0000000000002aac                __HeapLimit = __heap_end__

.stack          0x0000000000003100        0x0
                [!provide]                        PROVIDE (__stack, .)
 *(.stack)

.lowtext        0x00000000000041f4       0x9e
                0x00000000000041f4                PROVIDE (_start, .)
                0x00000000000041f4                . = ALIGN (0x2)
 *(SORT(.crt_*))
 .crt_0100init_bss
                0x00000000000041f4       0x10 /usr/msp430-elf/lib/large/libcrt.a(crt_bss.o)
                0x00000000000041f4                __crt0_init_bss
 .crt_0300movedata
                0x0000000000004204       0x14 /usr/msp430-elf/lib/large/libcrt.a(crt_movedata.o)
                0x0000000000004204                __crt0_movedata
 *(.lowtext)
 .lowtext       0x0000000000004218       0x7a ../../../examples/platforms/z1/libopenthread-z1.a(libopenthread_z1_a-uart.o)
                0x0000000000004218                tx_finished_isr
                0x000000000000425c                rx_finished_isr

.text           0x0000000000004292    0x17278
                0x0000000000004292                . = ALIGN (0x2)
 *(.text.startup.main)
 .text.startup.main
                0x0000000000004292       0x28 ot_cli_mtd-main.o
                0x0000000000004292                main
                0x00000000000042ba                . = ALIGN (0x2)
 *(.lower.text.* .lower.text)
                0x00000000000042ba                . = ALIGN (0x2)
 *(.text .stub .text.* .gnu.linkonce.t.* .text:*)
 .text.otTaskletsSignalPending
                0x00000000000042ba        0x2 ot_cli_mtd-main.o
                0x00000000000042ba                otTaskletsSignalPending
 .text._ZN2ot3Cli4Uart12OutputFormatEPKcz
                0x00000000000042bc       0x26 ../../../src/cli/libopenthread-cli-mtd.a(libopenthread_cli_mtd_a-cli_uart.o)
                0x00000000000042bc                ot::Cli::Uart::OutputFormat(char const*, ...)
 .text._ZN2ot3Cli4Uart4SendEv.part.1
                0x00000000000042e2       0x3a ../../../src/cli/libopenthread-cli-mtd.a(libopenthread_cli_mtd_a-cli_uart.o)
 .text._ZN2ot3Cli4UartC2EP10otInstance
                0x000000000000431c       0x2c ../../../src/cli/libopenthread-cli-mtd.a(libopenthread_cli_mtd_a-cli_uart.o)
                0x000000000000431c                ot::Cli::Uart::Uart(otInstance*)
                0x000000000000431c                ot::Cli::Uart::Uart(otInstance*)
 .text.otCliUartInit
                0x0000000000004348       0x16 ../../../src/cli/libopenthread-cli-mtd.a(libopenthread_cli_mtd_a-cli_uart.o)
                0x0000000000004348                otCliUartInit
 .text._ZN2ot3Cli4Uart14ProcessCommandEv
                0x000000000000435e       0x64 ../../../src/cli/libopenthread-cli-mtd.a(libopenthread_cli_mtd_a-cli_uart.o)
                0x000000000000435e                ot::Cli::Uart::ProcessCommand()
 .text._ZN2ot3Cli4Uart11ReceiveTaskEPKht
                0x00000000000043c2       0xda ../../../src/cli/libopenthread-cli-mtd.a(libopenthread_cli_mtd_a-cli_uart.o)
                0x00000000000043c2                ot::Cli::Uart::ReceiveTask(unsigned char const*, unsigned short)
 .text.otPlatUartReceived
                0x000000000000449c        0xe ../../../src/cli/libopenthread-cli-mtd.a(libopenthread_cli_mtd_a-cli_uart.o)
                0x000000000000449c                otPlatUartReceived
 .text._ZN2ot3Cli4Uart4SendEv
                0x00000000000044aa        0xc ../../../src/cli/libopenthread-cli-mtd.a(libopenthread_cli_mtd_a-cli_uart.o)
                0x00000000000044aa                ot::Cli::Uart::Send()
 .text._ZN2ot3Cli4Uart6OutputEPKct
                0x00000000000044b6       0x48 ../../../src/cli/libopenthread-cli-mtd.a(libopenthread_cli_mtd_a-cli_uart.o)
                0x00000000000044b6                ot::Cli::Uart::Output(char const*, unsigned short)
 .text._ZN2ot3Cli4Uart12SendDoneTaskEv
                0x00000000000044fe       0x20 ../../../src/cli/libopenthread-cli-mtd.a(libopenthread_cli_mtd_a-cli_uart.o)
                0x00000000000044fe                ot::Cli::Uart::SendDoneTask()
 .text.otPlatUartSendDone
                0x000000000000451e        0xa ../../../src/cli/libopenthread-cli-mtd.a(libopenthread_cli_mtd_a-cli_uart.o)
                0x000000000000451e                otPlatUartSendDone
 .text._ZN2ot3Cli11Interpreter11ProcessHelpEiPPc
                0x0000000000004528       0x3e ../../../src/cli/libopenthread-cli-mtd.a(libopenthread_cli_mtd_a-cli.o)
                0x0000000000004528                ot::Cli::Interpreter::ProcessHelp(int, char**)
 .text._ZN2ot3Cli11Interpreter19ProcessFactoryResetEiPPc
                0x0000000000004566        0xa ../../../src/cli/libopenthread-cli-mtd.a(libopenthread_cli_mtd_a-cli.o)
                0x0000000000004566                ot::Cli::Interpreter::ProcessFactoryReset(int, char**)
 .text._ZN2ot3Cli11Interpreter12ProcessResetEiPPc
                0x0000000000004570        0xa ../../../src/cli/libopenthread-cli-mtd.a(libopenthread_cli_mtd_a-cli.o)
                0x0000000000004570                ot::Cli::Interpreter::ProcessReset(int, char**)
 .text._ZN2ot3Cli11Interpreter13ProcessRloc16EiPPc
                0x000000000000457a       0x4a ../../../src/cli/libopenthread-cli-mtd.a(libopenthread_cli_mtd_a-cli.o)
                0x000000000000457a                ot::Cli::Interpreter::ProcessRloc16(int, char**)
 .text._ZNK2ot3Cli11Interpreter12AppendResultE7otError.part.2
                0x00000000000045c4       0x1c ../../../src/cli/libopenthread-cli-mtd.a(libopenthread_cli_mtd_a-cli.o)
 .text._ZN2ot3Cli11Interpreter17ProcessBufferInfoEiPPc
                0x00000000000045e0      0x144 ../../../src/cli/libopenthread-cli-mtd.a(libopenthread_cli_mtd_a-cli.o)
                0x00000000000045e0                ot::Cli::Interpreter::ProcessBufferInfo(int, char**)
 .text._ZN2ot3Cli11Interpreter14ProcessVersionEiPPc
                0x0000000000004724       0x36 ../../../src/cli/libopenthread-cli-mtd.a(libopenthread_cli_mtd_a-cli.o)
                0x0000000000004724                ot::Cli::Interpreter::ProcessVersion(int, char**)
 .text._ZN2ot3Cli11Interpreter15ProcessCountersEiPPc
                0x000000000000475a      0x3da ../../../src/cli/libopenthread-cli-mtd.a(libopenthread_cli_mtd_a-cli.o)
                0x000000000000475a                ot::Cli::Interpreter::ProcessCounters(int, char**)
 .text._ZN2ot3Cli11Interpreter16ProcessSingletonEiPPc
                0x0000000000004b34       0x46 ../../../src/cli/libopenthread-cli-mtd.a(libopenthread_cli_mtd_a-cli.o)
                0x0000000000004b34                ot::Cli::Interpreter::ProcessSingleton(int, char**)
 .text._ZN2ot8Encoding6Swap32Em
                0x0000000000004b7a       0x44 ../../../src/cli/libopenthread-cli-mtd.a(libopenthread_cli_mtd_a-cli.o)
                0x0000000000004b7a                ot::Encoding::Swap32(unsigned long)
 .text._ZN2ot3Cli11InterpreterC2EP10otInstance
                0x0000000000004bbe       0x8a ../../../src/cli/libopenthread-cli-mtd.a(libopenthread_cli_mtd_a-cli.o)
                0x0000000000004bbe                ot::Cli::Interpreter::Interpreter(otInstance*)
                0x0000000000004bbe                ot::Cli::Interpreter::Interpreter(otInstance*)
 .text._ZN2ot3Cli11Interpreter7Hex2BinEPKcPht
                0x0000000000004c48       0xce ../../../src/cli/libopenthread-cli-mtd.a(libopenthread_cli_mtd_a-cli.o)
                0x0000000000004c48                ot::Cli::Interpreter::Hex2Bin(char const*, unsigned char*, unsigned short)
 .text._ZNK2ot3Cli11Interpreter12AppendResultE7otError
                0x0000000000004d16       0x46 ../../../src/cli/libopenthread-cli-mtd.a(libopenthread_cli_mtd_a-cli.o)
                0x0000000000004d16                ot::Cli::Interpreter::AppendResult(otError) const
 .text._ZN2ot3Cli11Interpreter16ProcessAutoStartEiPPc
                0x0000000000004d5c       0x96 ../../../src/cli/libopenthread-cli-mtd.a(libopenthread_cli_mtd_a-cli.o)
                0x0000000000004d5c                ot::Cli::Interpreter::ProcessAutoStart(int, char**)
 .text._ZN2ot3Cli11Interpreter14ProcessDatasetEiPPc
                0x0000000000004df2       0x1a ../../../src/cli/libopenthread-cli-mtd.a(libopenthread_cli_mtd_a-cli.o)
                0x0000000000004df2                ot::Cli::Interpreter::ProcessDataset(int, char**)
 .text._ZN2ot3Cli11Interpreter15ProcessIfconfigEiPPc
                0x0000000000004e0c       0x86 ../../../src/cli/libopenthread-cli-mtd.a(libopenthread_cli_mtd_a-cli.o)
                0x0000000000004e0c                ot::Cli::Interpreter::ProcessIfconfig(int, char**)
 .text._ZN2ot3Cli11Interpreter17ProcessLeaderDataEiPPc
                0x0000000000004e92       0xb2 ../../../src/cli/libopenthread-cli-mtd.a(libopenthread_cli_mtd_a-cli.o)
                0x0000000000004e92                ot::Cli::Interpreter::ProcessLeaderData(int, char**)
 .text._ZN2ot3Cli11Interpreter11ProcessModeEiPPc
                0x0000000000004f44      0x1c6 ../../../src/cli/libopenthread-cli-mtd.a(libopenthread_cli_mtd_a-cli.o)
                0x0000000000004f44                ot::Cli::Interpreter::ProcessMode(int, char**)
 .text._ZN2ot3Cli11Interpreter13ProcessParentEiPPc
                0x000000000000510a       0xea ../../../src/cli/libopenthread-cli-mtd.a(libopenthread_cli_mtd_a-cli.o)
                0x000000000000510a                ot::Cli::Interpreter::ProcessParent(int, char**)
 .text._ZN2ot3Cli11Interpreter18ProcessPromiscuousEiPPc
                0x00000000000051f4       0xac ../../../src/cli/libopenthread-cli-mtd.a(libopenthread_cli_mtd_a-cli.o)
                0x00000000000051f4                ot::Cli::Interpreter::ProcessPromiscuous(int, char**)
 .text._ZN2ot3Cli11Interpreter12ProcessStateEiPPc
                0x00000000000052a0       0xbc ../../../src/cli/libopenthread-cli-mtd.a(libopenthread_cli_mtd_a-cli.o)
                0x00000000000052a0                ot::Cli::Interpreter::ProcessState(int, char**)
 .text._ZN2ot3Cli11Interpreter13ProcessThreadEiPPc
                0x000000000000535c       0x54 ../../../src/cli/libopenthread-cli-mtd.a(libopenthread_cli_mtd_a-cli.o)
                0x000000000000535c                ot::Cli::Interpreter::ProcessThread(int, char**)
 .text._ZN2ot3Cli11Interpreter16ProcessMasterKeyEiPPc
                0x00000000000053b0       0x9e ../../../src/cli/libopenthread-cli-mtd.a(libopenthread_cli_mtd_a-cli.o)
                0x00000000000053b0                ot::Cli::Interpreter::ProcessMasterKey(int, char**)
 .text._ZN2ot3Cli11Interpreter18ProcessNetworkNameEiPPc
                0x000000000000544e       0x58 ../../../src/cli/libopenthread-cli-mtd.a(libopenthread_cli_mtd_a-cli.o)
                0x000000000000544e                ot::Cli::Interpreter::ProcessNetworkName(int, char**)
 .text._ZNK2ot3Cli11Interpreter11OutputBytesEPKhh
                0x00000000000054a6       0x3c ../../../src/cli/libopenthread-cli-mtd.a(libopenthread_cli_mtd_a-cli.o)
                0x00000000000054a6                ot::Cli::Interpreter::OutputBytes(unsigned char const*, unsigned char) const
 .text._ZN2ot3Cli11Interpreter12ProcessEui64EiPPc
                0x00000000000054e2       0x58 ../../../src/cli/libopenthread-cli-mtd.a(libopenthread_cli_mtd_a-cli.o)
                0x00000000000054e2                ot::Cli::Interpreter::ProcessEui64(int, char**)
 .text._ZN2ot3Cli11Interpreter21ProcessHashMacAddressEiPPc
                0x000000000000553a       0x58 ../../../src/cli/libopenthread-cli-mtd.a(libopenthread_cli_mtd_a-cli.o)
                0x000000000000553a                ot::Cli::Interpreter::ProcessHashMacAddress(int, char**)
 .text._ZN2ot3Cli11Interpreter17ProcessExtAddressEiPPc
                0x0000000000005592       0x76 ../../../src/cli/libopenthread-cli-mtd.a(libopenthread_cli_mtd_a-cli.o)
                0x0000000000005592                ot::Cli::Interpreter::ProcessExtAddress(int, char**)
 .text._ZN2ot3Cli11Interpreter15ProcessExtPanIdEiPPc
                0x0000000000005608       0x76 ../../../src/cli/libopenthread-cli-mtd.a(libopenthread_cli_mtd_a-cli.o)
                0x0000000000005608                ot::Cli::Interpreter::ProcessExtPanId(int, char**)
 .text._ZN2ot3Cli11Interpreter9ParseLongEPcRl
                0x000000000000567e       0x32 ../../../src/cli/libopenthread-cli-mtd.a(libopenthread_cli_mtd_a-cli.o)
                0x000000000000567e                ot::Cli::Interpreter::ParseLong(char*, long&)
 .text._ZN2ot3Cli11Interpreter14ProcessChannelEiPPc
                0x00000000000056b0       0x68 ../../../src/cli/libopenthread-cli-mtd.a(libopenthread_cli_mtd_a-cli.o)
                0x00000000000056b0                ot::Cli::Interpreter::ProcessChannel(int, char**)
 .text._ZN2ot3Cli11Interpreter19ProcessChildTimeoutEiPPc
                0x0000000000005718       0x6c ../../../src/cli/libopenthread-cli-mtd.a(libopenthread_cli_mtd_a-cli.o)
                0x0000000000005718                ot::Cli::Interpreter::ProcessChildTimeout(int, char**)
 .text._ZN2ot3Cli11Interpreter15ProcessDiscoverEiPPc
                0x0000000000005784       0x92 ../../../src/cli/libopenthread-cli-mtd.a(libopenthread_cli_mtd_a-cli.o)
                0x0000000000005784                ot::Cli::Interpreter::ProcessDiscover(int, char**)
 .text._ZN2ot3Cli11Interpreter18ProcessKeySequenceEiPPc
                0x0000000000005816       0xea ../../../src/cli/libopenthread-cli-mtd.a(libopenthread_cli_mtd_a-cli.o)
                0x0000000000005816                ot::Cli::Interpreter::ProcessKeySequence(int, char**)
 .text._ZN2ot3Cli11Interpreter12ProcessPanIdEiPPc
                0x0000000000005900       0x64 ../../../src/cli/libopenthread-cli-mtd.a(libopenthread_cli_mtd_a-cli.o)
                0x0000000000005900                ot::Cli::Interpreter::ProcessPanId(int, char**)
 .text._ZN2ot3Cli11Interpreter17ProcessPollPeriodEiPPc
                0x0000000000005964       0xa6 ../../../src/cli/libopenthread-cli-mtd.a(libopenthread_cli_mtd_a-cli.o)
                0x0000000000005964                ot::Cli::Interpreter::ProcessPollPeriod(int, char**)
 .text._ZN2ot3Cli11Interpreter11ProcessScanEiPPc
                0x0000000000005a0a       0x8a ../../../src/cli/libopenthread-cli-mtd.a(libopenthread_cli_mtd_a-cli.o)
                0x0000000000005a0a                ot::Cli::Interpreter::ProcessScan(int, char**)
 .text._ZN2ot3Cli11Interpreter17ProcessTxPowerMaxEiPPc
                0x0000000000005a94       0x70 ../../../src/cli/libopenthread-cli-mtd.a(libopenthread_cli_mtd_a-cli.o)
                0x0000000000005a94                ot::Cli::Interpreter::ProcessTxPowerMax(int, char**)
 .text._ZN2ot3Cli11Interpreter16ProcessIpAddrAddEiPPc
                0x0000000000005b04       0x40 ../../../src/cli/libopenthread-cli-mtd.a(libopenthread_cli_mtd_a-cli.o)
                0x0000000000005b04                ot::Cli::Interpreter::ProcessIpAddrAdd(int, char**)
 .text._ZN2ot3Cli11Interpreter16ProcessIpAddrDelEiPPc
                0x0000000000005b44       0x34 ../../../src/cli/libopenthread-cli-mtd.a(libopenthread_cli_mtd_a-cli.o)
                0x0000000000005b44                ot::Cli::Interpreter::ProcessIpAddrDel(int, char**)
 .text._ZN2ot3Cli11Interpreter13ProcessIpAddrEiPPc
                0x0000000000005b78      0x138 ../../../src/cli/libopenthread-cli-mtd.a(libopenthread_cli_mtd_a-cli.o)
                0x0000000000005b78                ot::Cli::Interpreter::ProcessIpAddr(int, char**)
 .text._ZN2ot3Cli11Interpreter25ProcessIpMulticastAddrAddEiPPc
                0x0000000000005cb0       0x34 ../../../src/cli/libopenthread-cli-mtd.a(libopenthread_cli_mtd_a-cli.o)
                0x0000000000005cb0                ot::Cli::Interpreter::ProcessIpMulticastAddrAdd(int, char**)
 .text._ZN2ot3Cli11Interpreter25ProcessIpMulticastAddrDelEiPPc
                0x0000000000005ce4       0x34 ../../../src/cli/libopenthread-cli-mtd.a(libopenthread_cli_mtd_a-cli.o)
                0x0000000000005ce4                ot::Cli::Interpreter::ProcessIpMulticastAddrDel(int, char**)
 .text._ZN2ot3Cli11Interpreter27ProcessMulticastPromiscuousEiPPc
                0x0000000000005d18       0x96 ../../../src/cli/libopenthread-cli-mtd.a(libopenthread_cli_mtd_a-cli.o)
                0x0000000000005d18                ot::Cli::Interpreter::ProcessMulticastPromiscuous(int, char**)
 .text._ZN2ot3Cli11Interpreter22ProcessIpMulticastAddrEiPPc
                0x0000000000005dae      0x158 ../../../src/cli/libopenthread-cli-mtd.a(libopenthread_cli_mtd_a-cli.o)
                0x0000000000005dae                ot::Cli::Interpreter::ProcessIpMulticastAddr(int, char**)
 .text._ZN2ot3Cli11Interpreter17HandleIcmpReceiveERNS_7MessageERKNS_3Ip611MessageInfoERK13otIcmp6Header
                0x0000000000005f06      0x1ee ../../../src/cli/libopenthread-cli-mtd.a(libopenthread_cli_mtd_a-cli.o)
                0x0000000000005f06                ot::Cli::Interpreter::HandleIcmpReceive(ot::Message&, ot::Ip6::MessageInfo const&, otIcmp6Header const&)
 .text._ZN2ot3Cli11Interpreter19s_HandleIcmpReceiveEPvP9otMessagePK13otMessageInfoPK13otIcmp6Header
                0x00000000000060f4        0x6 ../../../src/cli/libopenthread-cli-mtd.a(libopenthread_cli_mtd_a-cli.o)
                0x00000000000060f4                ot::Cli::Interpreter::s_HandleIcmpReceive(void*, otMessage*, otMessageInfo const*, otIcmp6Header const*)
 .text._ZN2ot3Cli11Interpreter15HandlePingTimerEv
                0x00000000000060fa       0x9e ../../../src/cli/libopenthread-cli-mtd.a(libopenthread_cli_mtd_a-cli.o)
                0x00000000000060fa                ot::Cli::Interpreter::HandlePingTimer()
 .text._ZN2ot3Cli11Interpreter11ProcessPingEiPPc
                0x0000000000006198      0x13c ../../../src/cli/libopenthread-cli-mtd.a(libopenthread_cli_mtd_a-cli.o)
                0x0000000000006198                ot::Cli::Interpreter::ProcessPing(int, char**)
 .text._ZN2ot3Cli11Interpreter17s_HandlePingTimerERNS_5TimerE
                0x00000000000062d4        0xe ../../../src/cli/libopenthread-cli-mtd.a(libopenthread_cli_mtd_a-cli.o)
                0x00000000000062d4                ot::Cli::Interpreter::s_HandlePingTimer(ot::Timer&)
 .text._ZN2ot3Cli11Interpreter21HandleLinkPcapReceiveEPK12otRadioFrame
                0x00000000000062e2      0x1b6 ../../../src/cli/libopenthread-cli-mtd.a(libopenthread_cli_mtd_a-cli.o)
                0x00000000000062e2                ot::Cli::Interpreter::HandleLinkPcapReceive(otRadioFrame const*)
 .text._ZN2ot3Cli11Interpreter23s_HandleLinkPcapReceiveEPK12otRadioFramePv
                0x0000000000006498        0xc ../../../src/cli/libopenthread-cli-mtd.a(libopenthread_cli_mtd_a-cli.o)
                0x0000000000006498                ot::Cli::Interpreter::s_HandleLinkPcapReceive(otRadioFrame const*, void*)
 .text._ZN2ot3Cli11Interpreter22HandleActiveScanResultEP18otActiveScanResult
                0x00000000000064a4      0x114 ../../../src/cli/libopenthread-cli-mtd.a(libopenthread_cli_mtd_a-cli.o)
                0x00000000000064a4                ot::Cli::Interpreter::HandleActiveScanResult(otActiveScanResult*)
 .text._ZN2ot3Cli11Interpreter24s_HandleActiveScanResultEP18otActiveScanResultPv
                0x00000000000065b8        0xc ../../../src/cli/libopenthread-cli-mtd.a(libopenthread_cli_mtd_a-cli.o)
                0x00000000000065b8                ot::Cli::Interpreter::s_HandleActiveScanResult(otActiveScanResult*, void*)
 .text._ZN2ot3Cli11Interpreter11ProcessLineEPctRNS0_6ServerE
                0x00000000000065c4      0x18c ../../../src/cli/libopenthread-cli-mtd.a(libopenthread_cli_mtd_a-cli.o)
                0x00000000000065c4                ot::Cli::Interpreter::ProcessLine(char*, unsigned short, ot::Cli::Server&)
 .text._ZN2ot3Cli11Interpreter23HandleNetifStateChangedEm
                0x0000000000006750       0x38 ../../../src/cli/libopenthread-cli-mtd.a(libopenthread_cli_mtd_a-cli.o)
                0x0000000000006750                ot::Cli::Interpreter::HandleNetifStateChanged(unsigned long)
 .text._ZN2ot3Cli11Interpreter25s_HandleNetifStateChangedEmPv
                0x0000000000006788       0x12 ../../../src/cli/libopenthread-cli-mtd.a(libopenthread_cli_mtd_a-cli.o)
                0x0000000000006788                ot::Cli::Interpreter::s_HandleNetifStateChanged(unsigned long, void*)
 .text._ZN2ot3Cli7Dataset11ProcessHelpEP10otInstanceiPPc
                0x000000000000679a       0x3c ../../../src/cli/libopenthread-cli-mtd.a(libopenthread_cli_mtd_a-cli_dataset.o)
                0x000000000000679a                ot::Cli::Dataset::ProcessHelp(otInstance*, int, char**)
 .text._ZN2ot3Cli7Dataset11OutputBytesEPKhh
                0x00000000000067d6       0x3c ../../../src/cli/libopenthread-cli-mtd.a(libopenthread_cli_mtd_a-cli_dataset.o)
                0x00000000000067d6                ot::Cli::Dataset::OutputBytes(unsigned char const*, unsigned char)
 .text._ZN2ot3Cli7Dataset5PrintER20otOperationalDataset
                0x0000000000006812      0x33a ../../../src/cli/libopenthread-cli-mtd.a(libopenthread_cli_mtd_a-cli_dataset.o)
                0x0000000000006812                ot::Cli::Dataset::Print(otOperationalDataset&)
 .text._ZN2ot3Cli7Dataset13ProcessActiveEP10otInstanceiPPc
                0x0000000000006b4c       0x1a ../../../src/cli/libopenthread-cli-mtd.a(libopenthread_cli_mtd_a-cli_dataset.o)
                0x0000000000006b4c                ot::Cli::Dataset::ProcessActive(otInstance*, int, char**)
 .text._ZN2ot3Cli7Dataset14ProcessPendingEP10otInstanceiPPc
                0x0000000000006b66       0x1a ../../../src/cli/libopenthread-cli-mtd.a(libopenthread_cli_mtd_a-cli_dataset.o)
                0x0000000000006b66                ot::Cli::Dataset::ProcessPending(otInstance*, int, char**)
 .text._ZN2ot3Cli7Dataset7ProcessEP10otInstanceiPPcRNS0_6ServerE
                0x0000000000006b80       0x78 ../../../src/cli/libopenthread-cli-mtd.a(libopenthread_cli_mtd_a-cli_dataset.o)
                0x0000000000006b80                ot::Cli::Dataset::Process(otInstance*, int, char**, ot::Cli::Server&)
 .text.otDatasetGetActive
                0x0000000000006bf8       0x18 ../../../src/core/libopenthread-mtd.a(libopenthread_mtd_a-dataset_api.o)
                0x0000000000006bf8                otDatasetGetActive
 .text.otDatasetGetPending
                0x0000000000006c10       0x18 ../../../src/core/libopenthread-mtd.a(libopenthread_mtd_a-dataset_api.o)
                0x0000000000006c10                otDatasetGetPending
 .text.otIcmp6RegisterHandler
                0x0000000000006c28        0xa ../../../src/core/libopenthread-mtd.a(libopenthread_mtd_a-icmp6_api.o)
                0x0000000000006c28                otIcmp6RegisterHandler
 .text.otIcmp6SendEchoRequest
                0x0000000000006c32        0xa ../../../src/core/libopenthread-mtd.a(libopenthread_mtd_a-icmp6_api.o)
                0x0000000000006c32                otIcmp6SendEchoRequest
 .text._Z13otGetInstancev
                0x0000000000006c3c        0x6 ../../../src/core/libopenthread-mtd.a(libopenthread_mtd_a-instance_api.o)
                0x0000000000006c3c                otGetInstance()
 .text._Z16otGetThreadNetifv
                0x0000000000006c42        0xa ../../../src/core/libopenthread-mtd.a(libopenthread_mtd_a-instance_api.o)
                0x0000000000006c42                otGetThreadNetif()
 .text._Z18otGetMeshForwarderv
                0x0000000000006c4c        0xa ../../../src/core/libopenthread-mtd.a(libopenthread_mtd_a-instance_api.o)
                0x0000000000006c4c                otGetMeshForwarder()
 .text._Z8otGetIp6v
                0x0000000000006c56        0xa ../../../src/core/libopenthread-mtd.a(libopenthread_mtd_a-instance_api.o)
                0x0000000000006c56                otGetIp6()
 .text._ZN10otInstanceC2Ev
                0x0000000000006c60       0x88 ../../../src/core/libopenthread-mtd.a(libopenthread_mtd_a-instance_api.o)
                0x0000000000006c60                otInstance::otInstance()
                0x0000000000006c60                otInstance::otInstance()
 .text._Z25otInstancePostConstructorP10otInstance
                0x0000000000006ce8       0x42 ../../../src/core/libopenthread-mtd.a(libopenthread_mtd_a-instance_api.o)
                0x0000000000006ce8                otInstancePostConstructor(otInstance*)
 .text.otInstanceInitSingle
                0x0000000000006d2a       0x2e ../../../src/core/libopenthread-mtd.a(libopenthread_mtd_a-instance_api.o)
                0x0000000000006d2a                otInstanceInitSingle
 .text.otInstanceIsInitialized
                0x0000000000006d58       0x1c ../../../src/core/libopenthread-mtd.a(libopenthread_mtd_a-instance_api.o)
                0x0000000000006d58                otInstanceIsInitialized
 .text.otSetStateChangedCallback
                0x0000000000006d74       0x28 ../../../src/core/libopenthread-mtd.a(libopenthread_mtd_a-instance_api.o)
                0x0000000000006d74                otSetStateChangedCallback
 .text.otInstanceReset
                0x0000000000006d9c        0x6 ../../../src/core/libopenthread-mtd.a(libopenthread_mtd_a-instance_api.o)
                0x0000000000006d9c                otInstanceReset
 .text.otInstanceFactoryReset
                0x0000000000006da2       0x12 ../../../src/core/libopenthread-mtd.a(libopenthread_mtd_a-instance_api.o)
                0x0000000000006da2                otInstanceFactoryReset
 .text.otIp6SetEnabled
                0x0000000000006db4       0x2e ../../../src/core/libopenthread-mtd.a(libopenthread_mtd_a-ip6_api.o)
                0x0000000000006db4                otIp6SetEnabled
 .text.otIp6IsEnabled
                0x0000000000006de2        0x6 ../../../src/core/libopenthread-mtd.a(libopenthread_mtd_a-ip6_api.o)
                0x0000000000006de2                otIp6IsEnabled
 .text.otIp6GetUnicastAddresses
                0x0000000000006de8        0x6 ../../../src/core/libopenthread-mtd.a(libopenthread_mtd_a-ip6_api.o)
                0x0000000000006de8                otIp6GetUnicastAddresses
 .text.otIp6AddUnicastAddress
                0x0000000000006dee        0xa ../../../src/core/libopenthread-mtd.a(libopenthread_mtd_a-ip6_api.o)
                0x0000000000006dee                otIp6AddUnicastAddress
 .text.otIp6RemoveUnicastAddress
                0x0000000000006df8        0xa ../../../src/core/libopenthread-mtd.a(libopenthread_mtd_a-ip6_api.o)
                0x0000000000006df8                otIp6RemoveUnicastAddress
 .text.otIp6GetMulticastAddresses
                0x0000000000006e02        0x6 ../../../src/core/libopenthread-mtd.a(libopenthread_mtd_a-ip6_api.o)
                0x0000000000006e02                otIp6GetMulticastAddresses
 .text.otIp6SubscribeMulticastAddress
                0x0000000000006e08        0xa ../../../src/core/libopenthread-mtd.a(libopenthread_mtd_a-ip6_api.o)
                0x0000000000006e08                otIp6SubscribeMulticastAddress
 .text.otIp6UnsubscribeMulticastAddress
                0x0000000000006e12        0xa ../../../src/core/libopenthread-mtd.a(libopenthread_mtd_a-ip6_api.o)
                0x0000000000006e12                otIp6UnsubscribeMulticastAddress
 .text.otIp6IsMulticastPromiscuousEnabled
                0x0000000000006e1c        0x6 ../../../src/core/libopenthread-mtd.a(libopenthread_mtd_a-ip6_api.o)
                0x0000000000006e1c                otIp6IsMulticastPromiscuousEnabled
 .text.otIp6SetMulticastPromiscuousEnabled
                0x0000000000006e22        0x6 ../../../src/core/libopenthread-mtd.a(libopenthread_mtd_a-ip6_api.o)
                0x0000000000006e22                otIp6SetMulticastPromiscuousEnabled
 .text.otIp6SlaacUpdate
                0x0000000000006e28       0x1e ../../../src/core/libopenthread-mtd.a(libopenthread_mtd_a-ip6_api.o)
                0x0000000000006e28                otIp6SlaacUpdate
 .text.otIp6CreateRandomIid
                0x0000000000006e46        0x6 ../../../src/core/libopenthread-mtd.a(libopenthread_mtd_a-ip6_api.o)
                0x0000000000006e46                otIp6CreateRandomIid
 .text.otIp6NewMessage
                0x0000000000006e4c       0x2c ../../../src/core/libopenthread-mtd.a(libopenthread_mtd_a-ip6_api.o)
                0x0000000000006e4c                otIp6NewMessage
 .text.otIp6AddressFromString
                0x0000000000006e78        0xc ../../../src/core/libopenthread-mtd.a(libopenthread_mtd_a-ip6_api.o)
                0x0000000000006e78                otIp6AddressFromString
 .text.otIp6PrefixMatch
                0x0000000000006e84       0x1c ../../../src/core/libopenthread-mtd.a(libopenthread_mtd_a-ip6_api.o)
                0x0000000000006e84                otIp6PrefixMatch
 .text._ZL22HandleActiveScanResultPvPN2ot3Mac5FrameE
                0x0000000000006ea0       0x38 ../../../src/core/libopenthread-mtd.a(libopenthread_mtd_a-link_api.o)
 .text.otLinkGetChannel
                0x0000000000006ed8        0x6 ../../../src/core/libopenthread-mtd.a(libopenthread_mtd_a-link_api.o)
                0x0000000000006ed8                otLinkGetChannel
 .text.otLinkSetChannel
                0x0000000000006ede       0x3a ../../../src/core/libopenthread-mtd.a(libopenthread_mtd_a-link_api.o)
                0x0000000000006ede                otLinkSetChannel
 .text.otLinkGetExtendedAddress
                0x0000000000006f18        0x6 ../../../src/core/libopenthread-mtd.a(libopenthread_mtd_a-link_api.o)
                0x0000000000006f18                otLinkGetExtendedAddress
 .text.otLinkSetExtendedAddress
                0x0000000000006f1e       0x36 ../../../src/core/libopenthread-mtd.a(libopenthread_mtd_a-link_api.o)
                0x0000000000006f1e                otLinkSetExtendedAddress
 .text.otLinkGetFactoryAssignedIeeeEui64
                0x0000000000006f54        0x6 ../../../src/core/libopenthread-mtd.a(libopenthread_mtd_a-link_api.o)
                0x0000000000006f54                otLinkGetFactoryAssignedIeeeEui64
 .text.otLinkGetJoinerId
                0x0000000000006f5a        0xa ../../../src/core/libopenthread-mtd.a(libopenthread_mtd_a-link_api.o)
                0x0000000000006f5a                otLinkGetJoinerId
 .text.otLinkGetMaxTransmitPower
                0x0000000000006f64        0x6 ../../../src/core/libopenthread-mtd.a(libopenthread_mtd_a-link_api.o)
                0x0000000000006f64                otLinkGetMaxTransmitPower
 .text.otLinkSetMaxTransmitPower
                0x0000000000006f6a        0xe ../../../src/core/libopenthread-mtd.a(libopenthread_mtd_a-link_api.o)
                0x0000000000006f6a                otLinkSetMaxTransmitPower
 .text.otLinkGetPanId
                0x0000000000006f78        0x6 ../../../src/core/libopenthread-mtd.a(libopenthread_mtd_a-link_api.o)
                0x0000000000006f78                otLinkGetPanId
 .text.otLinkSetPanId
                0x0000000000006f7e       0x36 ../../../src/core/libopenthread-mtd.a(libopenthread_mtd_a-link_api.o)
                0x0000000000006f7e                otLinkSetPanId
 .text.otLinkGetPollPeriod
                0x0000000000006fb4        0xa ../../../src/core/libopenthread-mtd.a(libopenthread_mtd_a-link_api.o)
                0x0000000000006fb4                otLinkGetPollPeriod
 .text.otLinkSetPollPeriod
                0x0000000000006fbe        0xa ../../../src/core/libopenthread-mtd.a(libopenthread_mtd_a-link_api.o)
                0x0000000000006fbe                otLinkSetPollPeriod
 .text.otLinkSetPcapCallback
                0x0000000000006fc8        0xa ../../../src/core/libopenthread-mtd.a(libopenthread_mtd_a-link_api.o)
                0x0000000000006fc8                otLinkSetPcapCallback
 .text.otLinkIsPromiscuous
                0x0000000000006fd2        0xa ../../../src/core/libopenthread-mtd.a(libopenthread_mtd_a-link_api.o)
                0x0000000000006fd2                otLinkIsPromiscuous
 .text.otLinkSetPromiscuous
                0x0000000000006fdc       0x1e ../../../src/core/libopenthread-mtd.a(libopenthread_mtd_a-link_api.o)
                0x0000000000006fdc                otLinkSetPromiscuous
 .text.otLinkGetCounters
                0x0000000000006ffa        0x6 ../../../src/core/libopenthread-mtd.a(libopenthread_mtd_a-link_api.o)
                0x0000000000006ffa                otLinkGetCounters
 .text.otLinkActiveScan
                0x0000000000007000       0x2e ../../../src/core/libopenthread-mtd.a(libopenthread_mtd_a-link_api.o)
                0x0000000000007000                otLinkActiveScan
 .text._ZN2ot7LinkRaw7GetCapsEv
                0x000000000000702e        0x8 ../../../src/core/libopenthread-mtd.a(libopenthread_mtd_a-link_raw_api.o)
                0x000000000000702e                ot::LinkRaw::GetCaps()
 .text._ZN2ot7LinkRawC2ER10otInstance
                0x0000000000007036       0x26 ../../../src/core/libopenthread-mtd.a(libopenthread_mtd_a-link_raw_api.o)
                0x0000000000007036                ot::LinkRaw::LinkRaw(otInstance&)
                0x0000000000007036                ot::LinkRaw::LinkRaw(otInstance&)
 .text.otMessageFree
                0x000000000000705c        0x6 ../../../src/core/libopenthread-mtd.a(libopenthread_mtd_a-message_api.o)
                0x000000000000705c                otMessageFree
 .text.otMessageSetLength
                0x0000000000007062        0x6 ../../../src/core/libopenthread-mtd.a(libopenthread_mtd_a-message_api.o)
                0x0000000000007062                otMessageSetLength
 .text.otMessageAppend
                0x0000000000007068        0x6 ../../../src/core/libopenthread-mtd.a(libopenthread_mtd_a-message_api.o)
                0x0000000000007068                otMessageAppend
 .text.otMessageGetBufferInfo
                0x000000000000706e       0xb6 ../../../src/core/libopenthread-mtd.a(libopenthread_mtd_a-message_api.o)
                0x000000000000706e                otMessageGetBufferInfo
 .text.otTaskletsProcess
                0x0000000000007124       0x1a ../../../src/core/libopenthread-mtd.a(libopenthread_mtd_a-tasklet_api.o)
                0x0000000000007124                otTaskletsProcess
 .text.otThreadGetChildTimeout
                0x000000000000713e        0xa ../../../src/core/libopenthread-mtd.a(libopenthread_mtd_a-thread_api.o)
                0x000000000000713e                otThreadGetChildTimeout
 .text.otThreadSetChildTimeout
                0x0000000000007148        0xa ../../../src/core/libopenthread-mtd.a(libopenthread_mtd_a-thread_api.o)
                0x0000000000007148                otThreadSetChildTimeout
 .text.otThreadGetExtendedPanId
                0x0000000000007152        0x6 ../../../src/core/libopenthread-mtd.a(libopenthread_mtd_a-thread_api.o)
                0x0000000000007152                otThreadGetExtendedPanId
 .text.otThreadSetExtendedPanId
                0x0000000000007158       0x6c ../../../src/core/libopenthread-mtd.a(libopenthread_mtd_a-thread_api.o)
                0x0000000000007158                otThreadSetExtendedPanId
 .text.otThreadGetLinkMode
                0x00000000000071c4       0x32 ../../../src/core/libopenthread-mtd.a(libopenthread_mtd_a-thread_api.o)
                0x00000000000071c4                otThreadGetLinkMode
 .text.otThreadSetLinkMode
                0x00000000000071f6       0x52 ../../../src/core/libopenthread-mtd.a(libopenthread_mtd_a-thread_api.o)
                0x00000000000071f6                otThreadSetLinkMode
 .text.otThreadGetMasterKey
                0x0000000000007248        0xa ../../../src/core/libopenthread-mtd.a(libopenthread_mtd_a-thread_api.o)
                0x0000000000007248                otThreadGetMasterKey
 .text.otThreadSetMasterKey
                0x0000000000007252       0x44 ../../../src/core/libopenthread-mtd.a(libopenthread_mtd_a-thread_api.o)
                0x0000000000007252                otThreadSetMasterKey
 .text.otThreadGetNetworkName
                0x0000000000007296        0x6 ../../../src/core/libopenthread-mtd.a(libopenthread_mtd_a-thread_api.o)
                0x0000000000007296                otThreadGetNetworkName
 .text.otThreadSetNetworkName
                0x000000000000729c       0x36 ../../../src/core/libopenthread-mtd.a(libopenthread_mtd_a-thread_api.o)
                0x000000000000729c                otThreadSetNetworkName
 .text.otThreadGetKeySequenceCounter
                0x00000000000072d2        0xa ../../../src/core/libopenthread-mtd.a(libopenthread_mtd_a-thread_api.o)
                0x00000000000072d2                otThreadGetKeySequenceCounter
 .text.otThreadSetKeySequenceCounter
                0x00000000000072dc        0xa ../../../src/core/libopenthread-mtd.a(libopenthread_mtd_a-thread_api.o)
                0x00000000000072dc                otThreadSetKeySequenceCounter
 .text.otThreadGetKeySwitchGuardTime
                0x00000000000072e6        0xa ../../../src/core/libopenthread-mtd.a(libopenthread_mtd_a-thread_api.o)
                0x00000000000072e6                otThreadGetKeySwitchGuardTime
 .text.otThreadSetKeySwitchGuardTime
                0x00000000000072f0        0xa ../../../src/core/libopenthread-mtd.a(libopenthread_mtd_a-thread_api.o)
                0x00000000000072f0                otThreadSetKeySwitchGuardTime
 .text.otThreadBecomeDetached
                0x00000000000072fa        0xa ../../../src/core/libopenthread-mtd.a(libopenthread_mtd_a-thread_api.o)
                0x00000000000072fa                otThreadBecomeDetached
 .text.otThreadBecomeChild
                0x0000000000007304        0xc ../../../src/core/libopenthread-mtd.a(libopenthread_mtd_a-thread_api.o)
                0x0000000000007304                otThreadBecomeChild
 .text.otThreadGetDeviceRole
                0x0000000000007310        0x6 ../../../src/core/libopenthread-mtd.a(libopenthread_mtd_a-thread_api.o)
                0x0000000000007310                otThreadGetDeviceRole
 .text.otThreadGetLeaderData
                0x0000000000007316       0x18 ../../../src/core/libopenthread-mtd.a(libopenthread_mtd_a-thread_api.o)
                0x0000000000007316                otThreadGetLeaderData
 .text.otThreadGetRloc16
                0x000000000000732e        0xa ../../../src/core/libopenthread-mtd.a(libopenthread_mtd_a-thread_api.o)
                0x000000000000732e                otThreadGetRloc16
 .text.otThreadGetParentInfo
                0x0000000000007338       0xbe ../../../src/core/libopenthread-mtd.a(libopenthread_mtd_a-thread_api.o)
                0x0000000000007338                otThreadGetParentInfo
 .text.otGetVersionString
                0x00000000000073f6        0x6 ../../../src/core/libopenthread-mtd.a(libopenthread_mtd_a-thread_api.o)
                0x00000000000073f6                otGetVersionString
 .text.otThreadSetEnabled
                0x00000000000073fc       0x2e ../../../src/core/libopenthread-mtd.a(libopenthread_mtd_a-thread_api.o)
                0x00000000000073fc                otThreadSetEnabled
 .text.otThreadGetAutoStart
                0x000000000000742a       0x46 ../../../src/core/libopenthread-mtd.a(libopenthread_mtd_a-thread_api.o)
                0x000000000000742a                otThreadGetAutoStart
 .text.otThreadSetAutoStart
                0x0000000000007470       0x1e ../../../src/core/libopenthread-mtd.a(libopenthread_mtd_a-thread_api.o)
                0x0000000000007470                otThreadSetAutoStart
 .text.otThreadIsSingleton
                0x000000000000748e        0x4 ../../../src/core/libopenthread-mtd.a(libopenthread_mtd_a-thread_api.o)
                0x000000000000748e                otThreadIsSingleton
 .text.otThreadDiscover
                0x0000000000007492       0x2e ../../../src/core/libopenthread-mtd.a(libopenthread_mtd_a-thread_api.o)
                0x0000000000007492                otThreadDiscover
 .text.otThreadErrorToString
                0x00000000000074c0        0x6 ../../../src/core/libopenthread-mtd.a(libopenthread_mtd_a-logging.o)
                0x00000000000074c0                otThreadErrorToString
 .text._ZN2ot11MessagePool9NewBufferEv
                0x00000000000074c6       0x1e ../../../src/core/libopenthread-mtd.a(libopenthread_mtd_a-message.o)
                0x00000000000074c6                ot::MessagePool::NewBuffer()
 .text._ZN2ot11MessagePool11FreeBuffersEPNS_6BufferE
                0x00000000000074e4       0x28 ../../../src/core/libopenthread-mtd.a(libopenthread_mtd_a-message.o)
                0x00000000000074e4                ot::MessagePool::FreeBuffers(ot::Buffer*)
 .text._ZN2ot11MessagePool4FreeEPNS_7MessageE
                0x000000000000750c       0x2e ../../../src/core/libopenthread-mtd.a(libopenthread_mtd_a-message.o)
                0x000000000000750c                ot::MessagePool::Free(ot::Message*)
 .text._ZN2ot11MessagePool14ReclaimBuffersEi
                0x000000000000753a       0x16 ../../../src/core/libopenthread-mtd.a(libopenthread_mtd_a-message.o)
                0x000000000000753a                ot::MessagePool::ReclaimBuffers(int)
 .text._ZN2ot7Message13ResizeMessageEt
                0x0000000000007550       0x54 ../../../src/core/libopenthread-mtd.a(libopenthread_mtd_a-message.o)
                0x0000000000007550                ot::Message::ResizeMessage(unsigned short)
 .text._ZN2ot7Message4FreeEv
                0x00000000000075a4        0xc ../../../src/core/libopenthread-mtd.a(libopenthread_mtd_a-message.o)
                0x00000000000075a4                ot::Message::Free()
 .text._ZN2ot7Message9SetLengthEt
                0x00000000000075b0       0x84 ../../../src/core/libopenthread-mtd.a(libopenthread_mtd_a-message.o)
                0x00000000000075b0                ot::Message::SetLength(unsigned short)
 .text._ZNK2ot7Message14GetBufferCountEv
                0x0000000000007634       0x18 ../../../src/core/libopenthread-mtd.a(libopenthread_mtd_a-message.o)
                0x0000000000007634                ot::Message::GetBufferCount() const
 .text._ZN2ot7Message10MoveOffsetEi
                0x000000000000764c       0x16 ../../../src/core/libopenthread-mtd.a(libopenthread_mtd_a-message.o)
                0x000000000000764c                ot::Message::MoveOffset(int)
 .text._ZN2ot7Message9SetOffsetEt
                0x0000000000007662       0x12 ../../../src/core/libopenthread-mtd.a(libopenthread_mtd_a-message.o)
                0x0000000000007662                ot::Message::SetOffset(unsigned short)
 .text._ZNK2ot7Message12IsSubTypeMleEv
                0x0000000000007674       0x30 ../../../src/core/libopenthread-mtd.a(libopenthread_mtd_a-message.o)
                0x0000000000007674                ot::Message::IsSubTypeMle() const
 .text._ZN2ot7Message12RemoveHeaderEt
                0x00000000000076a4       0x30 ../../../src/core/libopenthread-mtd.a(libopenthread_mtd_a-message.o)
                0x00000000000076a4                ot::Message::RemoveHeader(unsigned short)
 .text._ZNK2ot7Message4ReadEttPv
                0x00000000000076d4       0xd4 ../../../src/core/libopenthread-mtd.a(libopenthread_mtd_a-message.o)
                0x00000000000076d4                ot::Message::Read(unsigned short, unsigned short, void*) const
 .text._ZN2ot7Message5WriteEttPKv
                0x00000000000077a8       0xd8 ../../../src/core/libopenthread-mtd.a(libopenthread_mtd_a-message.o)
                0x00000000000077a8                ot::Message::Write(unsigned short, unsigned short, void const*)
 .text._ZN2ot7Message6AppendEPKvt
                0x0000000000007880       0x34 ../../../src/core/libopenthread-mtd.a(libopenthread_mtd_a-message.o)
                0x0000000000007880                ot::Message::Append(void const*, unsigned short)
 .text._ZN2ot7Message7PrependEPKvt
                0x00000000000078b4       0xa4 ../../../src/core/libopenthread-mtd.a(libopenthread_mtd_a-message.o)
                0x00000000000078b4                ot::Message::Prepend(void const*, unsigned short)
 .text._ZNK2ot7Message6CopyToEtttRS0_
                0x0000000000007958       0x5e ../../../src/core/libopenthread-mtd.a(libopenthread_mtd_a-message.o)
                0x0000000000007958                ot::Message::CopyTo(unsigned short, unsigned short, unsigned short, ot::Message&) const
 .text._ZN2ot7Message12SetChildMaskEh
                0x00000000000079b6       0x34 ../../../src/core/libopenthread-mtd.a(libopenthread_mtd_a-message.o)
                0x00000000000079b6                ot::Message::SetChildMask(unsigned char)
 .text._ZNK2ot7Message14IsChildPendingEv
                0x00000000000079ea       0x22 ../../../src/core/libopenthread-mtd.a(libopenthread_mtd_a-message.o)
                0x00000000000079ea                ot::Message::IsChildPending() const
 .text._ZNK2ot7Message14UpdateChecksumEttt
                0x0000000000007a0c       0xb8 ../../../src/core/libopenthread-mtd.a(libopenthread_mtd_a-message.o)
                0x0000000000007a0c                ot::Message::UpdateChecksum(unsigned short, unsigned short, unsigned short) const
 .text._ZN2ot12MessageQueueC2Ev
                0x0000000000007ac4        0x8 ../../../src/core/libopenthread-mtd.a(libopenthread_mtd_a-message.o)
                0x0000000000007ac4                ot::MessageQueue::MessageQueue()
                0x0000000000007ac4                ot::MessageQueue::MessageQueue()
 .text._ZN2ot12MessageQueue9AddToListEhRNS_7MessageE
                0x0000000000007acc       0xc6 ../../../src/core/libopenthread-mtd.a(libopenthread_mtd_a-message.o)
                0x0000000000007acc                ot::MessageQueue::AddToList(unsigned char, ot::Message&)
 .text._ZN2ot12MessageQueue14RemoveFromListEhRNS_7MessageE
                0x0000000000007b92       0xd2 ../../../src/core/libopenthread-mtd.a(libopenthread_mtd_a-message.o)
                0x0000000000007b92                ot::MessageQueue::RemoveFromList(unsigned char, ot::Message&)
 .text._ZNK2ot12MessageQueue7GetHeadEv
                0x0000000000007c64        0xe ../../../src/core/libopenthread-mtd.a(libopenthread_mtd_a-message.o)
                0x0000000000007c64                ot::MessageQueue::GetHead() const
 .text._ZN2ot13PriorityQueueC2Ev
                0x0000000000007c72       0x1a ../../../src/core/libopenthread-mtd.a(libopenthread_mtd_a-message.o)
                0x0000000000007c72                ot::PriorityQueue::PriorityQueue()
                0x0000000000007c72                ot::PriorityQueue::PriorityQueue()
 .text._ZN2ot11MessagePoolC2EP10otInstance
                0x0000000000007c8c       0x4a ../../../src/core/libopenthread-mtd.a(libopenthread_mtd_a-message.o)
                0x0000000000007c8c                ot::MessagePool::MessagePool(otInstance*)
                0x0000000000007c8c                ot::MessagePool::MessagePool(otInstance*)
 .text._ZNK2ot13PriorityQueue20FindFirstNonNullTailEh
                0x0000000000007cd6       0x52 ../../../src/core/libopenthread-mtd.a(libopenthread_mtd_a-message.o)
                0x0000000000007cd6                ot::PriorityQueue::FindFirstNonNullTail(unsigned char) const
 .text._ZNK2ot13PriorityQueue7GetHeadEv
                0x0000000000007d28       0x14 ../../../src/core/libopenthread-mtd.a(libopenthread_mtd_a-message.o)
                0x0000000000007d28                ot::PriorityQueue::GetHead() const
 .text._ZNK2ot13PriorityQueue7GetTailEv
                0x0000000000007d3c        0xa ../../../src/core/libopenthread-mtd.a(libopenthread_mtd_a-message.o)
                0x0000000000007d3c                ot::PriorityQueue::GetTail() const
 .text._ZNK2ot7Message7GetNextEv
                0x0000000000007d46       0x3c ../../../src/core/libopenthread-mtd.a(libopenthread_mtd_a-message.o)
                0x0000000000007d46                ot::Message::GetNext() const
 .text._ZNK2ot12MessageQueue7GetInfoERtS1_
                0x0000000000007d82       0x48 ../../../src/core/libopenthread-mtd.a(libopenthread_mtd_a-message.o)
                0x0000000000007d82                ot::MessageQueue::GetInfo(unsigned short&, unsigned short&) const
 .text._ZN2ot13PriorityQueue9AddToListEhRNS_7MessageE
                0x0000000000007dca       0xe6 ../../../src/core/libopenthread-mtd.a(libopenthread_mtd_a-message.o)
                0x0000000000007dca                ot::PriorityQueue::AddToList(unsigned char, ot::Message&)
 .text._ZN2ot12MessageQueue7EnqueueERNS_7MessageE
                0x0000000000007eb0       0x38 ../../../src/core/libopenthread-mtd.a(libopenthread_mtd_a-message.o)
                0x0000000000007eb0                ot::MessageQueue::Enqueue(ot::Message&)
 .text._ZN2ot13PriorityQueue14RemoveFromListEhRNS_7MessageE
                0x0000000000007ee8      0x11c ../../../src/core/libopenthread-mtd.a(libopenthread_mtd_a-message.o)
                0x0000000000007ee8                ot::PriorityQueue::RemoveFromList(unsigned char, ot::Message&)
 .text._ZN2ot12MessageQueue7DequeueERNS_7MessageE
                0x0000000000008004       0x46 ../../../src/core/libopenthread-mtd.a(libopenthread_mtd_a-message.o)
                0x0000000000008004                ot::MessageQueue::Dequeue(ot::Message&)
 .text._ZN2ot13PriorityQueue7EnqueueERNS_7MessageE
                0x000000000000804a       0x3c ../../../src/core/libopenthread-mtd.a(libopenthread_mtd_a-message.o)
                0x000000000000804a                ot::PriorityQueue::Enqueue(ot::Message&)
 .text._ZN2ot13PriorityQueue7DequeueERNS_7MessageE
                0x0000000000008086       0x46 ../../../src/core/libopenthread-mtd.a(libopenthread_mtd_a-message.o)
                0x0000000000008086                ot::PriorityQueue::Dequeue(ot::Message&)
 .text._ZN2ot7Message11SetPriorityEh
                0x00000000000080cc       0xa4 ../../../src/core/libopenthread-mtd.a(libopenthread_mtd_a-message.o)
                0x00000000000080cc                ot::Message::SetPriority(unsigned char)
 .text._ZN2ot11MessagePool3NewEht
                0x0000000000008170       0x60 ../../../src/core/libopenthread-mtd.a(libopenthread_mtd_a-message.o)
                0x0000000000008170                ot::MessagePool::New(unsigned char, unsigned short)
 .text._ZNK2ot7Message5CloneEt
                0x00000000000081d0       0xa8 ../../../src/core/libopenthread-mtd.a(libopenthread_mtd_a-message.o)
                0x00000000000081d0                ot::Message::Clone(unsigned short) const
 .text._ZNK2ot13PriorityQueue7GetInfoERtS1_
                0x0000000000008278       0x48 ../../../src/core/libopenthread-mtd.a(libopenthread_mtd_a-message.o)
                0x0000000000008278                ot::PriorityQueue::GetInfo(unsigned short&, unsigned short&) const
 .text._ZN2ot7TaskletC2EP10otInstancePFvRS0_EPv
                0x00000000000082c0        0xc ../../../src/core/libopenthread-mtd.a(libopenthread_mtd_a-tasklet.o)
                0x00000000000082c0                ot::Tasklet::Tasklet(otInstance*, void (*)(ot::Tasklet&), void*)
                0x00000000000082c0                ot::Tasklet::Tasklet(otInstance*, void (*)(ot::Tasklet&), void*)
 .text._ZN2ot16TaskletSchedulerC2Ev
                0x00000000000082cc        0xe ../../../src/core/libopenthread-mtd.a(libopenthread_mtd_a-tasklet.o)
                0x00000000000082cc                ot::TaskletScheduler::TaskletScheduler()
                0x00000000000082cc                ot::TaskletScheduler::TaskletScheduler()
 .text._ZN2ot16TaskletScheduler4PostERNS_7TaskletE
                0x00000000000082da       0x44 ../../../src/core/libopenthread-mtd.a(libopenthread_mtd_a-tasklet.o)
                0x00000000000082da                ot::TaskletScheduler::Post(ot::Tasklet&)
 .text._ZN2ot7Tasklet4PostEv
                0x000000000000831e       0x16 ../../../src/core/libopenthread-mtd.a(libopenthread_mtd_a-tasklet.o)
                0x000000000000831e                ot::Tasklet::Post()
 .text._ZN2ot16TaskletScheduler10PopTaskletEv
                0x0000000000008334       0x28 ../../../src/core/libopenthread-mtd.a(libopenthread_mtd_a-tasklet.o)
                0x0000000000008334                ot::TaskletScheduler::PopTasklet()
 .text._ZN2ot16TaskletScheduler21ProcessQueuedTaskletsEv
                0x000000000000835c       0x40 ../../../src/core/libopenthread-mtd.a(libopenthread_mtd_a-tasklet.o)
                0x000000000000835c                ot::TaskletScheduler::ProcessQueuedTasklets()
 .text._ZN2ot5Timer14DoesFireBeforeERKS0_m
                0x000000000000839c       0x52 ../../../src/core/libopenthread-mtd.a(libopenthread_mtd_a-timer.o)
                0x000000000000839c                ot::Timer::DoesFireBefore(ot::Timer const&, unsigned long)
 .text._ZN2ot14TimerScheduler8SetAlarmERKNS0_8AlarmApiE
                0x00000000000083ee       0x70 ../../../src/core/libopenthread-mtd.a(libopenthread_mtd_a-timer.o)
                0x00000000000083ee                ot::TimerScheduler::SetAlarm(ot::TimerScheduler::AlarmApi const&)
 .text._ZN2ot14TimerScheduler6RemoveERNS_5TimerERKNS0_8AlarmApiE
                0x000000000000845e       0x46 ../../../src/core/libopenthread-mtd.a(libopenthread_mtd_a-timer.o)
                0x000000000000845e                ot::TimerScheduler::Remove(ot::Timer&, ot::TimerScheduler::AlarmApi const&)
 .text._ZN2ot10TimerMilli4StopEv
                0x00000000000084a4       0x1a ../../../src/core/libopenthread-mtd.a(libopenthread_mtd_a-timer.o)
                0x00000000000084a4                ot::TimerMilli::Stop()
 .text._ZN2ot14TimerScheduler3AddERNS_5TimerERKNS0_8AlarmApiE
                0x00000000000084be       0x84 ../../../src/core/libopenthread-mtd.a(libopenthread_mtd_a-timer.o)
                0x00000000000084be                ot::TimerScheduler::Add(ot::Timer&, ot::TimerScheduler::AlarmApi const&)
 .text._ZN2ot10TimerMilli7StartAtEmm
                0x0000000000008542       0x4c ../../../src/core/libopenthread-mtd.a(libopenthread_mtd_a-timer.o)
                0x0000000000008542                ot::TimerMilli::StartAt(unsigned long, unsigned long)
 .text._ZNK2ot6Crypto5Block7GetNextEv
                0x000000000000858e        0xc ../../../src/core/libopenthread-mtd.a(libopenthread_mtd_a-heap.o)
                0x000000000000858e                ot::Crypto::Block::GetNext() const
 .text._ZN2ot6Crypto5Block7SetNextEt
                0x000000000000859a        0xc ../../../src/core/libopenthread-mtd.a(libopenthread_mtd_a-heap.o)
                0x000000000000859a                ot::Crypto::Block::SetNext(unsigned short)
 .text._ZNK2ot6Crypto5Block6IsFreeEv
                0x00000000000085a6       0x22 ../../../src/core/libopenthread-mtd.a(libopenthread_mtd_a-heap.o)
                0x00000000000085a6                ot::Crypto::Block::IsFree() const
 .text._ZN2ot6Crypto4HeapC2Ev
                0x00000000000085c8       0x5c ../../../src/core/libopenthread-mtd.a(libopenthread_mtd_a-heap.o)
                0x00000000000085c8                ot::Crypto::Heap::Heap()
                0x00000000000085c8                ot::Crypto::Heap::Heap()
 .text._ZN2ot6Crypto4Heap11BlockInsertERNS0_5BlockES3_
                0x0000000000008624       0x5c ../../../src/core/libopenthread-mtd.a(libopenthread_mtd_a-heap.o)
                0x0000000000008624                ot::Crypto::Heap::BlockInsert(ot::Crypto::Block&, ot::Crypto::Block&)
 .text._ZN2ot6Crypto4Heap6CAllocEu6uint20u6uint20
                0x0000000000008680      0x100 ../../../src/core/libopenthread-mtd.a(libopenthread_mtd_a-heap.o)
                0x0000000000008680                ot::Crypto::Heap::CAlloc(uint20, uint20)
 .text._ZN2ot6Crypto4Heap9BlockPrevERKNS0_5BlockE
                0x0000000000008780       0x3e ../../../src/core/libopenthread-mtd.a(libopenthread_mtd_a-heap.o)
                0x0000000000008780                ot::Crypto::Heap::BlockPrev(ot::Crypto::Block const&)
 .text._ZN2ot6Crypto4Heap4FreeEPv
                0x00000000000087be      0x144 ../../../src/core/libopenthread-mtd.a(libopenthread_mtd_a-heap.o)
                0x00000000000087be                ot::Crypto::Heap::Free(void*)
 .text._ZN2ot6CryptoL4FreeEPv
                0x0000000000008902       0x16 ../../../src/core/libopenthread-mtd.a(libopenthread_mtd_a-mbedtls.o)
 .text._ZN2ot6CryptoL6CAllocEu6uint20u6uint20
                0x0000000000008918       0x1e ../../../src/core/libopenthread-mtd.a(libopenthread_mtd_a-mbedtls.o)
 .text._ZN2ot6Crypto7MbedTlsC2Ev
                0x0000000000008936        0xe ../../../src/core/libopenthread-mtd.a(libopenthread_mtd_a-mbedtls.o)
                0x0000000000008936                ot::Crypto::MbedTls::MbedTls()
                0x0000000000008936                ot::Crypto::MbedTls::MbedTls()
 .text._ZN2ot10TimerMilli5StartEm
                0x0000000000008944       0x28 ../../../src/core/libopenthread-mtd.a(libopenthread_mtd_a-mac.o)
                0x0000000000008944                ot::TimerMilli::Start(unsigned long)
 .text._ZN2ot3Mac3Mac31ConvertBeaconToActiveScanResultEPNS0_5FrameER18otActiveScanResult
                0x000000000000896c      0x120 ../../../src/core/libopenthread-mtd.a(libopenthread_mtd_a-mac.o)
                0x000000000000896c                ot::Mac::Mac::ConvertBeaconToActiveScanResult(ot::Mac::Frame*, otActiveScanResult&)
 .text._ZN2ot3Mac3Mac26HandleEnergyScanSampleRssiEv
                0x0000000000008a8c       0x38 ../../../src/core/libopenthread-mtd.a(libopenthread_mtd_a-mac.o)
                0x0000000000008a8c                ot::Mac::Mac::HandleEnergyScanSampleRssi()
 .text._ZN2ot3Mac3Mac26HandleEnergyScanSampleRssiERNS_7TaskletE
                0x0000000000008ac4        0xe ../../../src/core/libopenthread-mtd.a(libopenthread_mtd_a-mac.o)
                0x0000000000008ac4                ot::Mac::Mac::HandleEnergyScanSampleRssi(ot::Tasklet&)
 .text._ZN2ot3Mac3Mac16RegisterReceiverERNS0_8ReceiverE
                0x0000000000008ad2       0x34 ../../../src/core/libopenthread-mtd.a(libopenthread_mtd_a-mac.o)
                0x0000000000008ad2                ot::Mac::Mac::RegisterReceiver(ot::Mac::Receiver&)
 .text._ZN2ot3Mac3Mac18GenerateExtAddressEPNS0_10ExtAddressE
                0x0000000000008b06       0x38 ../../../src/core/libopenthread-mtd.a(libopenthread_mtd_a-mac.o)
                0x0000000000008b06                ot::Mac::Mac::GenerateExtAddress(ot::Mac::ExtAddress*)
 .text._ZN2ot3Mac3Mac13SetExtAddressERKNS0_10ExtAddressE
                0x0000000000008b3e       0x56 ../../../src/core/libopenthread-mtd.a(libopenthread_mtd_a-mac.o)
                0x0000000000008b3e                ot::Mac::Mac::SetExtAddress(ot::Mac::ExtAddress const&)
 .text._ZN2ot3Mac3Mac17GetHashMacAddressEPNS0_10ExtAddressE
                0x0000000000008b94       0x60 ../../../src/core/libopenthread-mtd.a(libopenthread_mtd_a-mac.o)
                0x0000000000008b94                ot::Mac::Mac::GetHashMacAddress(ot::Mac::ExtAddress*)
 .text._ZN2ot3Mac3Mac15SetShortAddressEt
                0x0000000000008bf4       0x1e ../../../src/core/libopenthread-mtd.a(libopenthread_mtd_a-mac.o)
                0x0000000000008bf4                ot::Mac::Mac::SetShortAddress(unsigned short)
 .text._ZN2ot3Mac3Mac14SetNetworkNameEPKc
                0x0000000000008c12       0x36 ../../../src/core/libopenthread-mtd.a(libopenthread_mtd_a-mac.o)
                0x0000000000008c12                ot::Mac::Mac::SetNetworkName(char const*)
 .text._ZN2ot3Mac3Mac8SetPanIdEt
                0x0000000000008c48       0x1a ../../../src/core/libopenthread-mtd.a(libopenthread_mtd_a-mac.o)
                0x0000000000008c48                ot::Mac::Mac::SetPanId(unsigned short)
 .text._ZN2ot3Mac3Mac16SetExtendedPanIdEPKh
                0x0000000000008c62        0xe ../../../src/core/libopenthread-mtd.a(libopenthread_mtd_a-mac.o)
                0x0000000000008c62                ot::Mac::Mac::SetExtendedPanId(unsigned char const*)
 .text._ZN2ot3Mac3MacC2ERNS_11ThreadNetifE
                0x0000000000008c70      0x16e ../../../src/core/libopenthread-mtd.a(libopenthread_mtd_a-mac.o)
                0x0000000000008c70                ot::Mac::Mac::Mac(ot::ThreadNetif&)
                0x0000000000008c70                ot::Mac::Mac::Mac(ot::ThreadNetif&)
 .text._ZN2ot3Mac3Mac13GenerateNonceERKNS0_10ExtAddressEmhPh
                0x0000000000008dde       0x62 ../../../src/core/libopenthread-mtd.a(libopenthread_mtd_a-mac.o)
                0x0000000000008dde                ot::Mac::Mac::GenerateNonce(ot::Mac::ExtAddress const&, unsigned long, unsigned char, unsigned char*)
 .text._ZN2ot3Mac3Mac17SendBeaconRequestERNS0_5FrameE
                0x0000000000008e40       0x2e ../../../src/core/libopenthread-mtd.a(libopenthread_mtd_a-mac.o)
                0x0000000000008e40                ot::Mac::Mac::SendBeaconRequest(ot::Mac::Frame&)
 .text._ZN2ot3Mac3Mac10SendBeaconERNS0_5FrameE
                0x0000000000008e6e       0xdc ../../../src/core/libopenthread-mtd.a(libopenthread_mtd_a-mac.o)
                0x0000000000008e6e                ot::Mac::Mac::SendBeacon(ot::Mac::Frame&)
 .text._ZN2ot3Mac3Mac23ProcessTransmitSecurityERNS0_5FrameE
                0x0000000000008f4a      0x218 ../../../src/core/libopenthread-mtd.a(libopenthread_mtd_a-mac.o)
                0x0000000000008f4a                ot::Mac::Mac::ProcessTransmitSecurity(ot::Mac::Frame&)
 .text._ZN2ot3Mac3Mac13RadioTransmitEPNS0_5FrameE
                0x0000000000009162       0x12 ../../../src/core/libopenthread-mtd.a(libopenthread_mtd_a-mac.o)
                0x0000000000009162                ot::Mac::Mac::RadioTransmit(ot::Mac::Frame*)
 .text._ZN2ot3Mac3Mac12RadioReceiveEh
                0x0000000000009174       0x12 ../../../src/core/libopenthread-mtd.a(libopenthread_mtd_a-mac.o)
                0x0000000000009174                ot::Mac::Mac::RadioReceive(unsigned char)
 .text._ZN2ot3Mac3Mac10RadioSleepEv
                0x0000000000009186        0xa ../../../src/core/libopenthread-mtd.a(libopenthread_mtd_a-mac.o)
                0x0000000000009186                ot::Mac::Mac::RadioSleep()
 .text._ZN2ot3Mac3Mac13NextOperationEv
                0x0000000000009190       0x4e ../../../src/core/libopenthread-mtd.a(libopenthread_mtd_a-mac.o)
                0x0000000000009190                ot::Mac::Mac::NextOperation()
 .text._ZN2ot3Mac3Mac15SetRxOnWhenIdleEb
                0x00000000000091de       0x10 ../../../src/core/libopenthread-mtd.a(libopenthread_mtd_a-mac.o)
                0x00000000000091de                ot::Mac::Mac::SetRxOnWhenIdle(bool)
 .text._ZN2ot3Mac3Mac10SetChannelEh
                0x00000000000091ee       0x12 ../../../src/core/libopenthread-mtd.a(libopenthread_mtd_a-mac.o)
                0x00000000000091ee                ot::Mac::Mac::SetChannel(unsigned char)
 .text._ZN2ot3Mac3Mac15SetPcapCallbackEPFvPK12otRadioFramePvES5_
                0x0000000000009200        0xa ../../../src/core/libopenthread-mtd.a(libopenthread_mtd_a-mac.o)
                0x0000000000009200                ot::Mac::Mac::SetPcapCallback(void (*)(otRadioFrame const*, void*), void*)
 .text._ZN2ot3Mac3Mac13IsPromiscuousEv
                0x000000000000920a        0xa ../../../src/core/libopenthread-mtd.a(libopenthread_mtd_a-mac.o)
                0x000000000000920a                ot::Mac::Mac::IsPromiscuous()
 .text._ZN2ot3Mac3Mac14SetPromiscuousEb
                0x0000000000009214       0x20 ../../../src/core/libopenthread-mtd.a(libopenthread_mtd_a-mac.o)
                0x0000000000009214                ot::Mac::Mac::SetPromiscuous(bool)
 .text._ZN2ot3Mac3Mac24RadioSupportsCsmaBackoffEv
                0x0000000000009234       0x1e ../../../src/core/libopenthread-mtd.a(libopenthread_mtd_a-mac.o)
                0x0000000000009234                ot::Mac::Mac::RadioSupportsCsmaBackoff()
 .text._ZN2ot3Mac3Mac20RadioSupportsRetriesEv
                0x0000000000009252        0xe ../../../src/core/libopenthread-mtd.a(libopenthread_mtd_a-mac.o)
                0x0000000000009252                ot::Mac::Mac::RadioSupportsRetries()
 .text._ZN2ot3Mac3Mac9SentFrameE7otError
                0x0000000000009260      0x148 ../../../src/core/libopenthread-mtd.a(libopenthread_mtd_a-mac.o)
                0x0000000000009260                ot::Mac::Mac::SentFrame(otError)
 .text._ZN2ot3Mac3Mac16TransmitDoneTaskEP12otRadioFrameb7otError
                0x00000000000093a8      0x108 ../../../src/core/libopenthread-mtd.a(libopenthread_mtd_a-mac.o)
                0x00000000000093a8                ot::Mac::Mac::TransmitDoneTask(otRadioFrame*, bool, otError)
 .text._ZN2ot3Mac3Mac19HandleBeginTransmitEv
                0x00000000000094b0      0x102 ../../../src/core/libopenthread-mtd.a(libopenthread_mtd_a-mac.o)
                0x00000000000094b0                ot::Mac::Mac::HandleBeginTransmit()
 .text._ZN2ot3Mac3Mac16StartCsmaBackoffEv
                0x00000000000095b2       0x94 ../../../src/core/libopenthread-mtd.a(libopenthread_mtd_a-mac.o)
                0x00000000000095b2                ot::Mac::Mac::StartCsmaBackoff()
 .text._ZN2ot3Mac3Mac16SendFrameRequestERNS0_6SenderE
                0x0000000000009646       0x4c ../../../src/core/libopenthread-mtd.a(libopenthread_mtd_a-mac.o)
                0x0000000000009646                ot::Mac::Mac::SendFrameRequest(ot::Mac::Sender&)
 .text._ZN2ot3Mac3Mac24ScheduleNextTransmissionEv
                0x0000000000009692       0x7a ../../../src/core/libopenthread-mtd.a(libopenthread_mtd_a-mac.o)
                0x0000000000009692                ot::Mac::Mac::ScheduleNextTransmission()
 .text._ZN2ot3Mac3Mac15StartEnergyScanEv
                0x000000000000970c       0x6a ../../../src/core/libopenthread-mtd.a(libopenthread_mtd_a-mac.o)
                0x000000000000970c                ot::Mac::Mac::StartEnergyScan()
 .text._ZN2ot3Mac3Mac14EnergyScanDoneEa
                0x0000000000009776       0xb8 ../../../src/core/libopenthread-mtd.a(libopenthread_mtd_a-mac.o)
                0x0000000000009776                ot::Mac::Mac::EnergyScanDone(signed char)
 .text._ZN2ot3Mac3Mac18HandleReceiveTimerEv
                0x000000000000982e       0x3c ../../../src/core/libopenthread-mtd.a(libopenthread_mtd_a-mac.o)
                0x000000000000982e                ot::Mac::Mac::HandleReceiveTimer()
 .text._ZN2ot3Mac3Mac18HandleReceiveTimerERNS_5TimerE
                0x000000000000986a        0xe ../../../src/core/libopenthread-mtd.a(libopenthread_mtd_a-mac.o)
                0x000000000000986a                ot::Mac::Mac::HandleReceiveTimer(ot::Timer&)
 .text._ZN2ot3Mac3Mac4ScanENS1_8ScanTypeEmtPv
                0x0000000000009878       0xe4 ../../../src/core/libopenthread-mtd.a(libopenthread_mtd_a-mac.o)
                0x0000000000009878                ot::Mac::Mac::Scan(ot::Mac::Mac::ScanType, unsigned long, unsigned short, void*)
 .text._ZN2ot3Mac3Mac10ActiveScanEmtPFvPvPNS0_5FrameEES2_
                0x000000000000995c       0x36 ../../../src/core/libopenthread-mtd.a(libopenthread_mtd_a-mac.o)
                0x000000000000995c                ot::Mac::Mac::ActiveScan(unsigned long, unsigned short, void (*)(void*, ot::Mac::Frame*), void*)
 .text._ZN2ot3Mac3Mac10EnergyScanEmtPFvPvP18otEnergyScanResultES2_
                0x0000000000009992       0x36 ../../../src/core/libopenthread-mtd.a(libopenthread_mtd_a-mac.o)
                0x0000000000009992                ot::Mac::Mac::EnergyScan(unsigned long, unsigned short, void (*)(void*, otEnergyScanResult*), void*)
 .text._ZN2ot3Mac3Mac19HandleBeginTransmitERNS_5TimerE
                0x00000000000099c8        0xe ../../../src/core/libopenthread-mtd.a(libopenthread_mtd_a-mac.o)
                0x00000000000099c8                ot::Mac::Mac::HandleBeginTransmit(ot::Timer&)
 .text._ZN2ot3Mac3Mac14HandleMacTimerEv
                0x00000000000099d6      0x112 ../../../src/core/libopenthread-mtd.a(libopenthread_mtd_a-mac.o)
                0x00000000000099d6                ot::Mac::Mac::HandleMacTimer()
 .text._ZN2ot3Mac3Mac14HandleMacTimerERNS_5TimerE
                0x0000000000009ae8        0xe ../../../src/core/libopenthread-mtd.a(libopenthread_mtd_a-mac.o)
                0x0000000000009ae8                ot::Mac::Mac::HandleMacTimer(ot::Timer&)
 .text._ZN2ot3Mac10ExtAddress3SetERKNS_3Ip67AddressE
                0x0000000000009af6       0x1c ../../../src/core/libopenthread-mtd.a(libopenthread_mtd_a-mac_frame.o)
                0x0000000000009af6                ot::Mac::ExtAddress::Set(ot::Ip6::Address const&)
 .text._ZN2ot3Mac5Frame7GetTypeEv
                0x0000000000009b12        0xa ../../../src/core/libopenthread-mtd.a(libopenthread_mtd_a-mac_frame.o)
                0x0000000000009b12                ot::Mac::Frame::GetType()
 .text._ZN2ot3Mac5Frame18GetSecurityEnabledEv
                0x0000000000009b1c        0xa ../../../src/core/libopenthread-mtd.a(libopenthread_mtd_a-mac_frame.o)
                0x0000000000009b1c                ot::Mac::Frame::GetSecurityEnabled()
 .text._ZN2ot3Mac5Frame13GetAckRequestEv
                0x0000000000009b26        0xc ../../../src/core/libopenthread-mtd.a(libopenthread_mtd_a-mac_frame.o)
                0x0000000000009b26                ot::Mac::Frame::GetAckRequest()
 .text._ZN2ot3Mac5Frame15GetFramePendingEv
                0x0000000000009b32        0xa ../../../src/core/libopenthread-mtd.a(libopenthread_mtd_a-mac_frame.o)
                0x0000000000009b32                ot::Mac::Frame::GetFramePending()
 .text._ZN2ot3Mac5Frame15SetFramePendingEb
                0x0000000000009b3c       0x18 ../../../src/core/libopenthread-mtd.a(libopenthread_mtd_a-mac_frame.o)
                0x0000000000009b3c                ot::Mac::Frame::SetFramePending(bool)
 .text._ZN2ot3Mac5Frame11SetSequenceEh
                0x0000000000009b54        0x8 ../../../src/core/libopenthread-mtd.a(libopenthread_mtd_a-mac_frame.o)
                0x0000000000009b54                ot::Mac::Frame::SetSequence(unsigned char)
 .text._ZN2ot3Mac5Frame12FindDstPanIdEv
                0x0000000000009b5c       0x1c ../../../src/core/libopenthread-mtd.a(libopenthread_mtd_a-mac_frame.o)
                0x0000000000009b5c                ot::Mac::Frame::FindDstPanId()
 .text._ZN2ot3Mac5Frame11SetDstPanIdEt
                0x0000000000009b78       0x24 ../../../src/core/libopenthread-mtd.a(libopenthread_mtd_a-mac_frame.o)
                0x0000000000009b78                ot::Mac::Frame::SetDstPanId(unsigned short)
 .text._ZN2ot3Mac5Frame10GetDstAddrERNS0_7AddressE
                0x0000000000009b9c       0x68 ../../../src/core/libopenthread-mtd.a(libopenthread_mtd_a-mac_frame.o)
                0x0000000000009b9c                ot::Mac::Frame::GetDstAddr(ot::Mac::Address&)
 .text._ZN2ot3Mac5Frame10SetDstAddrEt
                0x0000000000009c04       0x28 ../../../src/core/libopenthread-mtd.a(libopenthread_mtd_a-mac_frame.o)
                0x0000000000009c04                ot::Mac::Frame::SetDstAddr(unsigned short)
 .text._ZN2ot3Mac5Frame10SetDstAddrERKNS0_10ExtAddressE
                0x0000000000009c2c       0x40 ../../../src/core/libopenthread-mtd.a(libopenthread_mtd_a-mac_frame.o)
                0x0000000000009c2c                ot::Mac::Frame::SetDstAddr(ot::Mac::ExtAddress const&)
 .text._ZN2ot3Mac5Frame12FindSrcPanIdEv
                0x0000000000009c6c       0x4c ../../../src/core/libopenthread-mtd.a(libopenthread_mtd_a-mac_frame.o)
                0x0000000000009c6c                ot::Mac::Frame::FindSrcPanId()
 .text._ZN2ot3Mac5Frame11GetSrcPanIdERt
                0x0000000000009cb8       0x2c ../../../src/core/libopenthread-mtd.a(libopenthread_mtd_a-mac_frame.o)
                0x0000000000009cb8                ot::Mac::Frame::GetSrcPanId(unsigned short&)
 .text._ZN2ot3Mac5Frame11SetSrcPanIdEt
                0x0000000000009ce4       0x28 ../../../src/core/libopenthread-mtd.a(libopenthread_mtd_a-mac_frame.o)
                0x0000000000009ce4                ot::Mac::Frame::SetSrcPanId(unsigned short)
 .text._ZN2ot3Mac5Frame11FindSrcAddrEv
                0x0000000000009d0c       0x40 ../../../src/core/libopenthread-mtd.a(libopenthread_mtd_a-mac_frame.o)
                0x0000000000009d0c                ot::Mac::Frame::FindSrcAddr()
 .text._ZN2ot3Mac5Frame10GetSrcAddrERNS0_7AddressE
                0x0000000000009d4c       0x7e ../../../src/core/libopenthread-mtd.a(libopenthread_mtd_a-mac_frame.o)
                0x0000000000009d4c                ot::Mac::Frame::GetSrcAddr(ot::Mac::Address&)
 .text._ZN2ot3Mac5Frame10SetSrcAddrEt
                0x0000000000009dca       0x3c ../../../src/core/libopenthread-mtd.a(libopenthread_mtd_a-mac_frame.o)
                0x0000000000009dca                ot::Mac::Frame::SetSrcAddr(unsigned short)
 .text._ZN2ot3Mac5Frame10SetSrcAddrERKNS0_10ExtAddressE
                0x0000000000009e06       0x4c ../../../src/core/libopenthread-mtd.a(libopenthread_mtd_a-mac_frame.o)
                0x0000000000009e06                ot::Mac::Frame::SetSrcAddr(ot::Mac::ExtAddress const&)
 .text._ZN2ot3Mac5Frame18FindSecurityHeaderEv
                0x0000000000009e52       0x78 ../../../src/core/libopenthread-mtd.a(libopenthread_mtd_a-mac_frame.o)
                0x0000000000009e52                ot::Mac::Frame::FindSecurityHeader()
 .text._ZN2ot3Mac5Frame16GetSecurityLevelERh
                0x0000000000009eca       0x26 ../../../src/core/libopenthread-mtd.a(libopenthread_mtd_a-mac_frame.o)
                0x0000000000009eca                ot::Mac::Frame::GetSecurityLevel(unsigned char&)
 .text._ZN2ot3Mac5Frame12GetKeyIdModeERh
                0x0000000000009ef0       0x26 ../../../src/core/libopenthread-mtd.a(libopenthread_mtd_a-mac_frame.o)
                0x0000000000009ef0                ot::Mac::Frame::GetKeyIdMode(unsigned char&)
 .text._ZN2ot3Mac5Frame15GetFrameCounterERm
                0x0000000000009f16       0x40 ../../../src/core/libopenthread-mtd.a(libopenthread_mtd_a-mac_frame.o)
                0x0000000000009f16                ot::Mac::Frame::GetFrameCounter(unsigned long&)
 .text._ZN2ot3Mac5Frame15SetFrameCounterEm
                0x0000000000009f56       0x4c ../../../src/core/libopenthread-mtd.a(libopenthread_mtd_a-mac_frame.o)
                0x0000000000009f56                ot::Mac::Frame::SetFrameCounter(unsigned long)
 .text._ZN2ot3Mac5Frame18GetKeySourceLengthEh
                0x0000000000009fa2       0x1c ../../../src/core/libopenthread-mtd.a(libopenthread_mtd_a-mac_frame.o)
                0x0000000000009fa2                ot::Mac::Frame::GetKeySourceLength(unsigned char)
 .text._ZN2ot3Mac5Frame12SetKeySourceEPKh
                0x0000000000009fbe       0x36 ../../../src/core/libopenthread-mtd.a(libopenthread_mtd_a-mac_frame.o)
                0x0000000000009fbe                ot::Mac::Frame::SetKeySource(unsigned char const*)
 .text._ZN2ot3Mac5Frame8SetKeyIdEh
                0x0000000000009ff4       0x36 ../../../src/core/libopenthread-mtd.a(libopenthread_mtd_a-mac_frame.o)
                0x0000000000009ff4                ot::Mac::Frame::SetKeyId(unsigned char)
 .text._ZN2ot3Mac5Frame15GetFooterLengthEv
                0x000000000000a02a       0x46 ../../../src/core/libopenthread-mtd.a(libopenthread_mtd_a-mac_frame.o)
                0x000000000000a02a                ot::Mac::Frame::GetFooterLength()