Archive member included to satisfy reference by file (symbol)

../../../src/ncp/libopenthread-ncp-mtd.a(libopenthread_ncp_mtd_a-ncp_uart.o)
                              ot_ncp_mtd-main.o (otNcpInit)
../../../src/ncp/libopenthread-ncp-mtd.a(libopenthread_ncp_mtd_a-ncp_base.o)
                              ../../../src/ncp/libopenthread-ncp-mtd.a(libopenthread_ncp_mtd_a-ncp_uart.o) (ot::NcpBase::GetNcpInstance())
../../../src/ncp/libopenthread-ncp-mtd.a(libopenthread_ncp_mtd_a-ncp_buffer.o)
                              ../../../src/ncp/libopenthread-ncp-mtd.a(libopenthread_ncp_mtd_a-ncp_base.o) (ot::NcpFrameBuffer::NcpFrameBuffer(unsigned char*, unsigned short))
../../../src/ncp/libopenthread-ncp-mtd.a(libopenthread_ncp_mtd_a-spinel.o)
                              ../../../src/ncp/libopenthread-ncp-mtd.a(libopenthread_ncp_mtd_a-ncp_base.o) (spinel_datatype_unpack)
../../../src/ncp/libopenthread-ncp-mtd.a(libopenthread_ncp_mtd_a-hdlc.o)
                              ../../../src/ncp/libopenthread-ncp-mtd.a(libopenthread_ncp_mtd_a-ncp_uart.o) (ot::Hdlc::Encoder::BufferWriteIterator::BufferWriteIterator())
../../../src/core/libopenthread-mtd.a(libopenthread_mtd_a-dataset_api.o)
                              ../../../src/ncp/libopenthread-ncp-mtd.a(libopenthread_ncp_mtd_a-ncp_base.o) (otDatasetIsCommissioned)
../../../src/core/libopenthread-mtd.a(libopenthread_mtd_a-icmp6_api.o)
                              ../../../src/ncp/libopenthread-ncp-mtd.a(libopenthread_ncp_mtd_a-ncp_base.o) (otIcmp6IsEchoEnabled)
../../../src/core/libopenthread-mtd.a(libopenthread_mtd_a-instance_api.o)
                              ot_ncp_mtd-main.o (otInstanceInitSingle)
../../../src/core/libopenthread-mtd.a(libopenthread_mtd_a-ip6_api.o)
                              ../../../src/ncp/libopenthread-ncp-mtd.a(libopenthread_ncp_mtd_a-ncp_base.o) (otIp6SetEnabled)
../../../src/core/libopenthread-mtd.a(libopenthread_mtd_a-link_api.o)
                              ../../../src/ncp/libopenthread-ncp-mtd.a(libopenthread_ncp_mtd_a-ncp_base.o) (otLinkGetChannel)
../../../src/core/libopenthread-mtd.a(libopenthread_mtd_a-link_raw_api.o)
                              ../../../src/ncp/libopenthread-ncp-mtd.a(libopenthread_ncp_mtd_a-ncp_base.o) (otLinkRawSetEnable)
../../../src/core/libopenthread-mtd.a(libopenthread_mtd_a-message_api.o)
                              ../../../src/ncp/libopenthread-ncp-mtd.a(libopenthread_ncp_mtd_a-ncp_base.o) (otMessageFree)
../../../src/core/libopenthread-mtd.a(libopenthread_mtd_a-netdata_api.o)
                              ../../../src/ncp/libopenthread-ncp-mtd.a(libopenthread_ncp_mtd_a-ncp_base.o) (otNetDataGet)
../../../src/core/libopenthread-mtd.a(libopenthread_mtd_a-tasklet_api.o)
                              ot_ncp_mtd-main.o (otTaskletsProcess)
../../../src/core/libopenthread-mtd.a(libopenthread_mtd_a-thread_api.o)
                              ../../../src/ncp/libopenthread-ncp-mtd.a(libopenthread_ncp_mtd_a-ncp_base.o) (otThreadGetChildTimeout)
../../../src/core/libopenthread-mtd.a(libopenthread_mtd_a-message.o)
                              ../../../src/core/libopenthread-mtd.a(libopenthread_mtd_a-message_api.o) (ot::Message::Free())
../../../src/core/libopenthread-mtd.a(libopenthread_mtd_a-tasklet.o)
                              ../../../src/ncp/libopenthread-ncp-mtd.a(libopenthread_ncp_mtd_a-ncp_uart.o) (ot::Tasklet::Tasklet(otInstance*, void (*)(ot::Tasklet&), void*))
../../../src/core/libopenthread-mtd.a(libopenthread_mtd_a-heap.o)
                              ../../../src/core/libopenthread-mtd.a(libopenthread_mtd_a-instance_api.o) (ot::Crypto::Heap::Heap())
../../../src/core/libopenthread-mtd.a(libopenthread_mtd_a-mbedtls.o)
                              ../../../src/core/libopenthread-mtd.a(libopenthread_mtd_a-instance_api.o) (ot::Crypto::MbedTls::MbedTls())
../../../src/core/libopenthread-mtd.a(libopenthread_mtd_a-mac.o)
                              ../../../src/core/libopenthread-mtd.a(libopenthread_mtd_a-link_api.o) (ot::Mac::Mac::IsActiveScanInProgress())
../../../src/core/libopenthread-mtd.a(libopenthread_mtd_a-mac_frame.o)
                              ../../../src/core/libopenthread-mtd.a(libopenthread_mtd_a-mac.o) (ot::Mac::Frame::ValidatePsdu())
../../../src/core/libopenthread-mtd.a(libopenthread_mtd_a-dataset_local.o)
                              ../../../src/core/libopenthread-mtd.a(libopenthread_mtd_a-dataset_api.o) (ot::MeshCoP::DatasetLocal::Get(otOperationalDataset&) const)
../../../src/core/libopenthread-mtd.a(libopenthread_mtd_a-dataset_manager.o)
                              ../../../src/core/libopenthread-mtd.a(libopenthread_mtd_a-link_api.o) (ot::MeshCoP::ActiveDatasetBase::Clear())
../../../src/core/libopenthread-mtd.a(libopenthread_mtd_a-timestamp.o)
                              ../../../src/core/libopenthread-mtd.a(libopenthread_mtd_a-dataset_local.o) (ot::MeshCoP::Timestamp::Compare(ot::MeshCoP::Timestamp const&) const)
[...]
Memory Configuration

Name             Origin             Length             Attributes
SFR              0x0000000000000000 0x0000000000000010
RAM              0x0000000000001100 0x0000000000002000
RAM_MIRROR       0x0000000000000200 0x0000000000000800
INFOMEM          0x0000000000001000 0x0000000000000100
INFOA            0x00000000000010c0 0x0000000000000040
INFOB            0x0000000000001080 0x0000000000000040
INFOC            0x0000000000001040 0x0000000000000040
INFOD            0x0000000000001000 0x0000000000000040
ROM              0x0000000000003100 0x000000000000cebe xr
HIROM            0x0000000000010000 0x0000000000009fff xr
BSLSIGNATURE     0x000000000000ffbe 0x0000000000000002
VECT1            0x000000000000ffc0 0x0000000000000002
VECT2            0x000000000000ffc2 0x0000000000000002
VECT3            0x000000000000ffc4 0x0000000000000002
VECT4            0x000000000000ffc6 0x0000000000000002
VECT5            0x000000000000ffc8 0x0000000000000002
VECT6            0x000000000000ffca 0x0000000000000002
VECT7            0x000000000000ffcc 0x0000000000000002
VECT8            0x000000000000ffce 0x0000000000000002
VECT9            0x000000000000ffd0 0x0000000000000002
VECT10           0x000000000000ffd2 0x0000000000000002
VECT11           0x000000000000ffd4 0x0000000000000002
VECT12           0x000000000000ffd6 0x0000000000000002
VECT13           0x000000000000ffd8 0x0000000000000002
VECT14           0x000000000000ffda 0x0000000000000002
VECT15           0x000000000000ffdc 0x0000000000000002
VECT16           0x000000000000ffde 0x0000000000000002
VECT17           0x000000000000ffe0 0x0000000000000002
VECT18           0x000000000000ffe2 0x0000000000000002
VECT19           0x000000000000ffe4 0x0000000000000002
VECT20           0x000000000000ffe6 0x0000000000000002
VECT21           0x000000000000ffe8 0x0000000000000002
VECT22           0x000000000000ffea 0x0000000000000002
VECT23           0x000000000000ffec 0x0000000000000002
VECT24           0x000000000000ffee 0x0000000000000002
VECT25           0x000000000000fff0 0x0000000000000002
VECT26           0x000000000000fff2 0x0000000000000002
VECT27           0x000000000000fff4 0x0000000000000002
VECT28           0x000000000000fff6 0x0000000000000002
VECT29           0x000000000000fff8 0x0000000000000002
VECT30           0x000000000000fffa 0x0000000000000002
VECT31           0x000000000000fffc 0x0000000000000002
RESETVEC         0x000000000000fffe 0x0000000000000002
*default*        0x0000000000000000 0xffffffffffffffff

Linker script and memory map

LOAD ot_ncp_mtd-main.o
LOAD ../../../src/ncp/libopenthread-ncp-mtd.a
LOAD ../../../src/core/libopenthread-mtd.a
LOAD ../../../third_party/mbedtls/libmbedcrypto.a
LOAD ../../../examples/platforms/z1/libopenthread-z1.a
LOAD /usr/local/lib/gcc/msp430-elf/6.2.1/large/libgcc.a
START GROUP
LOAD /usr/local/lib/gcc/msp430-elf/6.2.1/large/libmul_16.a
LOAD /usr/msp430-elf/lib/large/libc.a
LOAD /usr/local/lib/gcc/msp430-elf/6.2.1/large/libgcc.a
LOAD /usr/msp430-elf/lib/large/libcrt.a
LOAD /usr/msp430-elf/lib/large/libnosys.a
END GROUP
LOAD /usr/local/lib/gcc/msp430-elf/6.2.1/large/libgcc.a

.bslsignature

__interrupt_vector_1
 *(__interrupt_vector_1)
 *(__interrupt_vector_reserved0)

__interrupt_vector_2
 *(__interrupt_vector_2)
 *(__interrupt_vector_reserved1)

__interrupt_vector_3
 *(__interrupt_vector_3)
 *(__interrupt_vector_reserved2)

__interrupt_vector_4
 *(__interrupt_vector_4)
 *(__interrupt_vector_reserved3)

__interrupt_vector_5
 *(__interrupt_vector_5)
 *(__interrupt_vector_reserved4)

__interrupt_vector_6
 *(__interrupt_vector_6)
 *(__interrupt_vector_reserved5)

__interrupt_vector_7
 *(__interrupt_vector_7)
 *(__interrupt_vector_reserved6)

__interrupt_vector_8
 *(__interrupt_vector_8)
 *(__interrupt_vector_reserved7)

__interrupt_vector_9
 *(__interrupt_vector_9)
 *(__interrupt_vector_reserved8)

__interrupt_vector_10
 *(__interrupt_vector_10)
 *(__interrupt_vector_reserved9)

__interrupt_vector_11
 *(__interrupt_vector_11)
 *(__interrupt_vector_reserved10)

__interrupt_vector_12
 *(__interrupt_vector_12)
 *(__interrupt_vector_reserved11)

__interrupt_vector_13
 *(__interrupt_vector_13)
 *(__interrupt_vector_reserved12)

__interrupt_vector_14
 *(__interrupt_vector_14)
 *(__interrupt_vector_reserved13)

__interrupt_vector_15
 *(__interrupt_vector_15)
 *(__interrupt_vector_dac12)

__interrupt_vector_16
 *(__interrupt_vector_16)
 *(__interrupt_vector_dma)

__interrupt_vector_17
 *(__interrupt_vector_17)
 *(__interrupt_vector_usciab1tx)

__interrupt_vector_18
 *(__interrupt_vector_18)
 *(__interrupt_vector_usciab1rx)

__interrupt_vector_19
 *(__interrupt_vector_19)
 *(__interrupt_vector_port1)

__interrupt_vector_20
 *(__interrupt_vector_20)
 *(__interrupt_vector_port2)

__interrupt_vector_21
 *(__interrupt_vector_21)
 *(__interrupt_vector_reserved20)

__interrupt_vector_22
 *(__interrupt_vector_22)
 *(__interrupt_vector_adc12)

__interrupt_vector_23
                0x000000000000ffec        0x2
 *(__interrupt_vector_23)
 __interrupt_vector_23
                0x000000000000ffec        0x2 ../../../examples/platforms/z1/libopenthread-z1.a(libopenthread_z1_a-uart.o)
 *(__interrupt_vector_usciab0tx)

__interrupt_vector_24
                0x000000000000ffee        0x2
 *(__interrupt_vector_24)
 __interrupt_vector_24
                0x000000000000ffee        0x2 ../../../examples/platforms/z1/libopenthread-z1.a(libopenthread_z1_a-uart.o)
 *(__interrupt_vector_usciab0rx)

__interrupt_vector_25
 *(__interrupt_vector_25)
 *(__interrupt_vector_timera1)

__interrupt_vector_26
 *(__interrupt_vector_26)
 *(__interrupt_vector_timera0)

__interrupt_vector_27
 *(__interrupt_vector_27)
 *(__interrupt_vector_wdt)

__interrupt_vector_28
 *(__interrupt_vector_28)
 *(__interrupt_vector_comparatora)

__interrupt_vector_29
 *(__interrupt_vector_29)
 *(__interrupt_vector_timerb1)

__interrupt_vector_30
 *(__interrupt_vector_30)
 *(__interrupt_vector_timerb0)

__interrupt_vector_31
 *(__interrupt_vector_31)
 *(__interrupt_vector_nmi)

__reset_vector
 *(__interrupt_vector_32)
 *(__interrupt_vector_reset)
 *(.resetvec)

.rodata         0x0000000000003100     0x4baf
                0x0000000000003100                . = ALIGN (0x2)
 *(.plt)
                0x0000000000003100                . = ALIGN (0x2)
 *(.lower.rodata.* .lower.rodata)
                0x0000000000003100                . = ALIGN (0x2)
 *(.rodata .rodata.* .gnu.linkonce.r.* .const .const:*)
 .rodata        0x0000000000003100       0x1d ../../../src/ncp/libopenthread-ncp-mtd.a(libopenthread_ncp_mtd_a-ncp_uart.o)
 .rodata        0x000000000000311d       0xab ../../../src/ncp/libopenthread-ncp-mtd.a(libopenthread_ncp_mtd_a-ncp_base.o)
 .rodata.CSWTCH.399
                0x00000000000031c8        0x4 ../../../src/ncp/libopenthread-ncp-mtd.a(libopenthread_ncp_mtd_a-ncp_base.o)
 .rodata.CSWTCH.373
                0x00000000000031cc        0x3 ../../../src/ncp/libopenthread-ncp-mtd.a(libopenthread_ncp_mtd_a-ncp_base.o)
 .rodata.CSWTCH.262
                0x00000000000031cf        0x3 ../../../src/ncp/libopenthread-ncp-mtd.a(libopenthread_ncp_mtd_a-ncp_base.o)
 .rodata.CSWTCH.258
                0x00000000000031d2        0x9 ../../../src/ncp/libopenthread-ncp-mtd.a(libopenthread_ncp_mtd_a-ncp_base.o)
 *fill*         0x00000000000031db        0x1 
 .rodata._ZZN2ot7NcpBase25ProcessThreadChangedFlagsEvE6kFlags
                0x00000000000031dc       0x90 ../../../src/ncp/libopenthread-ncp-mtd.a(libopenthread_ncp_mtd_a-ncp_base.o)
 .rodata._ZN2ot7NcpBase15ChangedPropsSet15mSupportedPropsE
                0x000000000000326c      0x144 ../../../src/ncp/libopenthread-ncp-mtd.a(libopenthread_ncp_mtd_a-ncp_base.o)
                0x000000000000326c                ot::NcpBase::ChangedPropsSet::mSupportedProps
 .rodata._ZN2ot7NcpBase27mRemovePropertyHandlerTableE
                0x00000000000033b0       0x60 ../../../src/ncp/libopenthread-ncp-mtd.a(libopenthread_ncp_mtd_a-ncp_base.o)
                0x00000000000033b0                ot::NcpBase::mRemovePropertyHandlerTable
 .rodata._ZN2ot7NcpBase27mInsertPropertyHandlerTableE
                0x0000000000003410       0x60 ../../../src/ncp/libopenthread-ncp-mtd.a(libopenthread_ncp_mtd_a-ncp_base.o)
                0x0000000000003410                ot::NcpBase::mInsertPropertyHandlerTable
 .rodata._ZN2ot7NcpBase24mSetPropertyHandlerTableE
                0x0000000000003470      0x280 ../../../src/ncp/libopenthread-ncp-mtd.a(libopenthread_ncp_mtd_a-ncp_base.o)
                0x0000000000003470                ot::NcpBase::mSetPropertyHandlerTable
 .rodata._ZN2ot7NcpBase24mGetPropertyHandlerTableE
                0x00000000000036f0      0x740 ../../../src/ncp/libopenthread-ncp-mtd.a(libopenthread_ncp_mtd_a-ncp_base.o)
                0x00000000000036f0                ot::NcpBase::mGetPropertyHandlerTable
 .rodata._ZN2ot7NcpBase20mCommandHandlerTableE
                0x0000000000003e30       0x5a ../../../src/ncp/libopenthread-ncp-mtd.a(libopenthread_ncp_mtd_a-ncp_base.o)
                0x0000000000003e30                ot::NcpBase::mCommandHandlerTable
 .rodata._ZN2ot14NcpFrameBuffer11kInvalidTagE
                0x0000000000003e8a        0x4 ../../../src/ncp/libopenthread-ncp-mtd.a(libopenthread_ncp_mtd_a-ncp_buffer.o)
                0x0000000000003e8a                ot::NcpFrameBuffer::kInvalidTag
 .rodata        0x0000000000003e8e     0x161a ../../../src/ncp/libopenthread-ncp-mtd.a(libopenthread_ncp_mtd_a-spinel.o)
 .rodata._ZZN2ot4HdlcL9UpdateFcsEthE9sFcsTable
                0x00000000000054a8      0x200 ../../../src/ncp/libopenthread-ncp-mtd.a(libopenthread_ncp_mtd_a-hdlc.o)
 .rodata._ZZ18otGetVersionStringE8sVersion
                0x00000000000056a8       0x35 ../../../src/core/libopenthread-mtd.a(libopenthread_mtd_a-thread_api.o)
 .rodata._ZN2ot3MacL16sNetworkNameInitE
                0x00000000000056dd        0xb ../../../src/core/libopenthread-mtd.a(libopenthread_mtd_a-mac.o)
 .rodata._ZN2ot3MacL18sExtendedPanidInitE
                0x00000000000056e8        0x8 ../../../src/core/libopenthread-mtd.a(libopenthread_mtd_a-mac.o)
 .rodata._ZN2ot3MacL16sMode2ExtAddressE
                0x00000000000056f0        0x8 ../../../src/core/libopenthread-mtd.a(libopenthread_mtd_a-mac.o)
 .rodata._ZN2ot3MacL9sMode2KeyE
                0x00000000000056f8       0x10 ../../../src/core/libopenthread-mtd.a(libopenthread_mtd_a-mac.o)
 .rodata        0x0000000000005708       0x14 ../../../src/core/libopenthread-mtd.a(libopenthread_mtd_a-dataset_manager.o)
 .rodata._ZTVN2ot3Ip65NetifE
                0x000000000000571c       0x14 ../../../src/core/libopenthread-mtd.a(libopenthread_mtd_a-netif.o)
                0x000000000000571c                vtable for ot::Ip6::Netif
 .rodata._ZN2otL13kThreadStringE
                0x0000000000005730        0x6 ../../../src/core/libopenthread-mtd.a(libopenthread_mtd_a-key_manager.o)
 .rodata.CSWTCH.26
                0x0000000000005736        0x3 ../../../src/core/libopenthread-mtd.a(libopenthread_mtd_a-link_quality.o)
 .rodata.CSWTCH.25
                0x0000000000005739        0x3 ../../../src/core/libopenthread-mtd.a(libopenthread_mtd_a-link_quality.o)
 .rodata._ZZN2ot3Mle3Mle16HandleLeaderDataERKNS_7MessageERKNS_3Ip611MessageInfoEE4tlvs
                0x000000000000573c        0x1 ../../../src/core/libopenthread-mtd.a(libopenthread_mtd_a-mle.o)
 *fill*         0x000000000000573d        0x1 
 .rodata._ZTVN2ot11ThreadNetifE
                0x000000000000573e       0x14 ../../../src/core/libopenthread-mtd.a(libopenthread_mtd_a-thread_netif.o)
                0x000000000000573e                vtable for ot::ThreadNetif
 .rodata._ZN2otL16kThreadMasterKeyE
                0x0000000000005752       0x10 ../../../src/core/libopenthread-mtd.a(libopenthread_mtd_a-thread_netif.o)
 .rodata._ZTVN2ot4Coap4CoapE
                0x0000000000005762       0x10 ../../../src/core/libopenthread-mtd.a(libopenthread_mtd_a-coap.o)
                0x0000000000005762                vtable for ot::Coap::Coap
 .rodata._ZN2ot19TimerMilliScheduler14sAlarmMilliApiE
                0x0000000000005772        0xc ../../../src/core/libopenthread-mtd.a(libopenthread_mtd_a-timer.o)
                0x0000000000005772                ot::TimerMilliScheduler::sAlarmMilliApi
 .rodata        0x000000000000577e        0x5 ../../../src/core/libopenthread-mtd.a(libopenthread_mtd_a-announce_begin_server.o)
 .rodata        0x0000000000005783        0xa ../../../src/core/libopenthread-mtd.a(libopenthread_mtd_a-energy_scan_server.o)
 .rodata        0x000000000000578d        0xa ../../../src/core/libopenthread-mtd.a(libopenthread_mtd_a-panid_query_server.o)
 .rodata        0x0000000000005797        0xe ../../../third_party/mbedtls/libmbedcrypto.a(libmbedcrypto_a-md_wrap.o)
 *fill*         0x00000000000057a5        0x1 
 .rodata.mbedtls_sha256_info
                0x00000000000057a6       0x2a ../../../third_party/mbedtls/libmbedcrypto.a(libmbedcrypto_a-md_wrap.o)
                0x00000000000057a6                mbedtls_sha256_info
 .rodata.mbedtls_sha224_info
                0x00000000000057d0       0x2a ../../../third_party/mbedtls/libmbedcrypto.a(libmbedcrypto_a-md_wrap.o)
                0x00000000000057d0                mbedtls_sha224_info
 .rodata.sha256_padding
                0x00000000000057fa       0x40 ../../../third_party/mbedtls/libmbedcrypto.a(libmbedcrypto_a-sha256.o)
 .rodata.K      0x000000000000583a      0x100 ../../../third_party/mbedtls/libmbedcrypto.a(libmbedcrypto_a-sha256.o)
 .rodata.RCON   0x000000000000593a       0x28 ../../../third_party/mbedtls/libmbedcrypto.a(libmbedcrypto_a-aes.o)
 .rodata.RT3    0x0000000000005962      0x400 ../../../third_party/mbedtls/libmbedcrypto.a(libmbedcrypto_a-aes.o)
 .rodata.RT2    0x0000000000005d62      0x400 ../../../third_party/mbedtls/libmbedcrypto.a(libmbedcrypto_a-aes.o)
 .rodata.RT1    0x0000000000006162      0x400 ../../../third_party/mbedtls/libmbedcrypto.a(libmbedcrypto_a-aes.o)
 .rodata.RT0    0x0000000000006562      0x400 ../../../third_party/mbedtls/libmbedcrypto.a(libmbedcrypto_a-aes.o)
 .rodata.RSb    0x0000000000006962      0x100 ../../../third_party/mbedtls/libmbedcrypto.a(libmbedcrypto_a-aes.o)
 .rodata.FT3    0x0000000000006a62      0x400 ../../../third_party/mbedtls/libmbedcrypto.a(libmbedcrypto_a-aes.o)
 .rodata.FT2    0x0000000000006e62      0x400 ../../../third_party/mbedtls/libmbedcrypto.a(libmbedcrypto_a-aes.o)
 .rodata.FT1    0x0000000000007262      0x400 ../../../third_party/mbedtls/libmbedcrypto.a(libmbedcrypto_a-aes.o)
 .rodata.FT0    0x0000000000007662      0x400 ../../../third_party/mbedtls/libmbedcrypto.a(libmbedcrypto_a-aes.o)
 .rodata.FSb    0x0000000000007a62      0x100 ../../../third_party/mbedtls/libmbedcrypto.a(libmbedcrypto_a-aes.o)
 .rodata.__clz_tab
                0x0000000000007b62      0x100 /usr/local/lib/gcc/msp430-elf/6.2.1/large/libgcc.a(_clz.o)
                0x0000000000007b62                __clz_tab
 .rodata        0x0000000000007c62       0x11 /usr/msp430-elf/lib/large/libc.a(lib_a-nano-svfprintf.o)
 .rodata        0x0000000000007c73       0x22 /usr/msp430-elf/lib/large/libc.a(lib_a-nano-vfprintf_i.o)
 .rodata        0x0000000000007c95       0x1a /usr/msp430-elf/lib/large/libnosys.a(sbrk.o)
 *(.rodata1)
 *(.gcc_except_table)
 *(.gcc_except_table.*)
                [!provide]                        PROVIDE (__preinit_array_start, .)
 *(.preinit_array)
                [!provide]                        PROVIDE (__preinit_array_end, .)
                [!provide]                        PROVIDE (__init_array_start, .)
 *(SORT(.init_array.*))
 *(.init_array)
                [!provide]                        PROVIDE (__init_array_end, .)
                [!provide]                        PROVIDE (__fini_array_start, .)
 *(.fini_array)
 *(SORT(.fini_array.*))
                [!provide]                        PROVIDE (__fini_array_end, .)

.rodata2        0x0000000000007cb0       0xd8
                0x0000000000007cb0                . = ALIGN (0x2)
 *(.eh_frame_hdr)
 *(.eh_frame)
 .eh_frame      0x0000000000007cb0       0x48 /usr/local/lib/gcc/msp430-elf/6.2.1/large/libgcc.a(_divdi3.o)
 .eh_frame      0x0000000000007cf8       0x48 /usr/local/lib/gcc/msp430-elf/6.2.1/large/libgcc.a(_moddi3.o)
 .eh_frame      0x0000000000007d40       0x48 /usr/local/lib/gcc/msp430-elf/6.2.1/large/libgcc.a(_udivdi3.o)
 *crtbegin*.o(.ctors)
 *(EXCLUDE_FILE(*crtend*.o) .ctors)
 *(SORT(.ctors.*))
 *(.ctors)
 *crtbegin*.o(.dtors)
 *(EXCLUDE_FILE(*crtend*.o) .dtors)
 *(SORT(.dtors.*))
 *(.dtors)

.upper.rodata
 *(.upper.rodata.* .upper.rodata)

.data           0x0000000000001100       0xb6 load address 0x0000000000007d88
                0x0000000000001100                . = ALIGN (0x2)
                0x0000000000001100                PROVIDE (__datastart, .)
 *(.lower.data.* .lower.data)
                0x0000000000001100                . = ALIGN (0x2)
 *(.either.data.* .either.data)
                0x0000000000001100                . = ALIGN (0x2)
 *(.jcr)
 *(.data.rel.ro.local)
 *(.data.rel.ro*)
 *(.dynamic)
                0x0000000000001100                . = ALIGN (0x2)
 *(.data .data.* .gnu.linkonce.d.*)
 .data          0x0000000000001100        0x4 ../../../src/core/libopenthread-mtd.a(libopenthread_mtd_a-mac.o)
 .data          0x0000000000001104        0x3 ../../../src/core/libopenthread-mtd.a(libopenthread_mtd_a-mle.o)
 *fill*         0x0000000000001107        0x1 
 .data.mbedtls_free
                0x0000000000001108        0x4 ../../../third_party/mbedtls/libmbedcrypto.a(libmbedcrypto_a-platform.o)
                0x0000000000001108                mbedtls_free
 .data.mbedtls_calloc
                0x000000000000110c        0x4 ../../../third_party/mbedtls/libmbedcrypto.a(libmbedcrypto_a-platform.o)
                0x000000000000110c                mbedtls_calloc
 .data._impure_ptr
                0x0000000000001110        0x4 /usr/msp430-elf/lib/large/libc.a(lib_a-impure.o)
                0x0000000000001110                _impure_ptr
 .data.impure_data
                0x0000000000001114       0x52 /usr/msp430-elf/lib/large/libc.a(lib_a-impure.o)
 .data.heap.1381
                0x0000000000001166        0x4 /usr/msp430-elf/lib/large/libnosys.a(sbrk.o)
 .data          0x000000000000116a       0x4b /usr/msp430-elf/lib/large/libnosys.a(cio.o)
                0x000000000000116a                __CIOBUF__
                0x000000000000116a                _CIOBUF_
 *(.gnu.linkonce.d.*personality*)
 *(.data1)
 *(.got.plt)
 *(.got)
                0x00000000000011b6                . = ALIGN (0x2)
 *fill*         0x00000000000011b5        0x1 
 *(.sdata .sdata.* .gnu.linkonce.s.* D_2 D_1)
                0x00000000000011b6                . = ALIGN (0x2)
                0x00000000000011b6                _edata = .
                [!provide]                        PROVIDE (edata, .)
                [!provide]                        PROVIDE (__dataend, .)
                0x0000000000007d88                PROVIDE (__romdatastart, LOADADDR (.data))
                0x00000000000000b6                PROVIDE (__romdatacopysize, SIZEOF (.data))

.bss            0x00000000000011b6     0x1996 load address 0x0000000000007e3e
                0x00000000000011b6                . = ALIGN (0x2)
                0x00000000000011b6                PROVIDE (__bssstart, .)
 *(.lower.bss.* .lower.bss)
                0x00000000000011b6                . = ALIGN (0x2)
 *(.either.bss.* .either.bss)
 *(.dynbss)
 *(.sbss .sbss.*)
 *(.bss .bss.* .gnu.linkonce.b.*)
 .bss._ZN2otL7sNcpRawE
                0x00000000000011b6      0x8c0 ../../../src/ncp/libopenthread-ncp-mtd.a(libopenthread_ncp_mtd_a-ncp_uart.o)
 .bss._ZN2ot7NcpBase12sNcpInstanceE
                0x0000000000001a76        0x4 ../../../src/ncp/libopenthread-ncp-mtd.a(libopenthread_ncp_mtd_a-ncp_base.o)
                0x0000000000001a76                ot::NcpBase::sNcpInstance
 .bss.sInstance
                0x0000000000001a7a        0x4 ../../../src/core/libopenthread-mtd.a(libopenthread_mtd_a-instance_api.o)
                0x0000000000001a7a                sInstance
 .bss._ZL12sInstanceRaw
                0x0000000000001a7e     0x1020 ../../../src/core/libopenthread-mtd.a(libopenthread_mtd_a-instance_api.o)
 .bss.rxBuffer  0x0000000000002a9e       0x84 ../../../examples/platforms/z1/libopenthread-z1.a(libopenthread_z1_a-uart.o)
 .bss.txDone    0x0000000000002b22        0x1 ../../../examples/platforms/z1/libopenthread-z1.a(libopenthread_z1_a-uart.o)
 *fill*         0x0000000000002b23        0x1 
 .bss.txBufferLength
                0x0000000000002b24        0x2 ../../../examples/platforms/z1/libopenthread-z1.a(libopenthread_z1_a-uart.o)
 .bss.txBuffer  0x0000000000002b26        0x4 ../../../examples/platforms/z1/libopenthread-z1.a(libopenthread_z1_a-uart.o)
 .bss._ZL17sSettingsUsedSize
                0x0000000000002b2a        0x4 ../../../examples/platforms/z1/libopenthread-z1.a(libopenthread_platform_utils_a-settings.o)
 .bss._ZL20sSettingsBaseAddress
                0x0000000000002b2e        0x4 ../../../examples/platforms/z1/libopenthread-z1.a(libopenthread_platform_utils_a-settings.o)
 .bss.__malloc_sbrk_start
                0x0000000000002b32        0x4 /usr/msp430-elf/lib/large/libc.a(lib_a-nano-mallocr.o)
                0x0000000000002b32                __malloc_sbrk_start
 .bss.__malloc_free_list
                0x0000000000002b36        0x4 /usr/msp430-elf/lib/large/libc.a(lib_a-nano-mallocr.o)
                0x0000000000002b36                __malloc_free_list
                0x0000000000002b3a                . = ALIGN (0x2)
 *(COMMON)
 COMMON         0x0000000000002b3a       0x10 ../../../examples/platforms/z1/libopenthread-z1.a(libopenthread_z1_a-radio.o)
                0x0000000000002b3a                otRadioTXBuff
 COMMON         0x0000000000002b4a        0x2 /usr/msp430-elf/lib/large/libc.a(lib_a-reent.o)
                0x0000000000002b4a                errno
                [!provide]                        PROVIDE (__bssend, .)
                0x0000000000001996                PROVIDE (__bsssize, SIZEOF (.bss))

.noinit         0x0000000000002b4c        0x0 load address 0x0000000000007e3e
                0x0000000000002b4c                . = ALIGN (0x2)
                [!provide]                        PROVIDE (__noinit_start, .)
 *(.noinit)
                0x0000000000002b4c                . = ALIGN (0x2)
                [!provide]                        PROVIDE (__noinit_end, .)

.heap           0x0000000000002b4c        0x4 load address 0x0000000000007e3e
                0x0000000000002b4c                . = ALIGN (0x2)
                0x0000000000002b4c                __heap_start__ = .
                0x0000000000002b4c                _end = __heap_start__
                0x0000000000002b4c                PROVIDE (end, .)
 *(.heap)
                0x0000000000002b4c                _end = .
                [!provide]                        PROVIDE (end, .)
                0x0000000000002b4c        0x4 LONG 0x0
                0x0000000000002b50                __heap_end__ = .
                0x0000000000002b50                __HeapLimit = __heap_end__

.stack          0x0000000000003100        0x0
                [!provide]                        PROVIDE (__stack, .)
 *(.stack)

.lowtext        0x0000000000007e3e       0x9e
                0x0000000000007e3e                PROVIDE (_start, .)
                0x0000000000007e3e                . = ALIGN (0x2)
 *(SORT(.crt_*))
 .crt_0100init_bss
                0x0000000000007e3e       0x10 /usr/msp430-elf/lib/large/libcrt.a(crt_bss.o)
                0x0000000000007e3e                __crt0_init_bss
 .crt_0300movedata
                0x0000000000007e4e       0x14 /usr/msp430-elf/lib/large/libcrt.a(crt_movedata.o)
                0x0000000000007e4e                __crt0_movedata
 *(.lowtext)
 .lowtext       0x0000000000007e62       0x7a ../../../examples/platforms/z1/libopenthread-z1.a(libopenthread_z1_a-uart.o)
                0x0000000000007e62                tx_finished_isr
                0x0000000000007ea6                rx_finished_isr

.text           0x0000000000007edc    0x21592
                0x0000000000007edc                . = ALIGN (0x2)
 *(.text.startup.main)
 .text.startup.main
                0x0000000000007edc       0x28 ot_ncp_mtd-main.o
                0x0000000000007edc                main
                0x0000000000007f04                . = ALIGN (0x2)
 *(.lower.text.* .lower.text)
                0x0000000000007f04                . = ALIGN (0x2)
 *(.text .stub .text.* .gnu.linkonce.t.* .text:*)
 .text.otTaskletsSignalPending
                0x0000000000007f04        0x2 ot_ncp_mtd-main.o
                0x0000000000007f04                otTaskletsSignalPending
 .text._ZN2ot7NcpUart11HandleFrameEPvPht
                0x0000000000007f06        0x6 ../../../src/ncp/libopenthread-ncp-mtd.a(libopenthread_ncp_mtd_a-ncp_uart.o)
                0x0000000000007f06                ot::NcpUart::HandleFrame(void*, unsigned char*, unsigned short)
 .text._ZN2ot7NcpUart12UartTxBufferC2Ev
                0x0000000000007f0c       0x1c ../../../src/ncp/libopenthread-ncp-mtd.a(libopenthread_ncp_mtd_a-ncp_uart.o)
                0x0000000000007f0c                ot::NcpUart::UartTxBuffer::UartTxBuffer()
                0x0000000000007f0c                ot::NcpUart::UartTxBuffer::UartTxBuffer()
 .text._ZN2ot7NcpUartC2EP10otInstance
                0x0000000000007f28       0x8c ../../../src/ncp/libopenthread-ncp-mtd.a(libopenthread_ncp_mtd_a-ncp_uart.o)
                0x0000000000007f28                ot::NcpUart::NcpUart(otInstance*)
                0x0000000000007f28                ot::NcpUart::NcpUart(otInstance*)
 .text.otNcpInit
                0x0000000000007fb4       0x1a ../../../src/ncp/libopenthread-ncp-mtd.a(libopenthread_ncp_mtd_a-ncp_uart.o)
                0x0000000000007fb4                otNcpInit
 .text._ZN2ot7NcpUart27HandleFrameAddedToNcpBufferEv
                0x0000000000007fce       0x18 ../../../src/ncp/libopenthread-ncp-mtd.a(libopenthread_ncp_mtd_a-ncp_uart.o)
                0x0000000000007fce                ot::NcpUart::HandleFrameAddedToNcpBuffer()
 .text._ZN2ot7NcpUart27HandleFrameAddedToNcpBufferEPvPKvNS_14NcpFrameBuffer8PriorityEPS4_
                0x0000000000007fe6        0x6 ../../../src/ncp/libopenthread-ncp-mtd.a(libopenthread_ncp_mtd_a-ncp_uart.o)
                0x0000000000007fe6                ot::NcpUart::HandleFrameAddedToNcpBuffer(void*, void const*, ot::NcpFrameBuffer::Priority, ot::NcpFrameBuffer*)
 .text._ZN2ot7NcpUart19EncodeAndSendToUartEv
                0x0000000000007fec      0x11e ../../../src/ncp/libopenthread-ncp-mtd.a(libopenthread_ncp_mtd_a-ncp_uart.o)
                0x0000000000007fec                ot::NcpUart::EncodeAndSendToUart()
 .text._ZN2ot7NcpUart19EncodeAndSendToUartERNS_7TaskletE
                0x000000000000810a        0xa ../../../src/ncp/libopenthread-ncp-mtd.a(libopenthread_ncp_mtd_a-ncp_uart.o)
                0x000000000000810a                ot::NcpUart::EncodeAndSendToUart(ot::Tasklet&)
 .text._ZN2ot7NcpUart18HandleUartSendDoneEv
                0x0000000000008114       0x1a ../../../src/ncp/libopenthread-ncp-mtd.a(libopenthread_ncp_mtd_a-ncp_uart.o)
                0x0000000000008114                ot::NcpUart::HandleUartSendDone()
 .text.otPlatUartSendDone
                0x000000000000812e       0x10 ../../../src/ncp/libopenthread-ncp-mtd.a(libopenthread_ncp_mtd_a-ncp_uart.o)
                0x000000000000812e                otPlatUartSendDone
 .text.otPlatUartReceived
                0x000000000000813e       0x20 ../../../src/ncp/libopenthread-ncp-mtd.a(libopenthread_ncp_mtd_a-ncp_uart.o)
                0x000000000000813e                otPlatUartReceived
 .text._ZN2ot7NcpUart11HandleErrorE7otErrorPht
                0x000000000000815e       0xcc ../../../src/ncp/libopenthread-ncp-mtd.a(libopenthread_ncp_mtd_a-ncp_uart.o)
                0x000000000000815e                ot::NcpUart::HandleError(otError, unsigned char*, unsigned short)
 .text._ZN2ot7NcpUart11HandleErrorEPv7otErrorPht
                0x000000000000822a        0x6 ../../../src/ncp/libopenthread-ncp-mtd.a(libopenthread_ncp_mtd_a-ncp_uart.o)
                0x000000000000822a                ot::NcpUart::HandleError(void*, otError, unsigned char*, unsigned short)
 .text._ZN2otL25ThreadErrorToSpinelStatusE7otError
                0x0000000000008230       0xea ../../../src/ncp/libopenthread-ncp-mtd.a(libopenthread_ncp_mtd_a-ncp_base.o)
 .text._ZN2ot7NcpBase36GetPropertyHandler_DEBUG_TEST_ASSERTEh17spinel_prop_key_t
                0x000000000000831a        0x4 ../../../src/ncp/libopenthread-ncp-mtd.a(libopenthread_ncp_mtd_a-ncp_base.o)
                0x000000000000831a                ot::NcpBase::GetPropertyHandler_DEBUG_TEST_ASSERT(unsigned char, spinel_prop_key_t)
 .text._ZN2ot7NcpBase23HandleNetifStateChangedEmPv
                0x000000000000831e       0x14 ../../../src/ncp/libopenthread-ncp-mtd.a(libopenthread_ncp_mtd_a-ncp_base.o)
                0x000000000000831e                ot::NcpBase::HandleNetifStateChanged(unsigned long, void*)
 .text._ZN2ot7NcpBase14GetNcpInstanceEv
                0x0000000000008332        0x6 ../../../src/ncp/libopenthread-ncp-mtd.a(libopenthread_ncp_mtd_a-ncp_base.o)
                0x0000000000008332                ot::NcpBase::GetNcpInstance()
 .text._ZN2ot7NcpBase18OutboundFrameBeginEh
                0x0000000000008338       0x3c ../../../src/ncp/libopenthread-ncp-mtd.a(libopenthread_ncp_mtd_a-ncp_base.o)
                0x0000000000008338                ot::NcpBase::OutboundFrameBegin(unsigned char)
 .text._ZN2ot7NcpBase15ChangedPropsSet3AddE17spinel_prop_key_t15spinel_status_t
                0x0000000000008374       0x82 ../../../src/ncp/libopenthread-ncp-mtd.a(libopenthread_ncp_mtd_a-ncp_base.o)
                0x0000000000008374                ot::NcpBase::ChangedPropsSet::Add(spinel_prop_key_t, spinel_status_t)
 .text._ZN2ot7NcpBase15ChangedPropsSet13AddLastStatusE15spinel_status_t
                0x00000000000083f6       0x36 ../../../src/ncp/libopenthread-ncp-mtd.a(libopenthread_ncp_mtd_a-ncp_base.o)
                0x00000000000083f6                ot::NcpBase::ChangedPropsSet::AddLastStatus(spinel_status_t)
 .text._ZN2ot7NcpBaseC2EP10otInstance
                0x000000000000842c      0x1a6 ../../../src/ncp/libopenthread-ncp-mtd.a(libopenthread_ncp_mtd_a-ncp_base.o)
                0x000000000000842c                ot::NcpBase::NcpBase(otInstance*)
                0x000000000000842c                ot::NcpBase::NcpBase(otInstance*)
 .text._ZN2ot7NcpBase15ChangedPropsSet11AddPropertyE17spinel_prop_key_t
                0x00000000000085d2       0x36 ../../../src/ncp/libopenthread-ncp-mtd.a(libopenthread_ncp_mtd_a-ncp_base.o)
                0x00000000000085d2                ot::NcpBase::ChangedPropsSet::AddProperty(spinel_prop_key_t)
 .text._ZN2ot7NcpBase15ChangedPropsSet20EnablePropertyFilterE17spinel_prop_key_tb
                0x0000000000008608       0xbc ../../../src/ncp/libopenthread-ncp-mtd.a(libopenthread_ncp_mtd_a-ncp_base.o)
                0x0000000000008608                ot::NcpBase::ChangedPropsSet::EnablePropertyFilter(spinel_prop_key_t, bool)
 .text._ZNK2ot7NcpBase15ChangedPropsSet18IsPropertyFilteredE17spinel_prop_key_t
                0x00000000000086c4       0x6e ../../../src/ncp/libopenthread-ncp-mtd.a(libopenthread_ncp_mtd_a-ncp_base.o)
                0x00000000000086c4                ot::NcpBase::ChangedPropsSet::IsPropertyFiltered(spinel_prop_key_t) const
 .text._ZN2ot7NcpBase25ProcessThreadChangedFlagsEv
                0x0000000000008732      0x168 ../../../src/ncp/libopenthread-ncp-mtd.a(libopenthread_ncp_mtd_a-ncp_base.o)
                0x0000000000008732                ot::NcpBase::ProcessThreadChangedFlags()
 .text._ZN2ot7NcpBase17OutboundFrameSendEv
                0x000000000000889a       0x20 ../../../src/ncp/libopenthread-ncp-mtd.a(libopenthread_ncp_mtd_a-ncp_base.o)
                0x000000000000889a                ot::NcpBase::OutboundFrameSend()
 .text._ZN2ot7NcpBase14ShouldWakeHostEv
                0x00000000000088ba       0x2a ../../../src/ncp/libopenthread-ncp-mtd.a(libopenthread_ncp_mtd_a-ncp_base.o)
                0x00000000000088ba                ot::NcpBase::ShouldWakeHost()
 .text._ZN2ot7NcpBase19ShouldDeferHostSendEv
                0x00000000000088e4       0x2a ../../../src/ncp/libopenthread-ncp-mtd.a(libopenthread_ncp_mtd_a-ncp_base.o)
                0x00000000000088e4                ot::NcpBase::ShouldDeferHostSend()
 .text._ZN2ot7NcpBase26IncrementFrameErrorCounterEv
                0x000000000000890e        0xe ../../../src/ncp/libopenthread-ncp-mtd.a(libopenthread_ncp_mtd_a-ncp_base.o)
                0x000000000000890e                ot::NcpBase::IncrementFrameErrorCounter()
 .text._ZN2ot7NcpBase24OutboundFrameFeedVPackedEPKcPv
                0x000000000000891c       0x40 ../../../src/ncp/libopenthread-ncp-mtd.a(libopenthread_ncp_mtd_a-ncp_base.o)
                0x000000000000891c                ot::NcpBase::OutboundFrameFeedVPacked(char const*, void*)
 .text._ZN2ot7NcpBase23OutboundFrameFeedPackedEPKcz
                0x000000000000895c       0x10 ../../../src/ncp/libopenthread-ncp-mtd.a(libopenthread_ncp_mtd_a-ncp_base.o)
                0x000000000000895c                ot::NcpBase::OutboundFrameFeedPacked(char const*, ...)
 .text._ZN2ot7NcpBase23HandleDatagramFromStackEP9otMessage
                0x000000000000896c      0x114 ../../../src/ncp/libopenthread-ncp-mtd.a(libopenthread_ncp_mtd_a-ncp_base.o)
                0x000000000000896c                ot::NcpBase::HandleDatagramFromStack(otMessage*)
 .text._ZN2ot7NcpBase23HandleDatagramFromStackEP9otMessagePv
                0x0000000000008a80        0xc ../../../src/ncp/libopenthread-ncp-mtd.a(libopenthread_ncp_mtd_a-ncp_base.o)
                0x0000000000008a80                ot::NcpBase::HandleDatagramFromStack(otMessage*, void*)
 .text._ZN2ot7NcpBase14HandleRawFrameEPK12otRadioFrame
                0x0000000000008a8c       0xcc ../../../src/ncp/libopenthread-ncp-mtd.a(libopenthread_ncp_mtd_a-ncp_base.o)
                0x0000000000008a8c                ot::NcpBase::HandleRawFrame(otRadioFrame const*)
 .text._ZN2ot7NcpBase14HandleRawFrameEPK12otRadioFramePv
                0x0000000000008b58        0xc ../../../src/ncp/libopenthread-ncp-mtd.a(libopenthread_ncp_mtd_a-ncp_base.o)
                0x0000000000008b58                ot::NcpBase::HandleRawFrame(otRadioFrame const*, void*)
 .text._ZN2ot7NcpBase18LinkRawReceiveDoneEP12otRadioFrame7otError
                0x0000000000008b64       0xf6 ../../../src/ncp/libopenthread-ncp-mtd.a(libopenthread_ncp_mtd_a-ncp_base.o)
                0x0000000000008b64                ot::NcpBase::LinkRawReceiveDone(otRadioFrame*, otError)
 .text._ZN2ot7NcpBase18LinkRawReceiveDoneEP10otInstanceP12otRadioFrame7otError
                0x0000000000008c5a        0xa ../../../src/ncp/libopenthread-ncp-mtd.a(libopenthread_ncp_mtd_a-ncp_base.o)
                0x0000000000008c5a                ot::NcpBase::LinkRawReceiveDone(otInstance*, otRadioFrame*, otError)
 .text._ZN2ot7NcpBase18SendPropertyUpdateEhh17spinel_prop_key_tPKcz
                0x0000000000008c64       0x72 ../../../src/ncp/libopenthread-ncp-mtd.a(libopenthread_ncp_mtd_a-ncp_base.o)
                0x0000000000008c64                ot::NcpBase::SendPropertyUpdate(unsigned char, unsigned char, spinel_prop_key_t, char const*, ...)
 .text._ZN2ot7NcpBase22HandleActiveScanResultEP18otActiveScanResult
                0x0000000000008cd6      0x156 ../../../src/ncp/libopenthread-ncp-mtd.a(libopenthread_ncp_mtd_a-ncp_base.o)
                0x0000000000008cd6                ot::NcpBase::HandleActiveScanResult(otActiveScanResult*)
 .text._ZN2ot7NcpBase27HandleActiveScanResult_JumpEP18otActiveScanResultPv
                0x0000000000008e2c        0xc ../../../src/ncp/libopenthread-ncp-mtd.a(libopenthread_ncp_mtd_a-ncp_base.o)
                0x0000000000008e2c                ot::NcpBase::HandleActiveScanResult_Jump(otActiveScanResult*, void*)
 .text._ZN2ot7NcpBase22HandleEnergyScanResultEP18otEnergyScanResult
                0x0000000000008e38       0xd6 ../../../src/ncp/libopenthread-ncp-mtd.a(libopenthread_ncp_mtd_a-ncp_base.o)
                0x0000000000008e38                ot::NcpBase::HandleEnergyScanResult(otEnergyScanResult*)
 .text._ZN2ot7NcpBase27HandleEnergyScanResult_JumpEP18otEnergyScanResultPv
                0x0000000000008f0e        0xc ../../../src/ncp/libopenthread-ncp-mtd.a(libopenthread_ncp_mtd_a-ncp_base.o)
                0x0000000000008f0e                ot::NcpBase::HandleEnergyScanResult_Jump(otEnergyScanResult*, void*)
 .text._ZN2ot7NcpBase19LinkRawTransmitDoneEP12otRadioFrameb7otError
                0x0000000000008f1a       0x60 ../../../src/ncp/libopenthread-ncp-mtd.a(libopenthread_ncp_mtd_a-ncp_base.o)
                0x0000000000008f1a                ot::NcpBase::LinkRawTransmitDone(otRadioFrame*, bool, otError)
 .text._ZN2ot7NcpBase19LinkRawTransmitDoneEP10otInstanceP12otRadioFrameb7otError
                0x0000000000008f7a        0xa ../../../src/ncp/libopenthread-ncp-mtd.a(libopenthread_ncp_mtd_a-ncp_base.o)
                0x0000000000008f7a                ot::NcpBase::LinkRawTransmitDone(otInstance*, otRadioFrame*, bool, otError)
 .text._ZN2ot7NcpBase21LinkRawEnergyScanDoneEa
                0x0000000000008f84       0x98 ../../../src/ncp/libopenthread-ncp-mtd.a(libopenthread_ncp_mtd_a-ncp_base.o)
                0x0000000000008f84                ot::NcpBase::LinkRawEnergyScanDone(signed char)
 .text._ZN2ot7NcpBase21LinkRawEnergyScanDoneEP10otInstancea
                0x000000000000901c        0xa ../../../src/ncp/libopenthread-ncp-mtd.a(libopenthread_ncp_mtd_a-ncp_base.o)
                0x000000000000901c                ot::NcpBase::LinkRawEnergyScanDone(otInstance*, signed char)
 .text._ZN2ot7NcpBase14SendLastStatusEh15spinel_status_t
                0x0000000000009026       0x6e ../../../src/ncp/libopenthread-ncp-mtd.a(libopenthread_ncp_mtd_a-ncp_base.o)
                0x0000000000009026                ot::NcpBase::SendLastStatus(unsigned char, spinel_status_t)
 .text._ZN2ot7NcpBase13HandleCommandEhjPKht
                0x0000000000009094      0x100 ../../../src/ncp/libopenthread-ncp-mtd.a(libopenthread_ncp_mtd_a-ncp_base.o)
                0x0000000000009094                ot::NcpBase::HandleCommand(unsigned char, unsigned int, unsigned char const*, unsigned short)
 .text._ZN2ot7NcpBase13HandleReceiveEPKht
                0x0000000000009194      0x10c ../../../src/ncp/libopenthread-ncp-mtd.a(libopenthread_ncp_mtd_a-ncp_base.o)
                0x0000000000009194                ot::NcpBase::HandleReceive(unsigned char const*, unsigned short)
 .text._ZN2ot7NcpBase27HandleCommandPropertyRemoveEh17spinel_prop_key_tPKht
                0x00000000000092a0      0x104 ../../../src/ncp/libopenthread-ncp-mtd.a(libopenthread_ncp_mtd_a-ncp_base.o)
                0x00000000000092a0                ot::NcpBase::HandleCommandPropertyRemove(unsigned char, spinel_prop_key_t, unsigned char const*, unsigned short)
 .text._ZN2ot7NcpBase19CommandHandler_NOOPEhjPKht
                0x00000000000093a4       0x1e ../../../src/ncp/libopenthread-ncp-mtd.a(libopenthread_ncp_mtd_a-ncp_base.o)
                0x00000000000093a4                ot::NcpBase::CommandHandler_NOOP(unsigned char, unsigned int, unsigned char const*, unsigned short)
 .text._ZN2ot7NcpBase20CommandHandler_RESETEhjPKht
                0x00000000000093c2       0x70 ../../../src/ncp/libopenthread-ncp-mtd.a(libopenthread_ncp_mtd_a-ncp_base.o)
                0x00000000000093c2                ot::NcpBase::CommandHandler_RESET(unsigned char, unsigned int, unsigned char const*, unsigned short)
 .text._ZN2ot7NcpBase32CommandHandler_PROP_VALUE_REMOVEEhjPKht
                0x0000000000009432       0x8c ../../../src/ncp/libopenthread-ncp-mtd.a(libopenthread_ncp_mtd_a-ncp_base.o)
                0x0000000000009432                ot::NcpBase::CommandHandler_PROP_VALUE_REMOVE(unsigned char, unsigned int, unsigned char const*, unsigned short)
 .text._ZN2ot7NcpBase24CommandHandler_NET_CLEAREhjPKht
                0x00000000000094be       0x34 ../../../src/ncp/libopenthread-ncp-mtd.a(libopenthread_ncp_mtd_a-ncp_base.o)
                0x00000000000094be                ot::NcpBase::CommandHandler_NET_CLEAR(unsigned char, unsigned int, unsigned char const*, unsigned short)
 .text._ZN2ot7NcpBase25CommandHandler_NET_RECALLEhjPKht
                0x00000000000094f2       0x1e ../../../src/ncp/libopenthread-ncp-mtd.a(libopenthread_ncp_mtd_a-ncp_base.o)
                0x00000000000094f2                ot::NcpBase::CommandHandler_NET_RECALL(unsigned char, unsigned int, unsigned char const*, unsigned short)
 .text._ZN2ot7NcpBase29GetPropertyHandler_STREAM_NETEh17spinel_prop_key_t
                0x0000000000009510       0x1e ../../../src/ncp/libopenthread-ncp-mtd.a(libopenthread_ncp_mtd_a-ncp_base.o)
                0x0000000000009510                ot::NcpBase::GetPropertyHandler_STREAM_NET(unsigned char, spinel_prop_key_t)
 .text._ZN2ot7NcpBase30SetPropertyHandler_POWER_STATEEh17spinel_prop_key_tPKht
                0x000000000000952e       0x1e ../../../src/ncp/libopenthread-ncp-mtd.a(libopenthread_ncp_mtd_a-ncp_base.o)
                0x000000000000952e                ot::NcpBase::SetPropertyHandler_POWER_STATE(unsigned char, spinel_prop_key_t, unsigned char const*, unsigned short)
 .text._ZN2ot7NcpBase29SetPropertyHandler_STREAM_RAWEh17spinel_prop_key_tPKht
                0x000000000000954c       0xd6 ../../../src/ncp/libopenthread-ncp-mtd.a(libopenthread_ncp_mtd_a-ncp_base.o)
                0x000000000000954c                ot::NcpBase::SetPropertyHandler_STREAM_RAW(unsigned char, spinel_prop_key_t, unsigned char const*, unsigned short)
 .text._ZN2ot7NcpBase38SetPropertyHandler_STREAM_NET_INSECUREEh17spinel_prop_key_tPKht
                0x0000000000009622       0xfe ../../../src/ncp/libopenthread-ncp-mtd.a(libopenthread_ncp_mtd_a-ncp_base.o)
                0x0000000000009622                ot::NcpBase::SetPropertyHandler_STREAM_NET_INSECURE(unsigned char, spinel_prop_key_t, unsigned char const*, unsigned short)
 .text._ZN2ot7NcpBase29SetPropertyHandler_STREAM_NETEh17spinel_prop_key_tPKht
                0x0000000000009720       0xf6 ../../../src/ncp/libopenthread-ncp-mtd.a(libopenthread_ncp_mtd_a-ncp_base.o)
                0x0000000000009720                ot::NcpBase::SetPropertyHandler_STREAM_NET(unsigned char, spinel_prop_key_t, unsigned char const*, unsigned short)
 .text._ZN2ot7NcpBase29SetPropertyHandler_CNTR_RESETEh17spinel_prop_key_tPKht
                0x0000000000009816       0x6c ../../../src/ncp/libopenthread-ncp-mtd.a(libopenthread_ncp_mtd_a-ncp_base.o)
                0x0000000000009816                ot::NcpBase::SetPropertyHandler_CNTR_RESET(unsigned char, spinel_prop_key_t, unsigned char const*, unsigned short)
 .text._ZN2ot7NcpBase23CommandHandler_NET_SAVEEhjPKht
                0x0000000000009882       0x1e ../../../src/ncp/libopenthread-ncp-mtd.a(libopenthread_ncp_mtd_a-ncp_base.o)
                0x0000000000009882                ot::NcpBase::CommandHandler_NET_SAVE(unsigned char, unsigned int, unsigned char const*, unsigned short)
 .text._ZN2ot7NcpBase35GetPropertyHandler_IPV6_ROUTE_TABLEEh17spinel_prop_key_t
                0x00000000000098a0       0x1e ../../../src/ncp/libopenthread-ncp-mtd.a(libopenthread_ncp_mtd_a-ncp_base.o)
                0x00000000000098a0                ot::NcpBase::GetPropertyHandler_IPV6_ROUTE_TABLE(unsigned char, spinel_prop_key_t)
 .text._ZN2ot7NcpBase23GetPropertyHandler_LOCKEh17spinel_prop_key_t
                0x00000000000098be       0x1e ../../../src/ncp/libopenthread-ncp-mtd.a(libopenthread_ncp_mtd_a-ncp_base.o)
                0x00000000000098be                ot::NcpBase::GetPropertyHandler_LOCK(unsigned char, spinel_prop_key_t)
 .text._ZN2ot7NcpBase24HandleCommandPropertyGetEh17spinel_prop_key_t
                0x00000000000098dc       0xf8 ../../../src/ncp/libopenthread-ncp-mtd.a(libopenthread_ncp_mtd_a-ncp_base.o)
                0x00000000000098dc                ot::NcpBase::HandleCommandPropertyGet(unsigned char, spinel_prop_key_t)
 .text._ZN2ot7NcpBase18UpdateChangedPropsEv
                0x00000000000099d4      0x100 ../../../src/ncp/libopenthread-ncp-mtd.a(libopenthread_ncp_mtd_a-ncp_base.o)
                0x00000000000099d4                ot::NcpBase::UpdateChangedProps()
 .text._ZN2ot7NcpBase18UpdateChangedPropsERNS_7TaskletE
                0x0000000000009ad4        0xa ../../../src/ncp/libopenthread-ncp-mtd.a(libopenthread_ncp_mtd_a-ncp_base.o)
                0x0000000000009ad4                ot::NcpBase::UpdateChangedProps(ot::Tasklet&)
 .text._ZN2ot7NcpBase29CommandHandler_PROP_VALUE_GETEhjPKht
                0x0000000000009ade       0x6e ../../../src/ncp/libopenthread-ncp-mtd.a(libopenthread_ncp_mtd_a-ncp_base.o)
                0x0000000000009ade                ot::NcpBase::CommandHandler_PROP_VALUE_GET(unsigned char, unsigned int, unsigned char const*, unsigned short)
 .text._ZN2ot7NcpBase35SetPropertyHandler_HOST_POWER_STATEEh17spinel_prop_key_tPKht
                0x0000000000009b4c      0x12a ../../../src/ncp/libopenthread-ncp-mtd.a(libopenthread_ncp_mtd_a-ncp_base.o)
                0x0000000000009b4c                ot::NcpBase::SetPropertyHandler_HOST_POWER_STATE(unsigned char, spinel_prop_key_t, unsigned char const*, unsigned short)
 .text._ZN2ot7NcpBase24HandleCommandPropertySetEh17spinel_prop_key_tPKht
                0x0000000000009c76      0x104 ../../../src/ncp/libopenthread-ncp-mtd.a(libopenthread_ncp_mtd_a-ncp_base.o)
                0x0000000000009c76                ot::NcpBase::HandleCommandPropertySet(unsigned char, spinel_prop_key_t, unsigned char const*, unsigned short)
 .text._ZN2ot7NcpBase29CommandHandler_PROP_VALUE_SETEhjPKht
                0x0000000000009d7a       0x8c ../../../src/ncp/libopenthread-ncp-mtd.a(libopenthread_ncp_mtd_a-ncp_base.o)
                0x0000000000009d7a                ot::NcpBase::CommandHandler_PROP_VALUE_SET(unsigned char, unsigned int, unsigned char const*, unsigned short)
 .text._ZN2ot7NcpBase27HandleCommandPropertyInsertEh17spinel_prop_key_tPKht
                0x0000000000009e06      0x104 ../../../src/ncp/libopenthread-ncp-mtd.a(libopenthread_ncp_mtd_a-ncp_base.o)
                0x0000000000009e06                ot::NcpBase::HandleCommandPropertyInsert(unsigned char, spinel_prop_key_t, unsigned char const*, unsigned short)
 .text._ZN2ot7NcpBase32CommandHandler_PROP_VALUE_INSERTEhjPKht
                0x0000000000009f0a       0x8c ../../../src/ncp/libopenthread-ncp-mtd.a(libopenthread_ncp_mtd_a-ncp_base.o)
                0x0000000000009f0a                ot::NcpBase::CommandHandler_PROP_VALUE_INSERT(unsigned char, unsigned int, unsigned char const*, unsigned short)
 .text._ZN2ot7NcpBase30GetPropertyHandler_LAST_STATUSEh17spinel_prop_key_t
                0x0000000000009f96       0x4a ../../../src/ncp/libopenthread-ncp-mtd.a(libopenthread_ncp_mtd_a-ncp_base.o)
                0x0000000000009f96                ot::NcpBase::GetPropertyHandler_LAST_STATUS(unsigned char, spinel_prop_key_t)
 .text._ZN2ot7NcpBase35GetPropertyHandler_PROTOCOL_VERSIONEh17spinel_prop_key_t
                0x0000000000009fe0       0x3c ../../../src/ncp/libopenthread-ncp-mtd.a(libopenthread_ncp_mtd_a-ncp_base.o)
                0x0000000000009fe0                ot::NcpBase::GetPropertyHandler_PROTOCOL_VERSION(unsigned char, spinel_prop_key_t)
 .text._ZN2ot7NcpBase33GetPropertyHandler_INTERFACE_TYPEEh17spinel_prop_key_t
                0x000000000000a01c       0x44 ../../../src/ncp/libopenthread-ncp-mtd.a(libopenthread_ncp_mtd_a-ncp_base.o)
                0x000000000000a01c                ot::NcpBase::GetPropertyHandler_INTERFACE_TYPE(unsigned char, spinel_prop_key_t)
 .text._ZN2ot7NcpBase28GetPropertyHandler_VENDOR_IDEh17spinel_prop_key_t
                0x000000000000a060       0x36 ../../../src/ncp/libopenthread-ncp-mtd.a(libopenthread_ncp_mtd_a-ncp_base.o)
                0x000000000000a060                ot::NcpBase::GetPropertyHandler_VENDOR_ID(unsigned char, spinel_prop_key_t)
 .text._ZN2ot7NcpBase30GetPropertyHandler_NCP_VERSIONEh17spinel_prop_key_t
                0x000000000000a096       0x4e ../../../src/ncp/libopenthread-ncp-mtd.a(libopenthread_ncp_mtd_a-ncp_base.o)
                0x000000000000a096                ot::NcpBase::GetPropertyHandler_NCP_VERSION(unsigned char, spinel_prop_key_t)
 .text._ZN2ot7NcpBase34GetPropertyHandler_INTERFACE_COUNTEh17spinel_prop_key_t
                0x000000000000a0e4       0x36 ../../../src/ncp/libopenthread-ncp-mtd.a(libopenthread_ncp_mtd_a-ncp_base.o)
                0x000000000000a0e4                ot::NcpBase::GetPropertyHandler_INTERFACE_COUNT(unsigned char, spinel_prop_key_t)
 .text._ZN2ot7NcpBase30GetPropertyHandler_POWER_STATEEh17spinel_prop_key_t
                0x000000000000a11a       0x42 ../../../src/ncp/libopenthread-ncp-mtd.a(libopenthread_ncp_mtd_a-ncp_base.o)
                0x000000000000a11a                ot::NcpBase::GetPropertyHandler_POWER_STATE(unsigned char, spinel_prop_key_t)
 .text._ZN2ot7NcpBase25GetPropertyHandler_HWADDREh17spinel_prop_key_t
                0x000000000000a15c       0x58 ../../../src/ncp/libopenthread-ncp-mtd.a(libopenthread_ncp_mtd_a-ncp_base.o)
                0x000000000000a15c                ot::NcpBase::GetPropertyHandler_HWADDR(unsigned char, spinel_prop_key_t)
 .text._ZN2ot7NcpBase35GetPropertyHandler_HOST_POWER_STATEEh17spinel_prop_key_t
                0x000000000000a1b4       0x4a ../../../src/ncp/libopenthread-ncp-mtd.a(libopenthread_ncp_mtd_a-ncp_base.o)
                0x000000000000a1b4                ot::NcpBase::GetPropertyHandler_HOST_POWER_STATE(unsigned char, spinel_prop_key_t)
 .text._ZN2ot7NcpBase31HandleFrameRemovedFromNcpBufferEPKv
                0x000000000000a1fe       0xec ../../../src/ncp/libopenthread-ncp-mtd.a(libopenthread_ncp_mtd_a-ncp_base.o)
                0x000000000000a1fe                ot::NcpBase::HandleFrameRemovedFromNcpBuffer(void const*)
 .text._ZN2ot7NcpBase31HandleFrameRemovedFromNcpBufferEPvPKvNS_14NcpFrameBuffer8PriorityEPS4_
                0x000000000000a2ea        0x6 ../../../src/ncp/libopenthread-ncp-mtd.a(libopenthread_ncp_mtd_a-ncp_base.o)
                0x000000000000a2ea                ot::NcpBase::HandleFrameRemovedFromNcpBuffer(void*, void const*, ot::NcpFrameBuffer::Priority, ot::NcpFrameBuffer*)
 .text._ZN2ot7NcpBase30GetPropertyHandler_PHY_ENABLEDEh17spinel_prop_key_t
                0x000000000000a2f0       0x54 ../../../src/ncp/libopenthread-ncp-mtd.a(libopenthread_ncp_mtd_a-ncp_base.o)
                0x000000000000a2f0                ot::NcpBase::GetPropertyHandler_PHY_ENABLED(unsigned char, spinel_prop_key_t)
 .text._ZN2ot7NcpBase27GetPropertyHandler_PHY_FREQEh17spinel_prop_key_t
                0x000000000000a344       0xbc ../../../src/ncp/libopenthread-ncp-mtd.a(libopenthread_ncp_mtd_a-ncp_base.o)
                0x000000000000a344                ot::NcpBase::GetPropertyHandler_PHY_FREQ(unsigned char, spinel_prop_key_t)
 .text._ZN2ot7NcpBase27GetPropertyHandler_PHY_CHANEh17spinel_prop_key_t
                0x000000000000a400       0x54 ../../../src/ncp/libopenthread-ncp-mtd.a(libopenthread_ncp_mtd_a-ncp_base.o)
                0x000000000000a400                ot::NcpBase::GetPropertyHandler_PHY_CHAN(unsigned char, spinel_prop_key_t)
 .text._ZN2ot7NcpBase27GetPropertyHandler_PHY_RSSIEh17spinel_prop_key_t
                0x000000000000a454       0x54 ../../../src/ncp/libopenthread-ncp-mtd.a(libopenthread_ncp_mtd_a-ncp_base.o)
                0x000000000000a454                ot::NcpBase::GetPropertyHandler_PHY_RSSI(unsigned char, spinel_prop_key_t)
 .text._ZN2ot7NcpBase31GetPropertyHandler_PHY_TX_POWEREh17spinel_prop_key_t
                0x000000000000a4a8       0x54 ../../../src/ncp/libopenthread-ncp-mtd.a(libopenthread_ncp_mtd_a-ncp_base.o)
                0x000000000000a4a8                ot::NcpBase::GetPropertyHandler_PHY_TX_POWER(unsigned char, spinel_prop_key_t)
 .text._ZN2ot7NcpBase37GetPropertyHandler_PHY_RX_SENSITIVITYEh17spinel_prop_key_t
                0x000000000000a4fc       0x54 ../../../src/ncp/libopenthread-ncp-mtd.a(libopenthread_ncp_mtd_a-ncp_base.o)
                0x000000000000a4fc                ot::NcpBase::GetPropertyHandler_PHY_RX_SENSITIVITY(unsigned char, spinel_prop_key_t)
 .text._ZN2ot7NcpBase33GetPropertyHandler_MAC_SCAN_STATEEh17spinel_prop_key_t
                0x000000000000a550       0xfe ../../../src/ncp/libopenthread-ncp-mtd.a(libopenthread_ncp_mtd_a-ncp_base.o)
                0x000000000000a550                ot::NcpBase::GetPropertyHandler_MAC_SCAN_STATE(unsigned char, spinel_prop_key_t)
 .text._ZN2ot7NcpBase34GetPropertyHandler_MAC_SCAN_PERIODEh17spinel_prop_key_t
                0x000000000000a64e       0x38 ../../../src/ncp/libopenthread-ncp-mtd.a(libopenthread_ncp_mtd_a-ncp_base.o)
                0x000000000000a64e                ot::NcpBase::GetPropertyHandler_MAC_SCAN_PERIOD(unsigned char, spinel_prop_key_t)
 .text._ZN2ot7NcpBase33GetPropertyHandler_MAC_15_4_PANIDEh17spinel_prop_key_t
                0x000000000000a686       0x50 ../../../src/ncp/libopenthread-ncp-mtd.a(libopenthread_ncp_mtd_a-ncp_base.o)
                0x000000000000a686                ot::NcpBase::GetPropertyHandler_MAC_15_4_PANID(unsigned char, spinel_prop_key_t)
 .text._ZN2ot7NcpBase39GetPropertyHandler_MAC_PROMISCUOUS_MODEEh17spinel_prop_key_t
                0x000000000000a6d6       0x76 ../../../src/ncp/libopenthread-ncp-mtd.a(libopenthread_ncp_mtd_a-ncp_base.o)
                0x000000000000a6d6                ot::NcpBase::GetPropertyHandler_MAC_PROMISCUOUS_MODE(unsigned char, spinel_prop_key_t)
 .text._ZN2ot7NcpBase33GetPropertyHandler_MAC_15_4_SADDREh17spinel_prop_key_t
                0x000000000000a74c       0x50 ../../../src/ncp/libopenthread-ncp-mtd.a(libopenthread_ncp_mtd_a-ncp_base.o)
                0x000000000000a74c                ot::NcpBase::GetPropertyHandler_MAC_15_4_SADDR(unsigned char, spinel_prop_key_t)
 .text._ZN2ot7NcpBase36GetPropertyHandler_MAC_EXTENDED_ADDREh17spinel_prop_key_t
                0x000000000000a79c       0x50 ../../../src/ncp/libopenthread-ncp-mtd.a(libopenthread_ncp_mtd_a-ncp_base.o)
                0x000000000000a79c                ot::NcpBase::GetPropertyHandler_MAC_EXTENDED_ADDR(unsigned char, spinel_prop_key_t)
 .text._ZN2ot7NcpBase33GetPropertyHandler_MAC_15_4_LADDREh17spinel_prop_key_t
                0x000000000000a7ec       0x26 ../../../src/ncp/libopenthread-ncp-mtd.a(libopenthread_ncp_mtd_a-ncp_base.o)
                0x000000000000a7ec                ot::NcpBase::GetPropertyHandler_MAC_15_4_LADDR(unsigned char, spinel_prop_key_t)
 .text._ZN2ot7NcpBase39GetPropertyHandler_MAC_DATA_POLL_PERIODEh17spinel_prop_key_t
                0x000000000000a812       0x54 ../../../src/ncp/libopenthread-ncp-mtd.a(libopenthread_ncp_mtd_a-ncp_base.o)
                0x000000000000a812                ot::NcpBase::GetPropertyHandler_MAC_DATA_POLL_PERIOD(unsigned char, spinel_prop_key_t)
 .text._ZN2ot7NcpBase41GetPropertyHandler_MAC_RAW_STREAM_ENABLEDEh17spinel_prop_key_t
                0x000000000000a866       0x3a ../../../src/ncp/libopenthread-ncp-mtd.a(libopenthread_ncp_mtd_a-ncp_base.o)
                0x000000000000a866                ot::NcpBase::GetPropertyHandler_MAC_RAW_STREAM_ENABLED(unsigned char, spinel_prop_key_t)
 .text._ZN2ot7NcpBase28GetPropertyHandler_NET_SAVEDEh17spinel_prop_key_t
                0x000000000000a8a0       0x54 ../../../src/ncp/libopenthread-ncp-mtd.a(libopenthread_ncp_mtd_a-ncp_base.o)
                0x000000000000a8a0                ot::NcpBase::GetPropertyHandler_NET_SAVED(unsigned char, spinel_prop_key_t)
 .text._ZN2ot7NcpBase28GetPropertyHandler_NET_IF_UPEh17spinel_prop_key_t
                0x000000000000a8f4       0x54 ../../../src/ncp/libopenthread-ncp-mtd.a(libopenthread_ncp_mtd_a-ncp_base.o)
                0x000000000000a8f4                ot::NcpBase::GetPropertyHandler_NET_IF_UP(unsigned char, spinel_prop_key_t)
 .text._ZN2ot7NcpBase31GetPropertyHandler_NET_STACK_UPEh17spinel_prop_key_t
                0x000000000000a948       0x60 ../../../src/ncp/libopenthread-ncp-mtd.a(libopenthread_ncp_mtd_a-ncp_base.o)
                0x000000000000a948                ot::NcpBase::GetPropertyHandler_NET_STACK_UP(unsigned char, spinel_prop_key_t)
 .text._ZN2ot7NcpBase27GetPropertyHandler_NET_ROLEEh17spinel_prop_key_t
                0x000000000000a9a8       0x7e ../../../src/ncp/libopenthread-ncp-mtd.a(libopenthread_ncp_mtd_a-ncp_base.o)
                0x000000000000a9a8                ot::NcpBase::GetPropertyHandler_NET_ROLE(unsigned char, spinel_prop_key_t)
 .text._ZN2ot7NcpBase35GetPropertyHandler_NET_NETWORK_NAMEEh17spinel_prop_key_t
                0x000000000000aa26       0x50 ../../../src/ncp/libopenthread-ncp-mtd.a(libopenthread_ncp_mtd_a-ncp_base.o)
                0x000000000000aa26                ot::NcpBase::GetPropertyHandler_NET_NETWORK_NAME(unsigned char, spinel_prop_key_t)
 .text._ZN2ot7NcpBase29GetPropertyHandler_NET_XPANIDEh17spinel_prop_key_t
                0x000000000000aa76       0x56 ../../../src/ncp/libopenthread-ncp-mtd.a(libopenthread_ncp_mtd_a-ncp_base.o)
                0x000000000000aa76                ot::NcpBase::GetPropertyHandler_NET_XPANID(unsigned char, spinel_prop_key_t)
 .text._ZN2ot7NcpBase33GetPropertyHandler_NET_MASTER_KEYEh17spinel_prop_key_t
                0x000000000000aacc       0x56 ../../../src/ncp/libopenthread-ncp-mtd.a(libopenthread_ncp_mtd_a-ncp_base.o)
                0x000000000000aacc                ot::NcpBase::GetPropertyHandler_NET_MASTER_KEY(unsigned char, spinel_prop_key_t)
 .text._ZN2ot7NcpBase43GetPropertyHandler_NET_KEY_SEQUENCE_COUNTEREh17spinel_prop_key_t
                0x000000000000ab22       0x54 ../../../src/ncp/libopenthread-ncp-mtd.a(libopenthread_ncp_mtd_a-ncp_base.o)
                0x000000000000ab22                ot::NcpBase::GetPropertyHandler_NET_KEY_SEQUENCE_COUNTER(unsigned char, spinel_prop_key_t)
 .text._ZN2ot7NcpBase35GetPropertyHandler_NET_PARTITION_IDEh17spinel_prop_key_t
                0x000000000000ab76       0x54 ../../../src/ncp/libopenthread-ncp-mtd.a(libopenthread_ncp_mtd_a-ncp_base.o)
                0x000000000000ab76                ot::NcpBase::GetPropertyHandler_NET_PARTITION_ID(unsigned char, spinel_prop_key_t)
 .text._ZN2ot7NcpBase43GetPropertyHandler_NET_KEY_SWITCH_GUARDTIMEEh17spinel_prop_key_t
                0x000000000000abca       0x54 ../../../src/ncp/libopenthread-ncp-mtd.a(libopenthread_ncp_mtd_a-ncp_base.o)
                0x000000000000abca                ot::NcpBase::GetPropertyHandler_NET_KEY_SWITCH_GUARDTIME(unsigned char, spinel_prop_key_t)
 .text._ZN2ot7NcpBase46GetPropertyHandler_THREAD_NETWORK_DATA_VERSIONEh17spinel_prop_key_t
                0x000000000000ac1e       0x54 ../../../src/ncp/libopenthread-ncp-mtd.a(libopenthread_ncp_mtd_a-ncp_base.o)
                0x000000000000ac1e                ot::NcpBase::GetPropertyHandler_THREAD_NETWORK_DATA_VERSION(unsigned char, spinel_prop_key_t)
 .text._ZN2ot7NcpBase53GetPropertyHandler_THREAD_STABLE_NETWORK_DATA_VERSIONEh17spinel_prop_key_t
                0x000000000000ac72       0x54 ../../../src/ncp/libopenthread-ncp-mtd.a(libopenthread_ncp_mtd_a-ncp_base.o)
                0x000000000000ac72                ot::NcpBase::GetPropertyHandler_THREAD_STABLE_NETWORK_DATA_VERSION(unsigned char, spinel_prop_key_t)
 .text._ZN2ot7NcpBase36GetPropertyHandler_THREAD_LEADER_RIDEh17spinel_prop_key_t
                0x000000000000acc6       0x54 ../../../src/ncp/libopenthread-ncp-mtd.a(libopenthread_ncp_mtd_a-ncp_base.o)
                0x000000000000acc6                ot::NcpBase::GetPropertyHandler_THREAD_LEADER_RID(unsigned char, spinel_prop_key_t)
 .text._ZN2ot7NcpBase39GetPropertyHandler_THREAD_LEADER_WEIGHTEh17spinel_prop_key_t
                0x000000000000ad1a       0x54 ../../../src/ncp/libopenthread-ncp-mtd.a(libopenthread_ncp_mtd_a-ncp_base.o)
                0x000000000000ad1a                ot::NcpBase::GetPropertyHandler_THREAD_LEADER_WEIGHT(unsigned char, spinel_prop_key_t)
 .text._ZN2ot7NcpBase37GetPropertyHandler_THREAD_LEADER_ADDREh17spinel_prop_key_t
                0x000000000000ad6e       0x7c ../../../src/ncp/libopenthread-ncp-mtd.a(libopenthread_ncp_mtd_a-ncp_base.o)
                0x000000000000ad6e                ot::NcpBase::GetPropertyHandler_THREAD_LEADER_ADDR(unsigned char, spinel_prop_key_t)
 .text._ZN2ot7NcpBase32GetPropertyHandler_THREAD_PARENTEh17spinel_prop_key_t
                0x000000000000adea       0x82 ../../../src/ncp/libopenthread-ncp-mtd.a(libopenthread_ncp_mtd_a-ncp_base.o)
                0x000000000000adea                ot::NcpBase::GetPropertyHandler_THREAD_PARENT(unsigned char, spinel_prop_key_t)
 .text._ZN2ot7NcpBase53GetPropertyHandler_THREAD_ALLOW_LOCAL_NET_DATA_CHANGEEh17spinel_prop_key_t
                0x000000000000ae6c       0x3a ../../../src/ncp/libopenthread-ncp-mtd.a(libopenthread_ncp_mtd_a-ncp_base.o)
                0x000000000000ae6c                ot::NcpBase::GetPropertyHandler_THREAD_ALLOW_LOCAL_NET_DATA_CHANGE(unsigned char, spinel_prop_key_t)
 .text._ZN2ot7NcpBase52GetPropertyHandler_THREAD_DISCOVERY_SCAN_JOINER_FLAGEh17spinel_prop_key_t
                0x000000000000aea6       0x3a ../../../src/ncp/libopenthread-ncp-mtd.a(libopenthread_ncp_mtd_a-ncp_base.o)
                0x000000000000aea6                ot::NcpBase::GetPropertyHandler_THREAD_DISCOVERY_SCAN_JOINER_FLAG(unsigned char, spinel_prop_key_t)
 .text._ZN2ot7NcpBase57GetPropertyHandler_THREAD_DISCOVERY_SCAN_ENABLE_FILTERINGEh17spinel_prop_key_t
                0x000000000000aee0       0x3a ../../../src/ncp/libopenthread-ncp-mtd.a(libopenthread_ncp_mtd_a-ncp_base.o)
                0x000000000000aee0                ot::NcpBase::GetPropertyHandler_THREAD_DISCOVERY_SCAN_ENABLE_FILTERING(unsigned char, spinel_prop_key_t)
 .text._ZN2ot7NcpBase46GetPropertyHandler_THREAD_DISCOVERY_SCAN_PANIDEh17spinel_prop_key_t
                0x000000000000af1a       0x38 ../../../src/ncp/libopenthread-ncp-mtd.a(libopenthread_ncp_mtd_a-ncp_base.o)
                0x000000000000af1a                ot::NcpBase::GetPropertyHandler_THREAD_DISCOVERY_SCAN_PANID(unsigned char, spinel_prop_key_t)
 .text._ZN2ot7NcpBase33GetPropertyHandler_IPV6_ML_PREFIXEh17spinel_prop_key_t
                0x000000000000af52       0xa4 ../../../src/ncp/libopenthread-ncp-mtd.a(libopenthread_ncp_mtd_a-ncp_base.o)
                0x000000000000af52                ot::NcpBase::GetPropertyHandler_IPV6_ML_PREFIX(unsigned char, spinel_prop_key_t)
 .text._ZN2ot7NcpBase41GetPropertyHandler_IPV6_ICMP_PING_OFFLOADEh17spinel_prop_key_t
                0x000000000000aff6       0x54 ../../../src/ncp/libopenthread-ncp-mtd.a(libopenthread_ncp_mtd_a-ncp_base.o)
                0x000000000000aff6                ot::NcpBase::GetPropertyHandler_IPV6_ICMP_PING_OFFLOAD(unsigned char, spinel_prop_key_t)
 .text._ZN2ot7NcpBase47GetPropertyHandler_THREAD_RLOC16_DEBUG_PASSTHRUEh17spinel_prop_key_t
                0x000000000000b04a       0x56 ../../../src/ncp/libopenthread-ncp-mtd.a(libopenthread_ncp_mtd_a-ncp_base.o)
                0x000000000000b04a                ot::NcpBase::GetPropertyHandler_THREAD_RLOC16_DEBUG_PASSTHRU(unsigned char, spinel_prop_key_t)
 .text._ZN2ot7NcpBase27GetPropertyHandler_MAC_CNTREh17spinel_prop_key_t
                0x000000000000b0a0      0x570 ../../../src/ncp/libopenthread-ncp-mtd.a(libopenthread_ncp_mtd_a-ncp_base.o)
                0x000000000000b0a0                ot::NcpBase::GetPropertyHandler_MAC_CNTR(unsigned char, spinel_prop_key_t)
 .text._ZN2ot7NcpBase27GetPropertyHandler_NCP_CNTREh17spinel_prop_key_t
                0x000000000000b610      0x204 ../../../src/ncp/libopenthread-ncp-mtd.a(libopenthread_ncp_mtd_a-ncp_base.o)
                0x000000000000b610                ot::NcpBase::GetPropertyHandler_NCP_CNTR(unsigned char, spinel_prop_key_t)
 .text._ZN2ot7NcpBase26GetPropertyHandler_IP_CNTREh17spinel_prop_key_t
                0x000000000000b814      0x10c ../../../src/ncp/libopenthread-ncp-mtd.a(libopenthread_ncp_mtd_a-ncp_base.o)
                0x000000000000b814                ot::NcpBase::GetPropertyHandler_IP_CNTR(unsigned char, spinel_prop_key_t)
 .text._ZN2ot7NcpBase38GetPropertyHandler_DEBUG_NCP_LOG_LEVELEh17spinel_prop_key_t
                0x000000000000b920       0x6a ../../../src/ncp/libopenthread-ncp-mtd.a(libopenthread_ncp_mtd_a-ncp_base.o)
                0x000000000000b920                ot::NcpBase::GetPropertyHandler_DEBUG_NCP_LOG_LEVEL(unsigned char, spinel_prop_key_t)
 .text._ZN2ot7NcpBase30GetPropertyHandler_THREAD_MODEEh17spinel_prop_key_t
                0x000000000000b98a       0x9c ../../../src/ncp/libopenthread-ncp-mtd.a(libopenthread_ncp_mtd_a-ncp_base.o)
                0x000000000000b98a                ot::NcpBase::GetPropertyHandler_THREAD_MODE(unsigned char, spinel_prop_key_t)
 .text._ZN2ot7NcpBase39GetPropertyHandler_THREAD_CHILD_TIMEOUTEh17spinel_prop_key_t
                0x000000000000ba26       0x54 ../../../src/ncp/libopenthread-ncp-mtd.a(libopenthread_ncp_mtd_a-ncp_base.o)
                0x000000000000ba26                ot::NcpBase::GetPropertyHandler_THREAD_CHILD_TIMEOUT(unsigned char, spinel_prop_key_t)
 .text._ZN2ot7NcpBase32GetPropertyHandler_THREAD_RLOC16Eh17spinel_prop_key_t
                0x000000000000ba7a       0x50 ../../../src/ncp/libopenthread-ncp-mtd.a(libopenthread_ncp_mtd_a-ncp_base.o)
                0x000000000000ba7a                ot::NcpBase::GetPropertyHandler_THREAD_RLOC16(unsigned char, spinel_prop_key_t)
 .text._ZN2ot7NcpBase44GetPropertyHandler_NET_REQUIRE_JOIN_EXISTINGEh17spinel_prop_key_t
                0x000000000000baca       0x3a ../../../src/ncp/libopenthread-ncp-mtd.a(libopenthread_ncp_mtd_a-ncp_base.o)
                0x000000000000baca                ot::NcpBase::GetPropertyHandler_NET_REQUIRE_JOIN_EXISTING(unsigned char, spinel_prop_key_t)
 .text._ZN2ot7NcpBase31GetPropertyHandler_IPV6_ML_ADDREh17spinel_prop_key_t
                0x000000000000bb04       0x7e ../../../src/ncp/libopenthread-ncp-mtd.a(libopenthread_ncp_mtd_a-ncp_base.o)
                0x000000000000bb04                ot::NcpBase::GetPropertyHandler_IPV6_ML_ADDR(unsigned char, spinel_prop_key_t)
 .text._ZN2ot7NcpBase31GetPropertyHandler_IPV6_LL_ADDREh17spinel_prop_key_t
                0x000000000000bb82       0x7e ../../../src/ncp/libopenthread-ncp-mtd.a(libopenthread_ncp_mtd_a-ncp_base.o)
                0x000000000000bb82                ot::NcpBase::GetPropertyHandler_IPV6_LL_ADDR(unsigned char, spinel_prop_key_t)
 .text._ZN2ot7NcpBase18SendPropertyUpdateEhh17spinel_prop_key_tPKht
                0x000000000000bc00       0x78 ../../../src/ncp/libopenthread-ncp-mtd.a(libopenthread_ncp_mtd_a-ncp_base.o)
                0x000000000000bc00                ot::NcpBase::SendPropertyUpdate(unsigned char, unsigned char, spinel_prop_key_t, unsigned char const*, unsigned short)
 .text._ZN2ot7NcpBase48SetPropertyHandler_MAC_SRC_MATCH_SHORT_ADDRESSESEh17spinel_prop_key_tPKht
                0x000000000000bc78       0xf6 ../../../src/ncp/libopenthread-ncp-mtd.a(libopenthread_ncp_mtd_a-ncp_base.o)
                0x000000000000bc78                ot::NcpBase::SetPropertyHandler_MAC_SRC_MATCH_SHORT_ADDRESSES(unsigned char, spinel_prop_key_t, unsigned char const*, unsigned short)
 .text._ZN2ot7NcpBase51SetPropertyHandler_MAC_SRC_MATCH_EXTENDED_ADDRESSESEh17spinel_prop_key_tPKht
                0x000000000000bd6e       0xf8 ../../../src/ncp/libopenthread-ncp-mtd.a(libopenthread_ncp_mtd_a-ncp_base.o)
                0x000000000000bd6e                ot::NcpBase::SetPropertyHandler_MAC_SRC_MATCH_EXTENDED_ADDRESSES(unsigned char, spinel_prop_key_t, unsigned char const*, unsigned short)
 .text._ZN2ot7NcpBase41InsertPropertyHandler_UNSOL_UPDATE_FILTEREh17spinel_prop_key_tPKht
                0x000000000000be66       0xd0 ../../../src/ncp/libopenthread-ncp-mtd.a(libopenthread_ncp_mtd_a-ncp_base.o)
                0x000000000000be66                ot::NcpBase::InsertPropertyHandler_UNSOL_UPDATE_FILTER(unsigned char, spinel_prop_key_t, unsigned char const*, unsigned short)
 .text._ZN2ot7NcpBase51InsertPropertyHandler_MAC_SRC_MATCH_SHORT_ADDRESSESEh17spinel_prop_key_tPKht
                0x000000000000bf36       0xbe ../../../src/ncp/libopenthread-ncp-mtd.a(libopenthread_ncp_mtd_a-ncp_base.o)
                0x000000000000bf36                ot::NcpBase::InsertPropertyHandler_MAC_SRC_MATCH_SHORT_ADDRESSES(unsigned char, spinel_prop_key_t, unsigned char const*, unsigned short)
 .text._ZN2ot7NcpBase54InsertPropertyHandler_MAC_SRC_MATCH_EXTENDED_ADDRESSESEh17spinel_prop_key_tPKht
                0x000000000000bff4       0xc4 ../../../src/ncp/libopenthread-ncp-mtd.a(libopenthread_ncp_mtd_a-ncp_base.o)
                0x000000000000bff4                ot::NcpBase::InsertPropertyHandler_MAC_SRC_MATCH_EXTENDED_ADDRESSES(unsigned char, spinel_prop_key_t, unsigned char const*, unsigned short)
 .text._ZN2ot7NcpBase40InsertPropertyHandler_IPV6_ADDRESS_TABLEEh17spinel_prop_key_tPKht
                0x000000000000c0b8      0x138 ../../../src/ncp/libopenthread-ncp-mtd.a(libopenthread_ncp_mtd_a-ncp_base.o)
                0x000000000000c0b8                ot::NcpBase::InsertPropertyHandler_IPV6_ADDRESS_TABLE(unsigned char, spinel_prop_key_t, unsigned char const*, unsigned short)
 .text._ZN2ot7NcpBase50InsertPropertyHandler_IPV6_MULTICAST_ADDRESS_TABLEEh17spinel_prop_key_tPKht
                0x000000000000c1f0       0xbe ../../../src/ncp/libopenthread-ncp-mtd.a(libopenthread_ncp_mtd_a-ncp_base.o)
                0x000000000000c1f0                ot::NcpBase::InsertPropertyHandler_IPV6_MULTICAST_ADDRESS_TABLE(unsigned char, spinel_prop_key_t, unsigned char const*, unsigned short)
 .text._ZN2ot7NcpBase44InsertPropertyHandler_THREAD_ASSISTING_PORTSEh17spinel_prop_key_tPKht
                0x000000000000c2ae       0xbe ../../../src/ncp/libopenthread-ncp-mtd.a(libopenthread_ncp_mtd_a-ncp_base.o)
                0x000000000000c2ae                ot::NcpBase::InsertPropertyHandler_THREAD_ASSISTING_PORTS(unsigned char, spinel_prop_key_t, unsigned char const*, unsigned short)
 .text._ZN2ot7NcpBase41RemovePropertyHandler_UNSOL_UPDATE_FILTEREh17spinel_prop_key_tPKht
                0x000000000000c36c       0xce ../../../src/ncp/libopenthread-ncp-mtd.a(libopenthread_ncp_mtd_a-ncp_base.o)
                0x000000000000c36c                ot::NcpBase::RemovePropertyHandler_UNSOL_UPDATE_FILTER(unsigned char, spinel_prop_key_t, unsigned char const*, unsigned short)
 .text._ZN2ot7NcpBase51RemovePropertyHandler_MAC_SRC_MATCH_SHORT_ADDRESSESEh17spinel_prop_key_tPKht
                0x000000000000c43a       0xbc ../../../src/ncp/libopenthread-ncp-mtd.a(libopenthread_ncp_mtd_a-ncp_base.o)
                0x000000000000c43a                ot::NcpBase::RemovePropertyHandler_MAC_SRC_MATCH_SHORT_ADDRESSES(unsigned char, spinel_prop_key_t, unsigned char const*, unsigned short)
 .text._ZN2ot7NcpBase54RemovePropertyHandler_MAC_SRC_MATCH_EXTENDED_ADDRESSESEh17spinel_prop_key_tPKht
                0x000000000000c4f6       0xbc ../../../src/ncp/libopenthread-ncp-mtd.a(libopenthread_ncp_mtd_a-ncp_base.o)
                0x000000000000c4f6                ot::NcpBase::RemovePropertyHandler_MAC_SRC_MATCH_EXTENDED_ADDRESSES(unsigned char, spinel_prop_key_t, unsigned char const*, unsigned short)
 .text._ZN2ot7NcpBase40RemovePropertyHandler_IPV6_ADDRESS_TABLEEh17spinel_prop_key_tPKht
                0x000000000000c5b2       0xbc ../../../src/ncp/libopenthread-ncp-mtd.a(libopenthread_ncp_mtd_a-ncp_base.o)
                0x000000000000c5b2                ot::NcpBase::RemovePropertyHandler_IPV6_ADDRESS_TABLE(unsigned char, spinel_prop_key_t, unsigned char const*, unsigned short)
 .text._ZN2ot7NcpBase50RemovePropertyHandler_IPV6_MULTICAST_ADDRESS_TABLEEh17spinel_prop_key_tPKht
                0x000000000000c66e       0xbc ../../../src/ncp/libopenthread-ncp-mtd.a(libopenthread_ncp_mtd_a-ncp_base.o)
                0x000000000000c66e                ot::NcpBase::RemovePropertyHandler_IPV6_MULTICAST_ADDRESS_TABLE(unsigned char, spinel_prop_key_t, unsigned char const*, unsigned short)
 .text._ZN2ot7NcpBase44RemovePropertyHandler_THREAD_ASSISTING_PORTSEh17spinel_prop_key_tPKht
                0x000000000000c72a       0xbc ../../../src/ncp/libopenthread-ncp-mtd.a(libopenthread_ncp_mtd_a-ncp_base.o)
                0x000000000000c72a                ot::NcpBase::RemovePropertyHandler_THREAD_ASSISTING_PORTS(unsigned char, spinel_prop_key_t, unsigned char const*, unsigned short)
 .text._ZN2ot7NcpBase23GetPropertyHandler_CAPSEh17spinel_prop_key_t
                0x000000000000c7e6      0x15a ../../../src/ncp/libopenthread-ncp-mtd.a(libopenthread_ncp_mtd_a-ncp_base.o)
                0x000000000000c7e6                ot::NcpBase::GetPropertyHandler_CAPS(unsigned char, spinel_prop_key_t)
 .text._ZN2ot7NcpBase38GetPropertyHandler_UNSOL_UPDATE_FILTEREh17spinel_prop_key_t
                0x000000000000c940       0xc0 ../../../src/ncp/libopenthread-ncp-mtd.a(libopenthread_ncp_mtd_a-ncp_base.o)
                0x000000000000c940                ot::NcpBase::GetPropertyHandler_UNSOL_UPDATE_FILTER(unsigned char, spinel_prop_key_t)
 .text._ZN2ot7NcpBase36GetPropertyHandler_UNSOL_UPDATE_LISTEh17spinel_prop_key_t
                0x000000000000ca00       0xb6 ../../../src/ncp/libopenthread-ncp-mtd.a(libopenthread_ncp_mtd_a-ncp_base.o)
                0x000000000000ca00                ot::NcpBase::GetPropertyHandler_UNSOL_UPDATE_LIST(unsigned char, spinel_prop_key_t)
 .text._ZN2ot7NcpBase45GetPropertyHandler_THREAD_LEADER_NETWORK_DATAEh17spinel_prop_key_t
                0x000000000000cab6       0x9c ../../../src/ncp/libopenthread-ncp-mtd.a(libopenthread_ncp_mtd_a-ncp_base.o)
                0x000000000000cab6                ot::NcpBase::GetPropertyHandler_THREAD_LEADER_NETWORK_DATA(unsigned char, spinel_prop_key_t)
 .text._ZN2ot7NcpBase52GetPropertyHandler_THREAD_STABLE_LEADER_NETWORK_DATAEh17spinel_prop_key_t
                0x000000000000cb52       0x9c ../../../src/ncp/libopenthread-ncp-mtd.a(libopenthread_ncp_mtd_a-ncp_base.o)
                0x000000000000cb52                ot::NcpBase::GetPropertyHandler_THREAD_STABLE_LEADER_NETWORK_DATA(unsigned char, spinel_prop_key_t)
 .text._ZN2ot7NcpBase40GetPropertyHandler_THREAD_NEIGHBOR_TABLEEh17spinel_prop_key_t
                0x000000000000cbee      0x144 ../../../src/ncp/libopenthread-ncp-mtd.a(libopenthread_ncp_mtd_a-ncp_base.o)
                0x000000000000cbee                ot::NcpBase::GetPropertyHandler_THREAD_NEIGHBOR_TABLE(unsigned char, spinel_prop_key_t)
 .text._ZN2ot7NcpBase41GetPropertyHandler_THREAD_ASSISTING_PORTSEh17spinel_prop_key_t
                0x000000000000cd32       0xa6 ../../../src/ncp/libopenthread-ncp-mtd.a(libopenthread_ncp_mtd_a-ncp_base.o)
                0x000000000000cd32                ot::NcpBase::GetPropertyHandler_THREAD_ASSISTING_PORTS(unsigned char, spinel_prop_key_t)
 .text._ZN2ot7NcpBase38GetPropertyHandler_THREAD_ON_MESH_NETSEh17spinel_prop_key_t
                0x000000000000cdd8      0x128 ../../../src/ncp/libopenthread-ncp-mtd.a(libopenthread_ncp_mtd_a-ncp_base.o)
                0x000000000000cdd8                ot::NcpBase::GetPropertyHandler_THREAD_ON_MESH_NETS(unsigned char, spinel_prop_key_t)
 .text._ZN2ot7NcpBase37GetPropertyHandler_IPV6_ADDRESS_TABLEEh17spinel_prop_key_t
                0x000000000000cf00       0xee ../../../src/ncp/libopenthread-ncp-mtd.a(libopenthread_ncp_mtd_a-ncp_base.o)
                0x000000000000cf00                ot::NcpBase::GetPropertyHandler_IPV6_ADDRESS_TABLE(unsigned char, spinel_prop_key_t)
 .text._ZN2ot7NcpBase47GetPropertyHandler_IPV6_MULTICAST_ADDRESS_TABLEEh17spinel_prop_key_t
                0x000000000000cfee       0xa2 ../../../src/ncp/libopenthread-ncp-mtd.a(libopenthread_ncp_mtd_a-ncp_base.o)
                0x000000000000cfee                ot::NcpBase::GetPropertyHandler_IPV6_MULTICAST_ADDRESS_TABLE(unsigned char, spinel_prop_key_t)
 .text._ZN2ot7NcpBase41GetPropertyHandler_THREAD_OFF_MESH_ROUTESEh17spinel_prop_key_t
                0x000000000000d090       0xf0 ../../../src/ncp/libopenthread-ncp-mtd.a(libopenthread_ncp_mtd_a-ncp_base.o)
                0x000000000000d090                ot::NcpBase::GetPropertyHandler_THREAD_OFF_MESH_ROUTES(unsigned char, spinel_prop_key_t)
 .text._ZN2ot7NcpBase38GetPropertyHandler_MSG_BUFFER_COUNTERSEh17spinel_prop_key_t
                0x000000000000d180       0xea ../../../src/ncp/libopenthread-ncp-mtd.a(libopenthread_ncp_mtd_a-ncp_base.o)
                0x000000000000d180                ot::NcpBase::GetPropertyHandler_MSG_BUFFER_COUNTERS(unsigned char, spinel_prop_key_t)
 .text._ZN2ot7NcpBase36GetPropertyHandler_ChannelMaskHelperEh17spinel_prop_key_tm
                0x000000000000d26a       0xb4 ../../../src/ncp/libopenthread-ncp-mtd.a(libopenthread_ncp_mtd_a-ncp_base.o)
                0x000000000000d26a                ot::NcpBase::GetPropertyHandler_ChannelMaskHelper(unsigned char, spinel_prop_key_t, unsigned long)
 .text._ZN2ot7NcpBase37GetPropertyHandler_PHY_CHAN_SUPPORTEDEh17spinel_prop_key_t
                0x000000000000d31e       0x2e ../../../src/ncp/libopenthread-ncp-mtd.a(libopenthread_ncp_mtd_a-ncp_base.o)
                0x000000000000d31e                ot::NcpBase::GetPropertyHandler_PHY_CHAN_SUPPORTED(unsigned char, spinel_prop_key_t)
 .text._ZN2ot7NcpBase32GetPropertyHandler_MAC_SCAN_MASKEh17spinel_prop_key_t
                0x000000000000d34c       0x2e ../../../src/ncp/libopenthread-ncp-mtd.a(libopenthread_ncp_mtd_a-ncp_base.o)
                0x000000000000d34c                ot::NcpBase::GetPropertyHandler_MAC_SCAN_MASK(unsigned char, spinel_prop_key_t)
 .text._ZN2ot7NcpBase23SendSetPropertyResponseEh17spinel_prop_key_t7otError
                0x000000000000d37a       0x5e ../../../src/ncp/libopenthread-ncp-mtd.a(libopenthread_ncp_mtd_a-ncp_base.o)
                0x000000000000d37a                ot::NcpBase::SendSetPropertyResponse(unsigned char, spinel_prop_key_t, otError)
 .text._ZN2ot7NcpBase38SetPropertyHandler_UNSOL_UPDATE_FILTEREh17spinel_prop_key_tPKht
                0x000000000000d3d8       0xd6 ../../../src/ncp/libopenthread-ncp-mtd.a(libopenthread_ncp_mtd_a-ncp_base.o)
                0x000000000000d3d8                ot::NcpBase::SetPropertyHandler_UNSOL_UPDATE_FILTER(unsigned char, spinel_prop_key_t, unsigned char const*, unsigned short)
 .text._ZN2ot7NcpBase30SetPropertyHandler_PHY_ENABLEDEh17spinel_prop_key_tPKht
                0x000000000000d4ae       0xa4 ../../../src/ncp/libopenthread-ncp-mtd.a(libopenthread_ncp_mtd_a-ncp_base.o)
                0x000000000000d4ae                ot::NcpBase::SetPropertyHandler_PHY_ENABLED(unsigned char, spinel_prop_key_t, unsigned char const*, unsigned short)
 .text._ZN2ot7NcpBase31SetPropertyHandler_PHY_TX_POWEREh17spinel_prop_key_tPKht
                0x000000000000d552       0x72 ../../../src/ncp/libopenthread-ncp-mtd.a(libopenthread_ncp_mtd_a-ncp_base.o)
                0x000000000000d552                ot::NcpBase::SetPropertyHandler_PHY_TX_POWER(unsigned char, spinel_prop_key_t, unsigned char const*, unsigned short)
 .text._ZN2ot7NcpBase27SetPropertyHandler_PHY_CHANEh17spinel_prop_key_tPKht
                0x000000000000d5c4       0xa0 ../../../src/ncp/libopenthread-ncp-mtd.a(libopenthread_ncp_mtd_a-ncp_base.o)
                0x000000000000d5c4                ot::NcpBase::SetPropertyHandler_PHY_CHAN(unsigned char, spinel_prop_key_t, unsigned char const*, unsigned short)
 .text._ZN2ot7NcpBase39SetPropertyHandler_MAC_PROMISCUOUS_MODEEh17spinel_prop_key_tPKht
                0x000000000000d664       0x86 ../../../src/ncp/libopenthread-ncp-mtd.a(libopenthread_ncp_mtd_a-ncp_base.o)
                0x000000000000d664                ot::NcpBase::SetPropertyHandler_MAC_PROMISCUOUS_MODE(unsigned char, spinel_prop_key_t, unsigned char const*, unsigned short)
 .text._ZN2ot7NcpBase32SetPropertyHandler_MAC_SCAN_MASKEh17spinel_prop_key_tPKht
                0x000000000000d6ea       0xa2 ../../../src/ncp/libopenthread-ncp-mtd.a(libopenthread_ncp_mtd_a-ncp_base.o)
                0x000000000000d6ea                ot::NcpBase::SetPropertyHandler_MAC_SCAN_MASK(unsigned char, spinel_prop_key_t, unsigned char const*, unsigned short)
 .text._ZN2ot7NcpBase34SetPropertyHandler_MAC_SCAN_PERIODEh17spinel_prop_key_tPKht
                0x000000000000d78c       0x6e ../../../src/ncp/libopenthread-ncp-mtd.a(libopenthread_ncp_mtd_a-ncp_base.o)
                0x000000000000d78c                ot::NcpBase::SetPropertyHandler_MAC_SCAN_PERIOD(unsigned char, spinel_prop_key_t, unsigned char const*, unsigned short)
 .text._ZN2ot7NcpBase44SetPropertyHandler_NET_REQUIRE_JOIN_EXISTINGEh17spinel_prop_key_tPKht
                0x000000000000d7fa       0x70 ../../../src/ncp/libopenthread-ncp-mtd.a(libopenthread_ncp_mtd_a-ncp_base.o)
                0x000000000000d7fa                ot::NcpBase::SetPropertyHandler_NET_REQUIRE_JOIN_EXISTING(unsigned char, spinel_prop_key_t, unsigned char const*, unsigned short)
 .text._ZN2ot7NcpBase33SetPropertyHandler_MAC_SCAN_STATEEh17spinel_prop_key_tPKht
                0x000000000000d86a      0x174 ../../../src/ncp/libopenthread-ncp-mtd.a(libopenthread_ncp_mtd_a-ncp_base.o)
                0x000000000000d86a                ot::NcpBase::SetPropertyHandler_MAC_SCAN_STATE(unsigned char, spinel_prop_key_t, unsigned char const*, unsigned short)
 .text._ZN2ot7NcpBase33SetPropertyHandler_MAC_15_4_PANIDEh17spinel_prop_key_tPKht
                0x000000000000d9de       0x6c ../../../src/ncp/libopenthread-ncp-mtd.a(libopenthread_ncp_mtd_a-ncp_base.o)
                0x000000000000d9de                ot::NcpBase::SetPropertyHandler_MAC_15_4_PANID(unsigned char, spinel_prop_key_t, unsigned char const*, unsigned short)
 .text._ZN2ot7NcpBase33SetPropertyHandler_MAC_15_4_LADDREh17spinel_prop_key_tPKht
                0x000000000000da4a       0x6c ../../../src/ncp/libopenthread-ncp-mtd.a(libopenthread_ncp_mtd_a-ncp_base.o)
                0x000000000000da4a                ot::NcpBase::SetPropertyHandler_MAC_15_4_LADDR(unsigned char, spinel_prop_key_t, unsigned char const*, unsigned short)
 .text._ZN2ot7NcpBase39SetPropertyHandler_MAC_DATA_POLL_PERIODEh17spinel_prop_key_tPKht
                0x000000000000dab6       0x70 ../../../src/ncp/libopenthread-ncp-mtd.a(libopenthread_ncp_mtd_a-ncp_base.o)
                0x000000000000dab6                ot::NcpBase::SetPropertyHandler_MAC_DATA_POLL_PERIOD(unsigned char, spinel_prop_key_t, unsigned char const*, unsigned short)
 .text._ZN2ot7NcpBase41SetPropertyHandler_MAC_RAW_STREAM_ENABLEDEh17spinel_prop_key_tPKht
                0x000000000000db26       0x98 ../../../src/ncp/libopenthread-ncp-mtd.a(libopenthread_ncp_mtd_a-ncp_base.o)
                0x000000000000db26                ot::NcpBase::SetPropertyHandler_MAC_RAW_STREAM_ENABLED(unsigned char, spinel_prop_key_t, unsigned char const*, unsigned short)
 .text._ZN2ot7NcpBase33SetPropertyHandler_MAC_15_4_SADDREh17spinel_prop_key_tPKht
                0x000000000000dbbe       0x6c ../../../src/ncp/libopenthread-ncp-mtd.a(libopenthread_ncp_mtd_a-ncp_base.o)
                0x000000000000dbbe                ot::NcpBase::SetPropertyHandler_MAC_15_4_SADDR(unsigned char, spinel_prop_key_t, unsigned char const*, unsigned short)
 .text._ZN2ot7NcpBase28SetPropertyHandler_NET_IF_UPEh17spinel_prop_key_tPKht
                0x000000000000dc2a       0x72 ../../../src/ncp/libopenthread-ncp-mtd.a(libopenthread_ncp_mtd_a-ncp_base.o)
                0x000000000000dc2a                ot::NcpBase::SetPropertyHandler_NET_IF_UP(unsigned char, spinel_prop_key_t, unsigned char const*, unsigned short)
 .text._ZN2ot7NcpBase31SetPropertyHandler_NET_STACK_UPEh17spinel_prop_key_tPKht
                0x000000000000dc9c       0xa2 ../../../src/ncp/libopenthread-ncp-mtd.a(libopenthread_ncp_mtd_a-ncp_base.o)
                0x000000000000dc9c                ot::NcpBase::SetPropertyHandler_NET_STACK_UP(unsigned char, spinel_prop_key_t, unsigned char const*, unsigned short)
 .text._ZN2ot7NcpBase27SetPropertyHandler_NET_ROLEEh17spinel_prop_key_tPKht
                0x000000000000dd3e       0x88 ../../../src/ncp/libopenthread-ncp-mtd.a(libopenthread_ncp_mtd_a-ncp_base.o)
                0x000000000000dd3e                ot::NcpBase::SetPropertyHandler_NET_ROLE(unsigned char, spinel_prop_key_t, unsigned char const*, unsigned short)
 .text._ZN2ot7NcpBase35SetPropertyHandler_NET_NETWORK_NAMEEh17spinel_prop_key_tPKht
                0x000000000000ddc6       0x78 ../../../src/ncp/libopenthread-ncp-mtd.a(libopenthread_ncp_mtd_a-ncp_base.o)
                0x000000000000ddc6                ot::NcpBase::SetPropertyHandler_NET_NETWORK_NAME(unsigned char, spinel_prop_key_t, unsigned char const*, unsigned short)
 .text._ZN2ot7NcpBase29SetPropertyHandler_NET_XPANIDEh17spinel_prop_key_tPKht
                0x000000000000de3e       0x84 ../../../src/ncp/libopenthread-ncp-mtd.a(libopenthread_ncp_mtd_a-ncp_base.o)
                0x000000000000de3e                ot::NcpBase::SetPropertyHandler_NET_XPANID(unsigned char, spinel_prop_key_t, unsigned char const*, unsigned short)
 .text._ZN2ot7NcpBase33SetPropertyHandler_NET_MASTER_KEYEh17spinel_prop_key_tPKht
                0x000000000000dec2       0x86 ../../../src/ncp/libopenthread-ncp-mtd.a(libopenthread_ncp_mtd_a-ncp_base.o)
                0x000000000000dec2                ot::NcpBase::SetPropertyHandler_NET_MASTER_KEY(unsigned char, spinel_prop_key_t, unsigned char const*, unsigned short)
 .text._ZN2ot7NcpBase43SetPropertyHandler_NET_KEY_SEQUENCE_COUNTEREh17spinel_prop_key_tPKht
                0x000000000000df48       0x70 ../../../src/ncp/libopenthread-ncp-mtd.a(libopenthread_ncp_mtd_a-ncp_base.o)
                0x000000000000df48                ot::NcpBase::SetPropertyHandler_NET_KEY_SEQUENCE_COUNTER(unsigned char, spinel_prop_key_t, unsigned char const*, unsigned short)
 .text._ZN2ot7NcpBase43SetPropertyHandler_NET_KEY_SWITCH_GUARDTIMEEh17spinel_prop_key_tPKht
                0x000000000000dfb8       0x70 ../../../src/ncp/libopenthread-ncp-mtd.a(libopenthread_ncp_mtd_a-ncp_base.o)
                0x000000000000dfb8                ot::NcpBase::SetPropertyHandler_NET_KEY_SWITCH_GUARDTIME(unsigned char, spinel_prop_key_t, unsigned char const*, unsigned short)
 .text._ZN2ot7NcpBase33SetPropertyHandler_IPV6_ML_PREFIXEh17spinel_prop_key_tPKht
                0x000000000000e028       0x54 ../../../src/ncp/libopenthread-ncp-mtd.a(libopenthread_ncp_mtd_a-ncp_base.o)
                0x000000000000e028                ot::NcpBase::SetPropertyHandler_IPV6_ML_PREFIX(unsigned char, spinel_prop_key_t, unsigned char const*, unsigned short)
 .text._ZN2ot7NcpBase41SetPropertyHandler_IPV6_ICMP_PING_OFFLOADEh17spinel_prop_key_tPKht
                0x000000000000e07c       0x72 ../../../src/ncp/libopenthread-ncp-mtd.a(libopenthread_ncp_mtd_a-ncp_base.o)
                0x000000000000e07c                ot::NcpBase::SetPropertyHandler_IPV6_ICMP_PING_OFFLOAD(unsigned char, spinel_prop_key_t, unsigned char const*, unsigned short)
 .text._ZN2ot7NcpBase47SetPropertyHandler_THREAD_RLOC16_DEBUG_PASSTHRUEh17spinel_prop_key_tPKht
                0x000000000000e0ee       0x74 ../../../src/ncp/libopenthread-ncp-mtd.a(libopenthread_ncp_mtd_a-ncp_base.o)
                0x000000000000e0ee                ot::NcpBase::SetPropertyHandler_THREAD_RLOC16_DEBUG_PASSTHRU(unsigned char, spinel_prop_key_t, unsigned char const*, unsigned short)
 .text._ZN2ot7NcpBase52SetPropertyHandler_THREAD_DISCOVERY_SCAN_JOINER_FLAGEh17spinel_prop_key_tPKht
                0x000000000000e162       0x6e ../../../src/ncp/libopenthread-ncp-mtd.a(libopenthread_ncp_mtd_a-ncp_base.o)
                0x000000000000e162                ot::NcpBase::SetPropertyHandler_THREAD_DISCOVERY_SCAN_JOINER_FLAG(unsigned char, spinel_prop_key_t, unsigned char const*, unsigned short)
 .text._ZN2ot7NcpBase57SetPropertyHandler_THREAD_DISCOVERY_SCAN_ENABLE_FILTERINGEh17spinel_prop_key_tPKht
                0x000000000000e1d0       0x6e ../../../src/ncp/libopenthread-ncp-mtd.a(libopenthread_ncp_mtd_a-ncp_base.o)
                0x000000000000e1d0                ot::NcpBase::SetPropertyHandler_THREAD_DISCOVERY_SCAN_ENABLE_FILTERING(unsigned char, spinel_prop_key_t, unsigned char const*, unsigned short)
 .text._ZN2ot7NcpBase46SetPropertyHandler_THREAD_DISCOVERY_SCAN_PANIDEh17spinel_prop_key_tPKht
                0x000000000000e23e       0x68 ../../../src/ncp/libopenthread-ncp-mtd.a(libopenthread_ncp_mtd_a-ncp_base.o)
                0x000000000000e23e                ot::NcpBase::SetPropertyHandler_THREAD_DISCOVERY_SCAN_PANID(unsigned char, spinel_prop_key_t, unsigned char const*, unsigned short)
 .text._ZN2ot7NcpBase41SetPropertyHandler_THREAD_ASSISTING_PORTSEh17spinel_prop_key_tPKht
                0x000000000000e2a6      0x108 ../../../src/ncp/libopenthread-ncp-mtd.a(libopenthread_ncp_mtd_a-ncp_base.o)
                0x000000000000e2a6                ot::NcpBase::SetPropertyHandler_THREAD_ASSISTING_PORTS(unsigned char, spinel_prop_key_t, unsigned char const*, unsigned short)
 .text._ZN2ot7NcpBase40SetPropertyHandler_MAC_SRC_MATCH_ENABLEDEh17spinel_prop_key_tPKht
                0x000000000000e3ae       0x6e ../../../src/ncp/libopenthread-ncp-mtd.a(libopenthread_ncp_mtd_a-ncp_base.o)
                0x000000000000e3ae                ot::NcpBase::SetPropertyHandler_MAC_SRC_MATCH_ENABLED(unsigned char, spinel_prop_key_t, unsigned char const*, unsigned short)
 .text._ZN2ot7NcpBase30SetPropertyHandler_THREAD_MODEEh17spinel_prop_key_tPKht
                0x000000000000e41c       0xa6 ../../../src/ncp/libopenthread-ncp-mtd.a(libopenthread_ncp_mtd_a-ncp_base.o)
                0x000000000000e41c                ot::NcpBase::SetPropertyHandler_THREAD_MODE(unsigned char, spinel_prop_key_t, unsigned char const*, unsigned short)
 .text._ZN2ot7NcpBase38SetPropertyHandler_DEBUG_NCP_LOG_LEVELEh17spinel_prop_key_tPKht
                0x000000000000e4c2       0xb6 ../../../src/ncp/libopenthread-ncp-mtd.a(libopenthread_ncp_mtd_a-ncp_base.o)
                0x000000000000e4c2                ot::NcpBase::SetPropertyHandler_DEBUG_NCP_LOG_LEVEL(unsigned char, spinel_prop_key_t, unsigned char const*, unsigned short)
 .text._ZN2ot7NcpBase11StreamWriteEiPKhi
                0x000000000000e578       0x92 ../../../src/ncp/libopenthread-ncp-mtd.a(libopenthread_ncp_mtd_a-ncp_base.o)
                0x000000000000e578                ot::NcpBase::StreamWrite(int, unsigned char const*, int)
 .text.otNcpStreamWrite
                0x000000000000e60a       0x24 ../../../src/ncp/libopenthread-ncp-mtd.a(libopenthread_ncp_mtd_a-ncp_base.o)
                0x000000000000e60a                otNcpStreamWrite
 .text._ZN2ot14NcpFrameBuffer5ClearEv
                0x000000000000e62e      0x112 ../../../src/ncp/libopenthread-ncp-mtd.a(libopenthread_ncp_mtd_a-ncp_buffer.o)
                0x000000000000e62e                ot::NcpFrameBuffer::Clear()
 .text._ZN2ot14NcpFrameBufferC2EPht
                0x000000000000e740       0x58 ../../../src/ncp/libopenthread-ncp-mtd.a(libopenthread_ncp_mtd_a-ncp_buffer.o)
                0x000000000000e740                ot::NcpFrameBuffer::NcpFrameBuffer(unsigned char*, unsigned short)
                0x000000000000e740                ot::NcpFrameBuffer::NcpFrameBuffer(unsigned char*, unsigned short)
 .text._ZN2ot14NcpFrameBuffer21SetFrameAddedCallbackEPFvPvPKvNS0_8PriorityEPS0_ES1_
                0x000000000000e798        0xa ../../../src/ncp/libopenthread-ncp-mtd.a(libopenthread_ncp_mtd_a-ncp_buffer.o)
                0x000000000000e798                ot::NcpFrameBuffer::SetFrameAddedCallback(void (*)(void*, void const*, ot::NcpFrameBuffer::Priority, ot::NcpFrameBuffer*), void*)
 .text._ZN2ot14NcpFrameBuffer23SetFrameRemovedCallbackEPFvPvPKvNS0_8PriorityEPS0_ES1_
                0x000000000000e7a2        0xa ../../../src/ncp/libopenthread-ncp-mtd.a(libopenthread_ncp_mtd_a-ncp_buffer.o)
                0x000000000000e7a2                ot::NcpFrameBuffer::SetFrameRemovedCallback(void (*)(void*, void const*, ot::NcpFrameBuffer::Priority, ot::NcpFrameBuffer*), void*)
 .text._ZNK2ot14NcpFrameBuffer16GetUpdatedBufPtrEPhtNS0_9DirectionE
                0x000000000000e7ac       0x7a ../../../src/ncp/libopenthread-ncp-mtd.a(libopenthread_ncp_mtd_a-ncp_buffer.o)
                0x000000000000e7ac                ot::NcpFrameBuffer::GetUpdatedBufPtr(unsigned char*, unsigned short, ot::NcpFrameBuffer::Direction) const
 .text._ZNK2ot14NcpFrameBuffer11GetDistanceEPhS1_NS0_9DirectionE
                0x000000000000e826       0x92 ../../../src/ncp/libopenthread-ncp-mtd.a(libopenthread_ncp_mtd_a-ncp_buffer.o)
                0x000000000000e826                ot::NcpFrameBuffer::GetDistance(unsigned char*, unsigned char*, ot::NcpFrameBuffer::Direction) const
 .text._ZN2ot14NcpFrameBuffer13WriteUint16AtEPhtNS0_9DirectionE
                0x000000000000e8b8       0x3a ../../../src/ncp/libopenthread-ncp-mtd.a(libopenthread_ncp_mtd_a-ncp_buffer.o)
                0x000000000000e8b8                ot::NcpFrameBuffer::WriteUint16At(unsigned char*, unsigned short, ot::NcpFrameBuffer::Direction)
 .text._ZN2ot14NcpFrameBuffer12ReadUint16AtEPhNS0_9DirectionE
                0x000000000000e8f2       0x36 ../../../src/ncp/libopenthread-ncp-mtd.a(libopenthread_ncp_mtd_a-ncp_buffer.o)
                0x000000000000e8f2                ot::NcpFrameBuffer::ReadUint16At(unsigned char*, ot::NcpFrameBuffer::Direction)
 .text._ZN2ot14NcpFrameBuffer17InFrameEndSegmentEt
                0x000000000000e928       0x9c ../../../src/ncp/libopenthread-ncp-mtd.a(libopenthread_ncp_mtd_a-ncp_buffer.o)
                0x000000000000e928                ot::NcpFrameBuffer::InFrameEndSegment(unsigned short)
 .text._ZN2ot14NcpFrameBuffer10InFrameEndEv
                0x000000000000e9c4      0x128 ../../../src/ncp/libopenthread-ncp-mtd.a(libopenthread_ncp_mtd_a-ncp_buffer.o)
                0x000000000000e9c4                ot::NcpFrameBuffer::InFrameEnd()
 .text._ZNK2ot14NcpFrameBuffer17InFrameGetLastTagEv
                0x000000000000eaec        0x6 ../../../src/ncp/libopenthread-ncp-mtd.a(libopenthread_ncp_mtd_a-ncp_buffer.o)
                0x000000000000eaec                ot::NcpFrameBuffer::InFrameGetLastTag() const
 .text._ZNK2ot14NcpFrameBuffer7IsEmptyEv
                0x000000000000eaf2       0x22 ../../../src/ncp/libopenthread-ncp-mtd.a(libopenthread_ncp_mtd_a-ncp_buffer.o)
                0x000000000000eaf2                ot::NcpFrameBuffer::IsEmpty() const
 .text._ZN2ot14NcpFrameBuffer27OutFrameSelectReadDirectionEv